Component: ARM Compiler 5.06 update 5 (build 528) Tool: armlink [4d35e2]

==============================================================================

Section Cross References

    startup_stm32f10x_md.o(STACK) refers (Special) to heapauxi.o(.text) for __use_two_region_memory
    startup_stm32f10x_md.o(HEAP) refers (Special) to heapauxi.o(.text) for __use_two_region_memory
    startup_stm32f10x_md.o(RESET) refers (Special) to heapauxi.o(.text) for __use_two_region_memory
    startup_stm32f10x_md.o(RESET) refers to startup_stm32f10x_md.o(STACK) for __initial_sp
    startup_stm32f10x_md.o(RESET) refers to startup_stm32f10x_md.o(.text) for Reset_Handler
    startup_stm32f10x_md.o(RESET) refers to stm32f10x_it.o(i.NMI_Handler) for NMI_Handler
    startup_stm32f10x_md.o(RESET) refers to stm32f10x_it.o(i.HardFault_Handler) for HardFault_Handler
    startup_stm32f10x_md.o(RESET) refers to stm32f10x_it.o(i.MemManage_Handler) for MemManage_Handler
    startup_stm32f10x_md.o(RESET) refers to stm32f10x_it.o(i.BusFault_Handler) for BusFault_Handler
    startup_stm32f10x_md.o(RESET) refers to stm32f10x_it.o(i.UsageFault_Handler) for UsageFault_Handler
    startup_stm32f10x_md.o(RESET) refers to stm32f10x_it.o(i.SVC_Handler) for SVC_Handler
    startup_stm32f10x_md.o(RESET) refers to stm32f10x_it.o(i.DebugMon_Handler) for DebugMon_Handler
    startup_stm32f10x_md.o(RESET) refers to stm32f10x_it.o(i.PendSV_Handler) for PendSV_Handler
    startup_stm32f10x_md.o(RESET) refers to stm32f10x_it.o(i.SysTick_Handler) for SysTick_Handler
    startup_stm32f10x_md.o(RESET) refers to main.o(i.TIM2_IRQHandler) for TIM2_IRQHandler
    startup_stm32f10x_md.o(RESET) refers to main.o(i.TIM3_IRQHandler) for TIM3_IRQHandler
    startup_stm32f10x_md.o(RESET) refers to usart.o(i.USART1_IRQHandler) for USART1_IRQHandler
    startup_stm32f10x_md.o(RESET) refers to 780eg.o(i.USART2_IRQHandler) for USART2_IRQHandler
    startup_stm32f10x_md.o(RESET) refers to mq-2.o(i.EXTI15_10_IRQHandler) for EXTI15_10_IRQHandler
    startup_stm32f10x_md.o(.text) refers (Special) to heapauxi.o(.text) for __use_two_region_memory
    startup_stm32f10x_md.o(.text) refers to system_stm32f10x.o(i.SystemInit) for SystemInit
    startup_stm32f10x_md.o(.text) refers to __main.o(!!!main) for __main
    startup_stm32f10x_md.o(.text) refers to startup_stm32f10x_md.o(HEAP) for Heap_Mem
    startup_stm32f10x_md.o(.text) refers to startup_stm32f10x_md.o(STACK) for Stack_Mem
    system_stm32f10x.o(i.SetSysClock) refers to system_stm32f10x.o(i.SetSysClockTo72) for SetSysClockTo72
    system_stm32f10x.o(i.SystemCoreClockUpdate) refers to system_stm32f10x.o(.data) for SystemCoreClock
    system_stm32f10x.o(i.SystemInit) refers to system_stm32f10x.o(i.SetSysClock) for SetSysClock
    stm32f10x_adc.o(i.ADC_DeInit) refers to stm32f10x_rcc.o(i.RCC_APB2PeriphResetCmd) for RCC_APB2PeriphResetCmd
    stm32f10x_bkp.o(i.BKP_DeInit) refers to stm32f10x_rcc.o(i.RCC_BackupResetCmd) for RCC_BackupResetCmd
    stm32f10x_can.o(i.CAN_DeInit) refers to stm32f10x_rcc.o(i.RCC_APB1PeriphResetCmd) for RCC_APB1PeriphResetCmd
    stm32f10x_can.o(i.CAN_GetITStatus) refers to stm32f10x_can.o(i.CheckITStatus) for CheckITStatus
    stm32f10x_cec.o(i.CEC_DeInit) refers to stm32f10x_rcc.o(i.RCC_APB1PeriphResetCmd) for RCC_APB1PeriphResetCmd
    stm32f10x_dac.o(i.DAC_DeInit) refers to stm32f10x_rcc.o(i.RCC_APB1PeriphResetCmd) for RCC_APB1PeriphResetCmd
    stm32f10x_flash.o(i.FLASH_EnableWriteProtection) refers to stm32f10x_flash.o(i.FLASH_WaitForLastOperation) for FLASH_WaitForLastOperation
    stm32f10x_flash.o(i.FLASH_EraseAllBank1Pages) refers to stm32f10x_flash.o(i.FLASH_WaitForLastBank1Operation) for FLASH_WaitForLastBank1Operation
    stm32f10x_flash.o(i.FLASH_EraseAllPages) refers to stm32f10x_flash.o(i.FLASH_WaitForLastOperation) for FLASH_WaitForLastOperation
    stm32f10x_flash.o(i.FLASH_EraseOptionBytes) refers to stm32f10x_flash.o(i.FLASH_GetReadOutProtectionStatus) for FLASH_GetReadOutProtectionStatus
    stm32f10x_flash.o(i.FLASH_EraseOptionBytes) refers to stm32f10x_flash.o(i.FLASH_WaitForLastOperation) for FLASH_WaitForLastOperation
    stm32f10x_flash.o(i.FLASH_ErasePage) refers to stm32f10x_flash.o(i.FLASH_WaitForLastOperation) for FLASH_WaitForLastOperation
    stm32f10x_flash.o(i.FLASH_ProgramHalfWord) refers to stm32f10x_flash.o(i.FLASH_WaitForLastOperation) for FLASH_WaitForLastOperation
    stm32f10x_flash.o(i.FLASH_ProgramOptionByteData) refers to stm32f10x_flash.o(i.FLASH_WaitForLastOperation) for FLASH_WaitForLastOperation
    stm32f10x_flash.o(i.FLASH_ProgramWord) refers to stm32f10x_flash.o(i.FLASH_WaitForLastOperation) for FLASH_WaitForLastOperation
    stm32f10x_flash.o(i.FLASH_ReadOutProtection) refers to stm32f10x_flash.o(i.FLASH_WaitForLastOperation) for FLASH_WaitForLastOperation
    stm32f10x_flash.o(i.FLASH_UserOptionByteConfig) refers to stm32f10x_flash.o(i.FLASH_WaitForLastOperation) for FLASH_WaitForLastOperation
[...]
    TIM1_CC_IRQHandler                       0x0800024f   Thumb Code     0  startup_stm32f10x_md.o(.text)
    TIM1_TRG_COM_IRQHandler                  0x0800024f   Thumb Code     0  startup_stm32f10x_md.o(.text)
    TIM1_UP_IRQHandler                       0x0800024f   Thumb Code     0  startup_stm32f10x_md.o(.text)
    TIM4_IRQHandler                          0x0800024f   Thumb Code     0  startup_stm32f10x_md.o(.text)
    USART3_IRQHandler                        0x0800024f   Thumb Code     0  startup_stm32f10x_md.o(.text)
    USBWakeUp_IRQHandler                     0x0800024f   Thumb Code     0  startup_stm32f10x_md.o(.text)
    USB_HP_CAN1_TX_IRQHandler                0x0800024f   Thumb Code     0  startup_stm32f10x_md.o(.text)
    USB_LP_CAN1_RX0_IRQHandler               0x0800024f   Thumb Code     0  startup_stm32f10x_md.o(.text)
    WWDG_IRQHandler                          0x0800024f   Thumb Code     0  startup_stm32f10x_md.o(.text)
    __user_initial_stackheap                 0x08000251   Thumb Code     0  startup_stm32f10x_md.o(.text)
    __aeabi_ldivmod                          0x08000275   Thumb Code     0  llsdiv.o(.text)
    _ll_sdiv                                 0x08000275   Thumb Code    72  llsdiv.o(.text)
    vsnprintf                                0x080002bd   Thumb Code    48  vsnprintf.o(.text)
    __2sprintf                               0x080002f1   Thumb Code    38  __2sprintf.o(.text)
    _printf_pre_padding                      0x0800031d   Thumb Code    44  _printf_pad.o(.text)
    _printf_post_padding                     0x08000349   Thumb Code    34  _printf_pad.o(.text)
    _printf_str                              0x0800036b   Thumb Code    82  _printf_str.o(.text)
    _printf_int_dec                          0x080003bd   Thumb Code   104  _printf_dec.o(.text)
    __printf                                 0x08000435   Thumb Code   388  __printf_flags_ss_wp.o(.text)
    strstr                                   0x080005bd   Thumb Code    36  strstr.o(.text)
    memcmp                                   0x080005e1   Thumb Code    88  memcmp.o(.text)
    strcpy                                   0x08000639   Thumb Code    72  strcpy.o(.text)
    strlen                                   0x08000681   Thumb Code    62  strlen.o(.text)
    __aeabi_memcpy                           0x080006bf   Thumb Code     0  rt_memcpy_v6.o(.text)
    __rt_memcpy                              0x080006bf   Thumb Code   138  rt_memcpy_v6.o(.text)
    _memcpy_lastbytes                        0x08000725   Thumb Code     0  rt_memcpy_v6.o(.text)
    __aeabi_memset                           0x08000749   Thumb Code    16  aeabi_memset.o(.text)
    __aeabi_memclr                           0x08000759   Thumb Code     0  rt_memclr.o(.text)
    __rt_memclr                              0x08000759   Thumb Code    68  rt_memclr.o(.text)
    _memset                                  0x0800075d   Thumb Code     0  rt_memclr.o(.text)
    __aeabi_memclr4                          0x0800079d   Thumb Code     0  rt_memclr_w.o(.text)
    __aeabi_memclr8                          0x0800079d   Thumb Code     0  rt_memclr_w.o(.text)
    __rt_memclr_w                            0x0800079d   Thumb Code    78  rt_memclr_w.o(.text)
    _memset_w                                0x080007a1   Thumb Code     0  rt_memclr_w.o(.text)
    __use_two_region_memory                  0x080007eb   Thumb Code     2  heapauxi.o(.text)
    __rt_heap_escrow                         0x080007ed   Thumb Code     2  heapauxi.o(.text)
    __rt_heap_expand                         0x080007ef   Thumb Code     2  heapauxi.o(.text)
    __aeabi_errno_addr                       0x080007f1   Thumb Code     8  rt_errno_addr_intlibspace.o(.text)
    __errno$intlibspace                      0x080007f1   Thumb Code     0  rt_errno_addr_intlibspace.o(.text)
    __rt_errno_addr$intlibspace              0x080007f1   Thumb Code     0  rt_errno_addr_intlibspace.o(.text)
    __aeabi_uldivmod                         0x080007f9   Thumb Code     0  lludivv7m.o(.text)
    _ll_udiv                                 0x080007f9   Thumb Code   238  lludivv7m.o(.text)
    __read_errno                             0x080008e7   Thumb Code    10  _rserrno.o(.text)
    __set_errno                              0x080008f1   Thumb Code    12  _rserrno.o(.text)
    _printf_truncate_signed                  0x080008fd   Thumb Code    18  _printf_truncate.o(.text)
    _printf_truncate_unsigned                0x0800090f   Thumb Code    18  _printf_truncate.o(.text)
    _printf_int_common                       0x08000921   Thumb Code   178  _printf_intcommon.o(.text)
    _printf_charcount                        0x080009d3   Thumb Code    40  _printf_charcount.o(.text)
    __lib_sel_fp_printf                      0x080009fb   Thumb Code     2  _printf_fp_dec.o(.text)
    _printf_fp_dec_real                      0x08000bad   Thumb Code   620  _printf_fp_dec.o(.text)
    _printf_char_common                      0x08000e23   Thumb Code    32  _printf_char_common.o(.text)
    _sputc                                   0x08000e49   Thumb Code    10  _sputc.o(.text)
    _snputc                                  0x08000e53   Thumb Code    16  _snputc.o(.text)
    _printf_cs_common                        0x08000e63   Thumb Code    20  _printf_char.o(.text)
    _printf_char                             0x08000e77   Thumb Code    16  _printf_char.o(.text)
    _printf_string                           0x08000e87   Thumb Code     8  _printf_char.o(.text)
    _printf_wctomb                           0x08000e91   Thumb Code   182  _printf_wctomb.o(.text)
    _printf_longlong_dec                     0x08000f4d   Thumb Code   108  _printf_longlong_dec.o(.text)
    _printf_longlong_oct                     0x08000fc9   Thumb Code    66  _printf_oct_int_ll.o(.text)
    _printf_int_oct                          0x0800100b   Thumb Code    24  _printf_oct_int_ll.o(.text)
    _printf_ll_oct                           0x08001023   Thumb Code    12  _printf_oct_int_ll.o(.text)
    _printf_longlong_hex                     0x08001039   Thumb Code    86  _printf_hex_int_ll_ptr.o(.text)
    _printf_int_hex                          0x0800108f   Thumb Code    28  _printf_hex_int_ll_ptr.o(.text)
    _printf_ll_hex                           0x080010ab   Thumb Code    12  _printf_hex_int_ll_ptr.o(.text)
    _printf_hex_ptr                          0x080010b7   Thumb Code    18  _printf_hex_int_ll_ptr.o(.text)
    __aeabi_memcpy4                          0x080010cd   Thumb Code     0  rt_memcpy_w.o(.text)
    __aeabi_memcpy8                          0x080010cd   Thumb Code     0  rt_memcpy_w.o(.text)
    __rt_memcpy_w                            0x080010cd   Thumb Code   100  rt_memcpy_w.o(.text)
    _memcpy_lastbytes_aligned                0x08001115   Thumb Code     0  rt_memcpy_w.o(.text)
    __user_libspace                          0x08001131   Thumb Code     8  libspace.o(.text)
    __user_perproc_libspace                  0x08001131   Thumb Code     0  libspace.o(.text)
    __user_perthread_libspace                0x08001131   Thumb Code     0  libspace.o(.text)
    __rt_ctype_table                         0x08001139   Thumb Code    16  rt_ctype_table.o(.text)
    __rt_locale                              0x08001149   Thumb Code     8  rt_locale_intlibspace.o(.text)
    _ll_udiv10                               0x08001151   Thumb Code   138  lludiv10.o(.text)
    _printf_fp_hex_real                      0x080011dd   Thumb Code   756  _printf_fp_hex.o(.text)
    _printf_fp_infnan                        0x080014d9   Thumb Code   112  _printf_fp_infnan.o(.text)
    _printf_lcs_common                       0x08001559   Thumb Code    20  _printf_wchar.o(.text)
    _printf_wchar                            0x0800156d   Thumb Code    16  _printf_wchar.o(.text)
    _printf_wstring                          0x0800157d   Thumb Code     8  _printf_wchar.o(.text)
    _btod_etento                             0x08001585   Thumb Code   224  bigflt0.o(.text)
    _wcrtomb                                 0x08001669   Thumb Code    64  _wcrtomb.o(.text)
    __I$use$semihosting                      0x080016a9   Thumb Code     0  use_no_semi.o(.text)
    __use_no_semihosting_swi                 0x080016a9   Thumb Code     2  use_no_semi.o(.text)
    __semihosting_library_function           0x080016ab   Thumb Code     0  indicate_semi.o(.text)
    __user_setup_stackheap                   0x080016ab   Thumb Code    74  sys_stackheap_outer.o(.text)
    exit                                     0x080016f5   Thumb Code    18  exit.o(.text)
    strcmp                                   0x08001709   Thumb Code   128  strcmpv7m.o(.text)
    _sys_exit                                0x08001789   Thumb Code     8  sys_exit.o(.text)
    _btod_d2e                                0x08001795   Thumb Code    62  btod.o(CL$$btod_d2e)
    _d2e_denorm_low                          0x080017d3   Thumb Code    70  btod.o(CL$$btod_d2e_denorm_low)
    _d2e_norm_op1                            0x08001819   Thumb Code    96  btod.o(CL$$btod_d2e_norm_op1)
    __btod_div_common                        0x08001879   Thumb Code   696  btod.o(CL$$btod_div_common)
    _e2e                                     0x08001bb1   Thumb Code   220  btod.o(CL$$btod_e2e)
    _btod_ediv                               0x08001c8d   Thumb Code    42  btod.o(CL$$btod_ediv)
    _btod_emul                               0x08001cb7   Thumb Code    42  btod.o(CL$$btod_emul)
    __btod_mult_common                       0x08001ce1   Thumb Code   580  btod.o(CL$$btod_mult_common)
    Air780EG_Clear                           0x08001f25   Thumb Code    20  780eg.o(i.Air780EG_Clear)
    Air780EG_Init                            0x08001f41   Thumb Code   262  780eg.o(i.Air780EG_Init)
    Air780EG_Sendcmd                         0x08002139   Thumb Code    94  780eg.o(i.Air780EG_Sendcmd)
    Air780EG_Sendmqttdata                    0x080021a1   Thumb Code   112  780eg.o(i.Air780EG_Sendmqttdata)
    Air780EG_Sendtheremqttdata               0x08002249   Thumb Code   102  780eg.o(i.Air780EG_Sendtheremqttdata)
    Air780EG_WaitRecive                      0x080022e9   Thumb Code    42  780eg.o(i.Air780EG_WaitRecive)
    BusFault_Handler                         0x0800231d   Thumb Code     4  stm32f10x_it.o(i.BusFault_Handler)
    DebugMon_Handler                         0x08002321   Thumb Code     2  stm32f10x_it.o(i.DebugMon_Handler)
    Delay_ms                                 0x08002323   Thumb Code    24  delay.o(i.Delay_ms)
    Delay_us                                 0x0800233b   Thumb Code    46  delay.o(i.Delay_us)
    EE                                       0x08002369   Thumb Code    76  algorithm.o(i.EE)
    EXTI15_10_IRQHandler                     0x080023b5   Thumb Code    46  mq-2.o(i.EXTI15_10_IRQHandler)
    EXTI_ClearITPendingBit                   0x080023ed   Thumb Code     6  stm32f10x_exti.o(i.EXTI_ClearITPendingBit)
    EXTI_GetITStatus                         0x080023f9   Thumb Code    34  stm32f10x_exti.o(i.EXTI_GetITStatus)
    FFT                                      0x08002421   Thumb Code   386  algorithm.o(i.FFT)
    GPIO_Init                                0x080025ad   Thumb Code   278  stm32f10x_gpio.o(i.GPIO_Init)
    GPIO_ReadInputDataBit                    0x080026c3   Thumb Code    18  stm32f10x_gpio.o(i.GPIO_ReadInputDataBit)
    GPIO_ResetBits                           0x080026d5   Thumb Code     4  stm32f10x_gpio.o(i.GPIO_ResetBits)
    GPIO_SetBits                             0x080026d9   Thumb Code     4  stm32f10x_gpio.o(i.GPIO_SetBits)
    GPIO_WriteBit                            0x080026dd   Thumb Code    10  stm32f10x_gpio.o(i.GPIO_WriteBit)
    HardFault_Handler                        0x080026e7   Thumb Code     4  stm32f10x_it.o(i.HardFault_Handler)
    I2C_Ack                                  0x080026ed   Thumb Code   104  xiic.o(i.I2C_Ack)
    IIC_Delay                                0x08002759   Thumb Code    16  xiic.o(i.IIC_Delay)
    IIC_GPIO_INIT                            0x08002769   Thumb Code    56  xiic.o(i.IIC_GPIO_INIT)
    IIC_Read_Array                           0x080027a5   Thumb Code   128  xiic.o(i.IIC_Read_Array)
    IIC_Read_Byte                            0x08002829   Thumb Code    90  xiic.o(i.IIC_Read_Byte)
    IIC_Receive_Byte                         0x08002889   Thumb Code    68  xiic.o(i.IIC_Receive_Byte)
    IIC_Send_Byte                            0x080028d1   Thumb Code   150  xiic.o(i.IIC_Send_Byte)
    IIC_Start                                0x08002971   Thumb Code    56  xiic.o(i.IIC_Start)
    IIC_Stop                                 0x080029ad   Thumb Code    42  xiic.o(i.IIC_Stop)
    IIC_Write_Byte                           0x080029dd   Thumb Code    74  xiic.o(i.IIC_Write_Byte)
    MAX30102_Config                          0x08002a2d   Thumb Code   124  max30102.o(i.MAX30102_Config)
    MAX30102_GPIO                            0x08002aa9   Thumb Code    32  max30102.o(i.MAX30102_GPIO)
    MAX30102_read_temp                       0x08002acd   Thumb Code   116  max30102.o(i.MAX30102_read_temp)
    MPU6050_DMP_Get_Data                     0x08002b49   Thumb Code   544  inv_mpu.o(i.MPU6050_DMP_Get_Data)
    MPU6050_DMP_Init                         0x08002d6d   Thumb Code    74  inv_mpu.o(i.MPU6050_DMP_Init)
    MPU6050_IIC_IO_Init                      0x08002dbd   Thumb Code    32  mpu6050_i2c.o(i.MPU6050_IIC_IO_Init)
    MPU6050_IIC_Read_Ack                     0x08002de9   Thumb Code    72  mpu6050_i2c.o(i.MPU6050_IIC_Read_Ack)
    MPU6050_IIC_Read_Byte                    0x08002e39   Thumb Code    86  mpu6050_i2c.o(i.MPU6050_IIC_Read_Byte)
    MPU6050_IIC_SDA_IO_IN                    0x08002e99   Thumb Code    20  mpu6050_i2c.o(i.MPU6050_IIC_SDA_IO_IN)
    MPU6050_IIC_SDA_IO_OUT                   0x08002eb1   Thumb Code    20  mpu6050_i2c.o(i.MPU6050_IIC_SDA_IO_OUT)
    MPU6050_IIC_Send_Ack                     0x08002ec9   Thumb Code    48  mpu6050_i2c.o(i.MPU6050_IIC_Send_Ack)
    MPU6050_IIC_Send_Byte                    0x08002f01   Thumb Code    90  mpu6050_i2c.o(i.MPU6050_IIC_Send_Byte)
    MPU6050_IIC_Start                        0x08002f65   Thumb Code    46  mpu6050_i2c.o(i.MPU6050_IIC_Start)
    MPU6050_IIC_Stop                         0x08002f9d   Thumb Code    52  mpu6050_i2c.o(i.MPU6050_IIC_Stop)
    Max30102_reset                           0x08002fd9   Thumb Code    22  max30102.o(i.Max30102_reset)
    MemManage_Handler                        0x08002fef   Thumb Code     4  stm32f10x_it.o(i.MemManage_Handler)
    My_GPIO_Init                             0x08002ff5   Thumb Code   172  sys.o(i.My_GPIO_Init)
    NMI_Handler                              0x080030a5   Thumb Code     2  stm32f10x_it.o(i.NMI_Handler)
    NVIC_Init                                0x080030a9   Thumb Code   100  misc.o(i.NVIC_Init)
    NVIC_PriorityGroupConfig                 0x08003119   Thumb Code    10  misc.o(i.NVIC_PriorityGroupConfig)
    OLED_I2C_SendByte                        0x0800312d   Thumb Code    74  oled.o(i.OLED_I2C_SendByte)
    OLED_I2C_Start                           0x0800317d   Thumb Code    44  oled.o(i.OLED_I2C_Start)
    OLED_I2C_Stop                            0x080031ad   Thumb Code    34  oled.o(i.OLED_I2C_Stop)
    OLED_Pow                                 0x080031d5   Thumb Code    20  oled.o(i.OLED_Pow)
    OLED_SetCursor                           0x080031e9   Thumb Code    34  oled.o(i.OLED_SetCursor)
    OLED_ShowChar                            0x0800320d   Thumb Code   110  oled.o(i.OLED_ShowChar)
    OLED_ShowNum                             0x08003281   Thumb Code    68  oled.o(i.OLED_ShowNum)
    OLED_WriteCommand                        0x080032c5   Thumb Code    32  oled.o(i.OLED_WriteCommand)
    OLED_WriteData                           0x080032e5   Thumb Code    32  oled.o(i.OLED_WriteData)
    PendSV_Handler                           0x08003305   Thumb Code     2  stm32f10x_it.o(i.PendSV_Handler)
    RCC_APB1PeriphClockCmd                   0x08003309   Thumb Code    26  stm32f10x_rcc.o(i.RCC_APB1PeriphClockCmd)
    RCC_APB2PeriphClockCmd                   0x08003329   Thumb Code    26  stm32f10x_rcc.o(i.RCC_APB2PeriphClockCmd)
    RCC_GetClocksFreq                        0x08003349   Thumb Code   192  stm32f10x_rcc.o(i.RCC_GetClocksFreq)
    SVC_Handler                              0x0800341d   Thumb Code     2  stm32f10x_it.o(i.SVC_Handler)
    SysTick_Handler                          0x08003509   Thumb Code     2  stm32f10x_it.o(i.SysTick_Handler)
    SystemInit                               0x0800350d   Thumb Code    78  system_stm32f10x.o(i.SystemInit)
    TIM2_IRQHandler                          0x0800356d   Thumb Code   186  main.o(i.TIM2_IRQHandler)
    TIM3_IRQHandler                          0x08003665   Thumb Code   106  main.o(i.TIM3_IRQHandler)
    TIM_ClearFlag                            0x080036f9   Thumb Code     6  stm32f10x_tim.o(i.TIM_ClearFlag)
    TIM_ClearITPendingBit                    0x080036ff   Thumb Code     6  stm32f10x_tim.o(i.TIM_ClearITPendingBit)
    TIM_Cmd                                  0x08003705   Thumb Code    24  stm32f10x_tim.o(i.TIM_Cmd)
    TIM_GetITStatus                          0x0800371d   Thumb Code    34  stm32f10x_tim.o(i.TIM_GetITStatus)
    TIM_ITConfig                             0x0800373f   Thumb Code    18  stm32f10x_tim.o(i.TIM_ITConfig)
    TIM_InternalClockConfig                  0x08003751   Thumb Code    12  stm32f10x_tim.o(i.TIM_InternalClockConfig)
    TIM_TimeBaseInit                         0x0800375d   Thumb Code   122  stm32f10x_tim.o(i.TIM_TimeBaseInit)
    Timer2_Init                              0x08003801   Thumb Code   122  timer.o(i.Timer2_Init)
    Timer3_Init                              0x0800387d   Thumb Code   120  timer.o(i.Timer3_Init)
    USART1_IRQHandler                        0x080038f9   Thumb Code    24  usart.o(i.USART1_IRQHandler)
    USART2_IRQHandler                        0x08003915   Thumb Code    62  780eg.o(i.USART2_IRQHandler)
    USART_ClearFlag                          0x08003961   Thumb Code    18  stm32f10x_usart.o(i.USART_ClearFlag)
    USART_Cmd                                0x08003973   Thumb Code    24  stm32f10x_usart.o(i.USART_Cmd)
    USART_GetFlagStatus                      0x0800398b   Thumb Code    26  stm32f10x_usart.o(i.USART_GetFlagStatus)
    USART_GetITStatus                        0x080039a5   Thumb Code    84  stm32f10x_usart.o(i.USART_GetITStatus)
    USART_ITConfig                           0x080039f9   Thumb Code    74  stm32f10x_usart.o(i.USART_ITConfig)
    USART_Init                               0x08003a45   Thumb Code   210  stm32f10x_usart.o(i.USART_Init)
    USART_SendData                           0x08003b1d   Thumb Code     8  stm32f10x_usart.o(i.USART_SendData)
    UsageFault_Handler                       0x08003b25   Thumb Code     4  stm32f10x_it.o(i.UsageFault_Handler)
    Usart1_Init                              0x08003b29   Thumb Code   166  usart.o(i.Usart1_Init)
    Usart2_Init                              0x08003bd9   Thumb Code   162  usart.o(i.Usart2_Init)
    UsartPrintf                              0x08003c85   Thumb Code    72  usart.o(i.UsartPrintf)
    Usart_SendString                         0x08003ccd   Thumb Code    50  usart.o(i.Usart_SendString)
    XCos                                     0x08003d01   Thumb Code    30  algorithm.o(i.XCos)
    XSin                                     0x08003d29   Thumb Code   488  algorithm.o(i.XSin)
    __ARM_fpclassify                         0x08003f39   Thumb Code    40  fpclassify.o(i.__ARM_fpclassify)
    __kernel_poly                            0x08003f61   Thumb Code   170  poly.o(i.__kernel_poly)
    __mathlib_dbl_infnan                     0x0800400b   Thumb Code     6  dunder.o(i.__mathlib_dbl_infnan)
    __mathlib_dbl_infnan2                    0x08004011   Thumb Code     4  dunder.o(i.__mathlib_dbl_infnan2)
    __mathlib_dbl_invalid                    0x08004015   Thumb Code    12  dunder.o(i.__mathlib_dbl_invalid)
    __mathlib_dbl_underflow                  0x08004021   Thumb Code    10  dunder.o(i.__mathlib_dbl_underflow)
    _is_digit                                0x08004031   Thumb Code    14  __printf_wp.o(i._is_digit)
    asin                                     0x080040e9   Thumb Code   572  asin.o(i.asin)
    atan                                     0x08004359   Thumb Code   474  atan.o(i.atan)
    atan2                                    0x08004579   Thumb Code   346  atan2.o(i.atan2)
    blood_Loop                               0x080046f9   Thumb Code   194  blood.o(i.blood_Loop)
    blood_data_translate                     0x08004801   Thumb Code  1116  blood.o(i.blood_data_translate)
    blood_data_update                        0x08004c61   Thumb Code   122  blood.o(i.blood_data_update)
    dmp_enable_6x_lp_quat                    0x08004d59   Thumb Code    60  inv_mpu_dmp_motion_driver.o(i.dmp_enable_6x_lp_quat)
    dmp_enable_feature                       0x08004d95   Thumb Code   530  inv_mpu_dmp_motion_driver.o(i.dmp_enable_feature)
    dmp_enable_gyro_cal                      0x08004fb1   Thumb Code    62  inv_mpu_dmp_motion_driver.o(i.dmp_enable_gyro_cal)
    dmp_enable_lp_quat                       0x08005009   Thumb Code    60  inv_mpu_dmp_motion_driver.o(i.dmp_enable_lp_quat)
    dmp_load_motion_driver_firmware          0x08005045   Thumb Code    20  inv_mpu_dmp_motion_driver.o(i.dmp_load_motion_driver_firmware)
    dmp_read_fifo                            0x0800505d   Thumb Code   450  inv_mpu_dmp_motion_driver.o(i.dmp_read_fifo)
    dmp_set_accel_bias                       0x08005225   Thumb Code   300  inv_mpu_dmp_motion_driver.o(i.dmp_set_accel_bias)
    dmp_set_fifo_rate                        0x08005355   Thumb Code    96  inv_mpu_dmp_motion_driver.o(i.dmp_set_fifo_rate)
    dmp_set_gyro_bias                        0x080053c5   Thumb Code   294  inv_mpu_dmp_motion_driver.o(i.dmp_set_gyro_bias)
    dmp_set_orientation                      0x080054f5   Thumb Code   290  inv_mpu_dmp_motion_driver.o(i.dmp_set_orientation)
    dmp_set_shake_reject_thresh              0x0800562d   Thumb Code    56  inv_mpu_dmp_motion_driver.o(i.dmp_set_shake_reject_thresh)
    dmp_set_shake_reject_time                0x08005665   Thumb Code    38  inv_mpu_dmp_motion_driver.o(i.dmp_set_shake_reject_time)
    dmp_set_shake_reject_timeout             0x0800568b   Thumb Code    38  inv_mpu_dmp_motion_driver.o(i.dmp_set_shake_reject_timeout)
    dmp_set_tap_axes                         0x080056b1   Thumb Code    70  inv_mpu_dmp_motion_driver.o(i.dmp_set_tap_axes)
    dmp_set_tap_count                        0x080056f7   Thumb Code    38  inv_mpu_dmp_motion_driver.o(i.dmp_set_tap_count)
    dmp_set_tap_thresh                       0x0800571d   Thumb Code   396  inv_mpu_dmp_motion_driver.o(i.dmp_set_tap_thresh)
    dmp_set_tap_time                         0x080058bd   Thumb Code    38  inv_mpu_dmp_motion_driver.o(i.dmp_set_tap_time)
    dmp_set_tap_time_multi                   0x080058e3   Thumb Code    38  inv_mpu_dmp_motion_driver.o(i.dmp_set_tap_time_multi)
    find_max_num_index                       0x08005909   Thumb Code    50  algorithm.o(i.find_max_num_index)
    inv_orientation_matrix_to_scalar         0x08005f71   Thumb Code    40  inv_mpu.o(i.inv_orientation_matrix_to_scalar)
    inv_row_2_scale                          0x08005f99   Thumb Code    78  inv_mpu.o(i.inv_row_2_scale)
    main                                     0x08005fe9   Thumb Code   136  main.o(i.main)
    max30102_read_fifo                       0x08006095   Thumb Code   196  max30102.o(i.max30102_read_fifo)
    mpu6050_read                             0x08006161   Thumb Code    92  mpu6050.o(i.mpu6050_read)
    mpu6050_write                            0x080061bd   Thumb Code    68  mpu6050.o(i.mpu6050_write)
    mpu_configure_fifo                       0x08006201   Thumb Code   106  inv_mpu.o(i.mpu_configure_fifo)
    mpu_get_accel_fsr                        0x08006271   Thumb Code    72  inv_mpu.o(i.mpu_get_accel_fsr)
    mpu_get_accel_sens                       0x080062bd   Thumb Code    78  inv_mpu.o(i.mpu_get_accel_sens)
    mpu_get_fifo_config                      0x08006311   Thumb Code    12  inv_mpu.o(i.mpu_get_fifo_config)
    mpu_get_gyro_fsr                         0x08006321   Thumb Code    64  inv_mpu.o(i.mpu_get_gyro_fsr)
    mpu_get_gyro_sens                        0x08006365   Thumb Code    58  inv_mpu.o(i.mpu_get_gyro_sens)
    mpu_get_lpf                              0x080063b5   Thumb Code    74  inv_mpu.o(i.mpu_get_lpf)
    mpu_get_sample_rate                      0x08006405   Thumb Code    26  inv_mpu.o(i.mpu_get_sample_rate)
    mpu_init                                 0x08006425   Thumb Code   396  inv_mpu.o(i.mpu_init)
    mpu_load_firmware                        0x080065b5   Thumb Code   180  inv_mpu.o(i.mpu_load_firmware)
    mpu_lp_accel_mode                        0x0800666d   Thumb Code   218  inv_mpu.o(i.mpu_lp_accel_mode)
    mpu_read_fifo_stream                     0x0800674d   Thumb Code   186  inv_mpu.o(i.mpu_read_fifo_stream)
    mpu_read_mem                             0x0800680d   Thumb Code   122  inv_mpu.o(i.mpu_read_mem)
    mpu_reset_fifo                           0x0800688d   Thumb Code   450  inv_mpu.o(i.mpu_reset_fifo)
    mpu_run_self_test                        0x08006a55   Thumb Code   278  inv_mpu.o(i.mpu_run_self_test)
    mpu_set_accel_fsr                        0x08006b71   Thumb Code   126  inv_mpu.o(i.mpu_set_accel_fsr)
    mpu_set_bypass                           0x08006bf5   Thumb Code   328  inv_mpu.o(i.mpu_set_bypass)
    mpu_set_dmp_state                        0x08006d41   Thumb Code   138  inv_mpu.o(i.mpu_set_dmp_state)
    mpu_set_gyro_fsr                         0x08006dd1   Thumb Code   132  inv_mpu.o(i.mpu_set_gyro_fsr)
    mpu_set_int_latched                      0x08006e59   Thumb Code   102  inv_mpu.o(i.mpu_set_int_latched)
    mpu_set_lpf                              0x08006ec5   Thumb Code   126  inv_mpu.o(i.mpu_set_lpf)
    mpu_set_sample_rate                      0x08006f49   Thumb Code   152  inv_mpu.o(i.mpu_set_sample_rate)
    mpu_set_sensors                          0x08006fe5   Thumb Code   202  inv_mpu.o(i.mpu_set_sensors)
    mpu_write_mem                            0x080070b5   Thumb Code   122  inv_mpu.o(i.mpu_write_mem)
    my_floor                                 0x08007135   Thumb Code    76  algorithm.o(i.my_floor)
    my_fmod                                  0x08007181   Thumb Code   152  algorithm.o(i.my_fmod)
    power                                    0x08007219   Thumb Code    20  sys.o(i.power)
    run_self_test                            0x0800722d   Thumb Code   148  inv_mpu.o(i.run_self_test)
    save_jsonData                            0x080072c1   Thumb Code    92  780eg.o(i.save_jsonData)
    save_therejsonData                       0x0800733d   Thumb Code    84  780eg.o(i.save_therejsonData)
    sqrt                                     0x08007461   Thumb Code    76  sqrt.o(i.sqrt)
    sqrtf                                    0x080074ad   Thumb Code    44  sqrtf.o(i.sqrtf)
    _get_lc_numeric                          0x080074d9   Thumb Code    44  lc_numeric_c.o(locale$$code)
    _get_lc_ctype                            0x08007505   Thumb Code    44  lc_ctype_c.o(locale$$code)
    __aeabi_d2f                              0x08007531   Thumb Code     0  d2f.o(x$fpl$d2f)
    _d2f                                     0x08007531   Thumb Code    98  d2f.o(x$fpl$d2f)
    __aeabi_dadd                             0x08007595   Thumb Code     0  daddsub_clz.o(x$fpl$dadd)
    _dadd                                    0x08007595   Thumb Code   332  daddsub_clz.o(x$fpl$dadd)
    __fpl_dcheck_NaN1                        0x080076e5   Thumb Code    10  dcheck1.o(x$fpl$dcheck1)
    __fpl_dcmp_Inf                           0x080076f5   Thumb Code    24  dcmpi.o(x$fpl$dcmpinf)
    __aeabi_ddiv                             0x0800770d   Thumb Code     0  ddiv.o(x$fpl$ddiv)
    _ddiv                                    0x0800770d   Thumb Code   552  ddiv.o(x$fpl$ddiv)
    __aeabi_cdcmpeq                          0x080079bd   Thumb Code     0  deqf.o(x$fpl$deqf)
    _dcmpeq                                  0x080079bd   Thumb Code   120  deqf.o(x$fpl$deqf)
    __aeabi_d2iz                             0x08007a35   Thumb Code     0  dfix.o(x$fpl$dfix)
    _dfix                                    0x08007a35   Thumb Code    94  dfix.o(x$fpl$dfix)
    __aeabi_i2d                              0x08007a93   Thumb Code     0  dflt_clz.o(x$fpl$dflt)
    _dflt                                    0x08007a93   Thumb Code    46  dflt_clz.o(x$fpl$dflt)
    __aeabi_ui2d                             0x08007ac1   Thumb Code     0  dflt_clz.o(x$fpl$dfltu)
    _dfltu                                   0x08007ac1   Thumb Code    38  dflt_clz.o(x$fpl$dfltu)
    __aeabi_cdcmple                          0x08007ae9   Thumb Code     0  dleqf.o(x$fpl$dleqf)
    _dcmple                                  0x08007ae9   Thumb Code   120  dleqf.o(x$fpl$dleqf)
    __fpl_dcmple_InfNaN                      0x08007b4b   Thumb Code     0  dleqf.o(x$fpl$dleqf)
    __aeabi_dmul                             0x08007b61   Thumb Code     0  dmul.o(x$fpl$dmul)
    _dmul                                    0x08007b61   Thumb Code   332  dmul.o(x$fpl$dmul)
    __fpl_dnaninf                            0x08007cb5   Thumb Code   156  dnaninf.o(x$fpl$dnaninf)
    __fpl_dretinf                            0x08007d51   Thumb Code    12  dretinf.o(x$fpl$dretinf)
    __aeabi_cdrcmple                         0x08007d5d   Thumb Code     0  drleqf.o(x$fpl$drleqf)
    _drcmple                                 0x08007d5d   Thumb Code   108  drleqf.o(x$fpl$drleqf)
    __aeabi_drsub                            0x08007dc9   Thumb Code     0  daddsub_clz.o(x$fpl$drsb)
    _drsb                                    0x08007dc9   Thumb Code    22  daddsub_clz.o(x$fpl$drsb)
    _dsqrt                                   0x08007de1   Thumb Code   456  dsqrt_noumaal.o(x$fpl$dsqrt)
    __aeabi_dsub                             0x08007fad   Thumb Code     0  daddsub_clz.o(x$fpl$dsub)
    _dsub                                    0x08007fad   Thumb Code   464  daddsub_clz.o(x$fpl$dsub)
    __aeabi_f2d                              0x08008181   Thumb Code     0  f2d.o(x$fpl$f2d)
    _f2d                                     0x08008181   Thumb Code    86  f2d.o(x$fpl$f2d)
    __aeabi_fadd                             0x080081d9   Thumb Code     0  faddsub_clz.o(x$fpl$fadd)
    _fadd                                    0x080081d9   Thumb Code   196  faddsub_clz.o(x$fpl$fadd)
    __fpl_fcmp_Inf                           0x0800829d   Thumb Code    24  fcmpi.o(x$fpl$fcmpinf)
    __aeabi_fdiv                             0x080082b5   Thumb Code     0  fdiv.o(x$fpl$fdiv)
    _fdiv                                    0x080082b5   Thumb Code   384  fdiv.o(x$fpl$fdiv)
    __aeabi_cfcmpeq                          0x08008439   Thumb Code     0  feqf.o(x$fpl$feqf)
    _fcmpeq                                  0x08008439   Thumb Code   104  feqf.o(x$fpl$feqf)
    __aeabi_f2iz                             0x080084a1   Thumb Code     0  ffix.o(x$fpl$ffix)
    _ffix                                    0x080084a1   Thumb Code    54  ffix.o(x$fpl$ffix)
    __aeabi_f2uiz                            0x080084d9   Thumb Code     0  ffixu.o(x$fpl$ffixu)
    _ffixu                                   0x080084d9   Thumb Code    62  ffixu.o(x$fpl$ffixu)
    __aeabi_i2f                              0x08008519   Thumb Code     0  fflt_clz.o(x$fpl$fflt)
    _fflt                                    0x08008519   Thumb Code    48  fflt_clz.o(x$fpl$fflt)
    __aeabi_ui2f                             0x08008549   Thumb Code     0  fflt_clz.o(x$fpl$ffltu)
    _ffltu                                   0x08008549   Thumb Code    38  fflt_clz.o(x$fpl$ffltu)
    __aeabi_cfcmple                          0x08008571   Thumb Code     0  fleqf.o(x$fpl$fleqf)
    _fcmple                                  0x08008571   Thumb Code   104  fleqf.o(x$fpl$fleqf)
    __fpl_fcmple_InfNaN                      0x080085c3   Thumb Code     0  fleqf.o(x$fpl$fleqf)
    __aeabi_fmul                             0x080085d9   Thumb Code     0  fmul.o(x$fpl$fmul)
    _fmul                                    0x080085d9   Thumb Code   258  fmul.o(x$fpl$fmul)
    __fpl_fnaninf                            0x080086db   Thumb Code   140  fnaninf.o(x$fpl$fnaninf)
    __fpl_fretinf                            0x08008767   Thumb Code    10  fretinf.o(x$fpl$fretinf)
    __aeabi_cfrcmple                         0x08008771   Thumb Code     0  frleqf.o(x$fpl$frleqf)
    _frcmple                                 0x08008771   Thumb Code    98  frleqf.o(x$fpl$frleqf)
    _fsqrt                                   0x080087d5   Thumb Code   272  fsqrt.o(x$fpl$fsqrt)
    __aeabi_fsub                             0x080088e5   Thumb Code     0  faddsub_clz.o(x$fpl$fsub)
    _fsub                                    0x080088e5   Thumb Code   234  faddsub_clz.o(x$fpl$fsub)
    _printf_fp_dec                           0x080089cf   Thumb Code     4  printf1.o(x$fpl$printf1)
    _printf_fp_hex                           0x080089d3   Thumb Code     4  printf2.o(x$fpl$printf2)
    __fpl_return_NaN                         0x080089d7   Thumb Code   100  retnan.o(x$fpl$retnan)
    __ARM_scalbn                             0x08008a3b   Thumb Code    92  scalbn.o(x$fpl$scalbn)
    __fpl_cmpreturn                          0x08008a97   Thumb Code    48  trapv.o(x$fpl$trapveneer)
    OLED_F8x16                               0x08008ac6   Data        1520  oled.o(.constdata)
    __I$use$fp                               0x08008ac6   Number         0  usenofp.o(x$fpl$usenofp)
    Hzk                                      0x080090b6   Data        1216  oled.o(.constdata)
    hw                                       0x08009578   Data          12  inv_mpu.o(.constdata)
    reg                                      0x08009584   Data          27  inv_mpu.o(.constdata)
    test                                     0x080095a0   Data          40  inv_mpu.o(.constdata)
    __mathlib_zero                           0x0800a618   Data           8  qnan.o(.constdata)
    Region$$Table$$Base                      0x0800a6dc   Number         0  anon$$obj.o(Region$$Table)
    Region$$Table$$Limit                     0x0800a6fc   Number         0  anon$$obj.o(Region$$Table)
    __ctype                                  0x0800a725   Data           0  lc_ctype_c.o(locale$$data)
    MQ2_Flag                                 0x20000014   Data           2  mq-2.o(.data)
    Pitch                                    0x20000018   Data           4  main.o(.data)
    Roll                                     0x2000001c   Data           4  main.o(.data)
    Yaw                                      0x20000020   Data           4  main.o(.data)
    i                                        0x20000024   Data           1  main.o(.data)
    flag                                     0x20000026   Data           2  main.o(.data)
    SPO2                                     0x20000028   Data           4  main.o(.data)
    temperature                              0x2000002c   Data           4  main.o(.data)
    fall_value                               0x20000030   Data           4  main.o(.data)
    test1                                    0x20000034   Data           4  main.o(.data)
    g_fft_index                              0x20000070   Data           2  blood.o(.data)
    Data_heart                               0x20000074   Data           4  blood.o(.data)
    Data_spo2                                0x20000078   Data           4  blood.o(.data)
    g_BloodWave                              0x2000007c   Data           8  blood.o(.data)
    g_blooddata                              0x20000084   Data           8  blood.o(.data)
    fifo_red                                 0x2000008c   Data           2  max30102.o(.data)
    fifo_ir                                  0x2000008e   Data           2  max30102.o(.data)
    ack                                      0x20000090   Data           1  xiic.o(.data)
    Air780EG_cnt                             0x20000092   Data           2  780eg.o(.data)
    Air780EG_lastcnt                         0x20000094   Data           2  780eg.o(.data)
    s1                                       0x200000a8   Data        4224  blood.o(.bss)
    s2                                       0x20001128   Data        4224  blood.o(.bss)
    Air780EG_buf                             0x200021a8   Data         256  780eg.o(.bss)
    __libspace_start                         0x200022a8   Data          96  libspace.o(.bss)
    __temporary_stack_top$libspace           0x20002308   Data           0  libspace.o(.bss)



==============================================================================

Memory Map of the image

  Image Entry point : 0x080000ed

  Load Region LR_IROM1 (Base: 0x08000000, Size: 0x0000a8c0, Max: 0x00010000, ABSOLUTE)

    Execution Region ER_IROM1 (Exec base: 0x08000000, Load base: 0x08000000, Size: 0x0000a828, Max: 0x00010000, ABSOLUTE)

    Exec Addr    Load Addr    Size         Type   Attr      Idx    E Section Name        Object

    0x08000000   0x08000000   0x000000ec   Data   RO            3    RESET               startup_stm32f10x_md.o
    0x080000ec   0x080000ec   0x00000008   Code   RO         4965  * !!!main             c_w.l(__main.o)
    0x080000f4   0x080000f4   0x00000034   Code   RO         5534    !!!scatter          c_w.l(__scatter.o)
    0x08000128   0x08000128   0x0000001a   Code   RO         5536    !!handler_copy      c_w.l(__scatter_copy.o)
    0x08000142   0x08000142   0x00000002   PAD
    0x08000144   0x08000144   0x0000001c   Code   RO         5538    !!handler_zi        c_w.l(__scatter_zi.o)
    0x08000160   0x08000160   0x00000000   Code   RO         4937    .ARM.Collect$$_printf_percent$$00000000  c_w.l(_printf_percent.o)
    0x08000160   0x08000160   0x00000006   Code   RO         5157    .ARM.Collect$$_printf_percent$$00000001  c_w.l(_printf_n.o)
    0x08000166   0x08000166   0x00000006   Code   RO         5159    .ARM.Collect$$_printf_percent$$00000002  c_w.l(_printf_p.o)
    0x0800016c   0x0800016c   0x00000006   Code   RO         4936    .ARM.Collect$$_printf_percent$$00000003  c_w.l(_printf_f.o)
    0x08000172   0x08000172   0x00000006   Code   RO         5163    .ARM.Collect$$_printf_percent$$00000004  c_w.l(_printf_e.o)
    0x08000178   0x08000178   0x00000006   Code   RO         5164    .ARM.Collect$$_printf_percent$$00000005  c_w.l(_printf_g.o)
    0x0800017e   0x0800017e   0x00000006   Code   RO         5165    .ARM.Collect$$_printf_percent$$00000006  c_w.l(_printf_a.o)
    0x08000184   0x08000184   0x0000000a   Code   RO         5170    .ARM.Collect$$_printf_percent$$00000007  c_w.l(_printf_ll.o)
    0x0800018e   0x0800018e   0x00000006   Code   RO         5161    .ARM.Collect$$_printf_percent$$00000008  c_w.l(_printf_i.o)
    0x08000194   0x08000194   0x00000006   Code   RO         4935    .ARM.Collect$$_printf_percent$$00000009  c_w.l(_printf_d.o)
    0x0800019a   0x0800019a   0x00000006   Code   RO         5162    .ARM.Collect$$_printf_percent$$0000000A  c_w.l(_printf_u.o)
    0x080001a0   0x080001a0   0x00000006   Code   RO         5160    .ARM.Collect$$_printf_percent$$0000000B  c_w.l(_printf_o.o)
    0x080001a6   0x080001a6   0x00000006   Code   RO         5158    .ARM.Collect$$_printf_percent$$0000000C  c_w.l(_printf_x.o)
    0x080001ac   0x080001ac   0x00000006   Code   RO         5167    .ARM.Collect$$_printf_percent$$0000000D  c_w.l(_printf_lli.o)
    0x080001b2   0x080001b2   0x00000006   Code   RO         5168    .ARM.Collect$$_printf_percent$$0000000E  c_w.l(_printf_lld.o)
    0x080001b8   0x080001b8   0x00000006   Code   RO         5169    .ARM.Collect$$_printf_percent$$0000000F  c_w.l(_printf_llu.o)
    0x080001be   0x080001be   0x00000006   Code   RO         5174    .ARM.Collect$$_printf_percent$$00000010  c_w.l(_printf_llo.o)
    0x080001c4   0x080001c4   0x00000006   Code   RO         5175    .ARM.Collect$$_printf_percent$$00000011  c_w.l(_printf_llx.o)
    0x080001ca   0x080001ca   0x0000000a   Code   RO         5171    .ARM.Collect$$_printf_percent$$00000012  c_w.l(_printf_l.o)
    0x080001d4   0x080001d4   0x00000006   Code   RO         5156    .ARM.Collect$$_printf_percent$$00000013  c_w.l(_printf_c.o)
    0x080001da   0x080001da   0x00000006   Code   RO         4934    .ARM.Collect$$_printf_percent$$00000014  c_w.l(_printf_s.o)
    0x080001e0   0x080001e0   0x00000006   Code   RO         5172    .ARM.Collect$$_printf_percent$$00000015  c_w.l(_printf_lc.o)
    0x080001e6   0x080001e6   0x00000006   Code   RO         5173    .ARM.Collect$$_printf_percent$$00000016  c_w.l(_printf_ls.o)
    0x080001ec   0x080001ec   0x00000004   Code   RO         5166    .ARM.Collect$$_printf_percent$$00000017  c_w.l(_printf_percent_end.o)
    0x080001f0   0x080001f0   0x00000002   Code   RO         5427    .ARM.Collect$$libinit$$00000000  c_w.l(libinit.o)
    0x080001f2   0x080001f2   0x00000000   Code   RO         5187    .ARM.Collect$$libinit$$00000002  c_w.l(libinit2.o)
    0x080001f2   0x080001f2   0x00000000   Code   RO         5189    .ARM.Collect$$libinit$$00000004  c_w.l(libinit2.o)
    0x080001f2   0x080001f2   0x00000000   Code   RO         5192    .ARM.Collect$$libinit$$0000000A  c_w.l(libinit2.o)
    0x080001f2   0x080001f2   0x00000000   Code   RO         5194    .ARM.Collect$$libinit$$0000000C  c_w.l(libinit2.o)
    0x080001f2   0x080001f2   0x00000000   Code   RO         5196    .ARM.Collect$$libinit$$0000000E  c_w.l(libinit2.o)
    0x080001f2   0x080001f2   0x00000006   Code   RO         5197    .ARM.Collect$$libinit$$0000000F  c_w.l(libinit2.o)
    0x080001f8   0x080001f8   0x00000000   Code   RO         5199    .ARM.Collect$$libinit$$00000011  c_w.l(libinit2.o)
    0x080001f8   0x080001f8   0x0000000c   Code   RO         5200    .ARM.Collect$$libinit$$00000012  c_w.l(libinit2.o)
    0x08000204   0x08000204   0x00000000   Code   RO         5201    .ARM.Collect$$libinit$$00000013  c_w.l(libinit2.o)
    0x08000204   0x08000204   0x00000000   Code   RO         5203    .ARM.Collect$$libinit$$00000015  c_w.l(libinit2.o)
    0x08000204   0x08000204   0x0000000a   Code   RO         5204    .ARM.Collect$$libinit$$00000016  c_w.l(libinit2.o)
    0x0800020e   0x0800020e   0x00000000   Code   RO         5205    .ARM.Collect$$libinit$$00000017  c_w.l(libinit2.o)
    0x0800020e   0x0800020e   0x00000000   Code   RO         5207    .ARM.Collect$$libinit$$00000019  c_w.l(libinit2.o)
    0x0800020e   0x0800020e   0x00000000   Code   RO         5209    .ARM.Collect$$libinit$$0000001B  c_w.l(libinit2.o)
    0x0800020e   0x0800020e   0x00000000   Code   RO         5211    .ARM.Collect$$libinit$$0000001D  c_w.l(libinit2.o)
    0x0800020e   0x0800020e   0x00000000   Code   RO         5213    .ARM.Collect$$libinit$$0000001F  c_w.l(libinit2.o)
    0x0800020e   0x0800020e   0x00000000   Code   RO         5215    .ARM.Collect$$libinit$$00000021  c_w.l(libinit2.o)
    0x0800020e   0x0800020e   0x00000000   Code   RO         5217    .ARM.Collect$$libinit$$00000023  c_w.l(libinit2.o)
    0x0800020e   0x0800020e   0x00000000   Code   RO         5219    .ARM.Collect$$libinit$$00000025  c_w.l(libinit2.o)
    0x0800020e   0x0800020e   0x00000000   Code   RO         5223    .ARM.Collect$$libinit$$0000002C  c_w.l(libinit2.o)
    0x0800020e   0x0800020e   0x00000000   Code   RO         5225    .ARM.Collect$$libinit$$0000002E  c_w.l(libinit2.o)
    0x0800020e   0x0800020e   0x00000000   Code   RO         5227    .ARM.Collect$$libinit$$00000030  c_w.l(libinit2.o)
    0x0800020e   0x0800020e   0x00000000   Code   RO         5229    .ARM.Collect$$libinit$$00000032  c_w.l(libinit2.o)
    0x0800020e   0x0800020e   0x00000002   Code   RO         5230    .ARM.Collect$$libinit$$00000033  c_w.l(libinit2.o)
    0x08000210   0x08000210   0x00000002   Code   RO         5519    .ARM.Collect$$libshutdown$$00000000  c_w.l(libshutdown.o)
    0x08000212   0x08000212   0x00000000   Code   RO         5447    .ARM.Collect$$libshutdown$$00000002  c_w.l(libshutdown2.o)
    0x08000212   0x08000212   0x00000000   Code   RO         5449    .ARM.Collect$$libshutdown$$00000004  c_w.l(libshutdown2.o)
    0x08000212   0x08000212   0x00000000   Code   RO         5452    .ARM.Collect$$libshutdown$$00000007  c_w.l(libshutdown2.o)
    0x08000212   0x08000212   0x00000000   Code   RO         5455    .ARM.Collect$$libshutdown$$0000000A  c_w.l(libshutdown2.o)
    0x08000212   0x08000212   0x00000000   Code   RO         5457    .ARM.Collect$$libshutdown$$0000000C  c_w.l(libshutdown2.o)
    0x08000212   0x08000212   0x00000000   Code   RO         5460    .ARM.Collect$$libshutdown$$0000000F  c_w.l(libshutdown2.o)
    0x08000212   0x08000212   0x00000002   Code   RO         5461    .ARM.Collect$$libshutdown$$00000010  c_w.l(libshutdown2.o)
    0x08000214   0x08000214   0x00000000   Code   RO         5073    .ARM.Collect$$rtentry$$00000000  c_w.l(__rtentry.o)
    0x08000214   0x08000214   0x00000000   Code   RO         5291    .ARM.Collect$$rtentry$$00000002  c_w.l(__rtentry2.o)
    0x08000214   0x08000214   0x00000006   Code   RO         5303    .ARM.Collect$$rtentry$$00000004  c_w.l(__rtentry4.o)
    0x0800021a   0x0800021a   0x00000000   Code   RO         5293    .ARM.Collect$$rtentry$$00000009  c_w.l(__rtentry2.o)
    0x0800021a   0x0800021a   0x00000004   Code   RO         5294    .ARM.Collect$$rtentry$$0000000A  c_w.l(__rtentry2.o)
    0x0800021e   0x0800021e   0x00000000   Code   RO         5296    .ARM.Collect$$rtentry$$0000000C  c_w.l(__rtentry2.o)
    0x0800021e   0x0800021e   0x00000008   Code   RO         5297    .ARM.Collect$$rtentry$$0000000D  c_w.l(__rtentry2.o)
    0x08000226   0x08000226   0x00000002   Code   RO         5432    .ARM.Collect$$rtexit$$00000000  c_w.l(rtexit.o)
    0x08000228   0x08000228   0x00000000   Code   RO         5483    .ARM.Collect$$rtexit$$00000002  c_w.l(rtexit2.o)
    0x08000228   0x08000228   0x00000004   Code   RO         5484    .ARM.Collect$$rtexit$$00000003  c_w.l(rtexit2.o)
    0x0800022c   0x0800022c   0x00000006   Code   RO         5485    .ARM.Collect$$rtexit$$00000004  c_w.l(rtexit2.o)
    0x08000232   0x08000232   0x00000002   PAD
    0x08000234   0x08000234   0x00000040   Code   RO            4    .text               startup_stm32f10x_md.o
    0x08000274   0x08000274   0x00000048   Code   RO         4898    .text               c_w.l(llsdiv.o)
    0x080002bc   0x080002bc   0x00000034   Code   RO         4900    .text               c_w.l(vsnprintf.o)
    0x080002f0   0x080002f0   0x0000002c   Code   RO         4902    .text               c_w.l(__2sprintf.o)
    0x0800031c   0x0800031c   0x0000004e   Code   RO         4908    .text               c_w.l(_printf_pad.o)
    0x0800036a   0x0800036a   0x00000052   Code   RO         4910    .text               c_w.l(_printf_str.o)
    0x080003bc   0x080003bc   0x00000078   Code   RO         4912    .text               c_w.l(_printf_dec.o)
    0x08000434   0x08000434   0x00000188   Code   RO         4931    .text               c_w.l(__printf_flags_ss_wp.o)
    0x080005bc   0x080005bc   0x00000024   Code   RO         4947    .text               c_w.l(strstr.o)
    0x080005e0   0x080005e0   0x00000058   Code   RO         4949    .text               c_w.l(memcmp.o)
    0x08000638   0x08000638   0x00000048   Code   RO         4951    .text               c_w.l(strcpy.o)
    0x08000680   0x08000680   0x0000003e   Code   RO         4953    .text               c_w.l(strlen.o)
    0x080006be   0x080006be   0x0000008a   Code   RO         4955    .text               c_w.l(rt_memcpy_v6.o)
    0x08000748   0x08000748   0x00000010   Code   RO         4957    .text               c_w.l(aeabi_memset.o)
    0x08000758   0x08000758   0x00000044   Code   RO         4959    .text               c_w.l(rt_memclr.o)
    0x0800079c   0x0800079c   0x0000004e   Code   RO         4961    .text               c_w.l(rt_memclr_w.o)
    0x080007ea   0x080007ea   0x00000006   Code   RO         4963    .text               c_w.l(heapauxi.o)
    0x080007f0   0x080007f0   0x00000008   Code   RO         5082    .text               c_w.l(rt_errno_addr_intlibspace.o)
    0x080007f8   0x080007f8   0x000000ee   Code   RO         5104    .text               c_w.l(lludivv7m.o)
    0x080008e6   0x080008e6   0x00000016   Code   RO         5106    .text               c_w.l(_rserrno.o)
    0x080008fc   0x080008fc   0x00000024   Code   RO         5108    .text               c_w.l(_printf_truncate.o)
    0x08000920   0x08000920   0x000000b2   Code   RO         5110    .text               c_w.l(_printf_intcommon.o)
    0x080009d2   0x080009d2   0x00000028   Code   RO         5112    .text               c_w.l(_printf_charcount.o)
    0x080009fa   0x080009fa   0x0000041e   Code   RO         5114    .text               c_w.l(_printf_fp_dec.o)
    0x08000e18   0x08000e18   0x00000030   Code   RO         5116    .text               c_w.l(_printf_char_common.o)
    0x08000e48   0x08000e48   0x0000000a   Code   RO         5118    .text               c_w.l(_sputc.o)
    0x08000e52   0x08000e52   0x00000010   Code   RO         5120    .text               c_w.l(_snputc.o)
    0x08000e62   0x08000e62   0x0000002c   Code   RO         5122    .text               c_w.l(_printf_char.o)
    0x08000e8e   0x08000e8e   0x00000002   PAD
    0x08000e90   0x08000e90   0x000000bc   Code   RO         5124    .text               c_w.l(_printf_wctomb.o)
    0x08000f4c   0x08000f4c   0x0000007c   Code   RO         5127    .text               c_w.l(_printf_longlong_dec.o)
    0x08000fc8   0x08000fc8   0x00000070   Code   RO         5133    .text               c_w.l(_printf_oct_int_ll.o)
    0x08001038   0x08001038   0x00000094   Code   RO         5153    .text               c_w.l(_printf_hex_int_ll_ptr.o)
    0x080010cc   0x080010cc   0x00000064   Code   RO         5182    .text               c_w.l(rt_memcpy_w.o)
    0x08001130   0x08001130   0x00000008   Code   RO         5287    .text               c_w.l(libspace.o)
    0x08001138   0x08001138   0x00000010   Code   RO         5305    .text               c_w.l(rt_ctype_table.o)
    0x08001148   0x08001148   0x00000008   Code   RO         5314    .text               c_w.l(rt_locale_intlibspace.o)
    0x08001150   0x08001150   0x0000008a   Code   RO         5324    .text               c_w.l(lludiv10.o)
    0x080011da   0x080011da   0x00000002   PAD
    0x080011dc   0x080011dc   0x000002fc   Code   RO         5328    .text               c_w.l(_printf_fp_hex.o)
    0x080014d8   0x080014d8   0x00000080   Code   RO         5331    .text               c_w.l(_printf_fp_infnan.o)
    0x08001558   0x08001558   0x0000002c   Code   RO         5335    .text               c_w.l(_printf_wchar.o)
    0x08001584   0x08001584   0x000000e4   Code   RO         5341    .text               c_w.l(bigflt0.o)
    0x08001668   0x08001668   0x00000040   Code   RO         5366    .text               c_w.l(_wcrtomb.o)
    0x080016a8   0x080016a8   0x00000002   Code   RO         5392    .text               c_w.l(use_no_semi.o)
    0x080016aa   0x080016aa   0x00000000   Code   RO         5394    .text               c_w.l(indicate_semi.o)
    0x080016aa   0x080016aa   0x0000004a   Code   RO         5395    .text               c_w.l(sys_stackheap_outer.o)
    0x080016f4   0x080016f4   0x00000012   Code   RO         5410    .text               c_w.l(exit.o)
    0x08001706   0x08001706   0x00000002   PAD
    0x08001708   0x08001708   0x00000080   Code   RO         5416    .text               c_w.l(strcmpv7m.o)
    0x08001788   0x08001788   0x0000000c   Code   RO         5430    .text               c_w.l(sys_exit.o)
    0x08001794   0x08001794   0x0000003e   Code   RO         5344    CL$$btod_d2e        c_w.l(btod.o)
    0x080017d2   0x080017d2   0x00000046   Code   RO         5346    CL$$btod_d2e_denorm_low  c_w.l(btod.o)
    0x08001818   0x08001818   0x00000060   Code   RO         5345    CL$$btod_d2e_norm_op1  c_w.l(btod.o)
    0x08001878   0x08001878   0x00000338   Code   RO         5354    CL$$btod_div_common  c_w.l(btod.o)
    0x08001bb0   0x08001bb0   0x000000dc   Code   RO         5351    CL$$btod_e2e        c_w.l(btod.o)
    0x08001c8c   0x08001c8c   0x0000002a   Code   RO         5348    CL$$btod_ediv       c_w.l(btod.o)
    0x08001cb6   0x08001cb6   0x0000002a   Code   RO         5347    CL$$btod_emul       c_w.l(btod.o)
    0x08001ce0   0x08001ce0   0x00000244   Code   RO         5353    CL$$btod_mult_common  c_w.l(btod.o)
    0x08001f24   0x08001f24   0x0000001c   Code   RO         4748    i.Air780EG_Clear    780eg.o
    0x08001f40   0x08001f40   0x000001f8   Code   RO         4750    i.Air780EG_Init     780eg.o
    0x08002138   0x08002138   0x00000068   Code   RO         4751    i.Air780EG_Sendcmd  780eg.o
    0x080021a0   0x080021a0   0x000000a8   Code   RO         4752    i.Air780EG_Sendmqttdata  780eg.o
    0x08002248   0x08002248   0x000000a0   Code   RO         4753    i.Air780EG_Sendtheremqttdata  780eg.o
    0x080022e8   0x080022e8   0x00000034   Code   RO         4754    i.Air780EG_WaitRecive  780eg.o
    0x0800231c   0x0800231c   0x00000004   Code   RO         3639    i.BusFault_Handler  stm32f10x_it.o
    0x08002320   0x08002320   0x00000002   Code   RO         3640    i.DebugMon_Handler  stm32f10x_it.o
    0x08002322   0x08002322   0x00000018   Code   RO         3196    i.Delay_ms          delay.o
    0x0800233a   0x0800233a   0x0000002e   Code   RO         3198    i.Delay_us          delay.o
    0x08002368   0x08002368   0x0000004c   Code   RO         4418    i.EE                algorithm.o
    0x080023b4   0x080023b4   0x00000038   Code   RO         3290    i.EXTI15_10_IRQHandler  mq-2.o
    0x080023ec   0x080023ec   0x0000000c   Code   RO          985    i.EXTI_ClearITPendingBit  stm32f10x_exti.o
    0x080023f8   0x080023f8   0x00000028   Code   RO          989    i.EXTI_GetITStatus  stm32f10x_exti.o
    0x08002420   0x08002420   0x0000018c   Code   RO         4419    i.FFT               algorithm.o
    0x080025ac   0x080025ac   0x00000116   Code   RO         1347    i.GPIO_Init         stm32f10x_gpio.o
    0x080026c2   0x080026c2   0x00000012   Code   RO         1351    i.GPIO_ReadInputDataBit  stm32f10x_gpio.o
    0x080026d4   0x080026d4   0x00000004   Code   RO         1354    i.GPIO_ResetBits    stm32f10x_gpio.o
    0x080026d8   0x080026d8   0x00000004   Code   RO         1355    i.GPIO_SetBits      stm32f10x_gpio.o
    0x080026dc   0x080026dc   0x0000000a   Code   RO         1358    i.GPIO_WriteBit     stm32f10x_gpio.o
    0x080026e6   0x080026e6   0x00000004   Code   RO         3641    i.HardFault_Handler  stm32f10x_it.o
    0x080026ea   0x080026ea   0x00000002   PAD
    0x080026ec   0x080026ec   0x0000006c   Code   RO         4574    i.I2C_Ack           xiic.o
    0x08002758   0x08002758   0x00000010   Code   RO         4575    i.IIC_Delay         xiic.o
    0x08002768   0x08002768   0x0000003c   Code   RO         4576    i.IIC_GPIO_INIT     xiic.o
    0x080027a4   0x080027a4   0x00000084   Code   RO         4577    i.IIC_Read_Array    xiic.o
    0x08002828   0x08002828   0x00000060   Code   RO         4578    i.IIC_Read_Byte     xiic.o
    0x08002888   0x08002888   0x00000048   Code   RO         4579    i.IIC_Receive_Byte  xiic.o
    0x080028d0   0x080028d0   0x000000a0   Code   RO         4580    i.IIC_Send_Byte     xiic.o
    0x08002970   0x08002970   0x0000003c   Code   RO         4581    i.IIC_Start         xiic.o
    0x080029ac   0x080029ac   0x00000030   Code   RO         4582    i.IIC_Stop          xiic.o
    0x080029dc   0x080029dc   0x00000050   Code   RO         4584    i.IIC_Write_Byte    xiic.o
    0x08002a2c   0x08002a2c   0x0000007c   Code   RO         4532    i.MAX30102_Config   max30102.o
    0x08002aa8   0x08002aa8   0x00000024   Code   RO         4533    i.MAX30102_GPIO     max30102.o
    0x08002acc   0x08002acc   0x0000007c   Code   RO         4534    i.MAX30102_read_temp  max30102.o
    0x08002b48   0x08002b48   0x00000224   Code   RO         3771    i.MPU6050_DMP_Get_Data  inv_mpu.o
    0x08002d6c   0x08002d6c   0x00000050   Code   RO         3772    i.MPU6050_DMP_Init  inv_mpu.o
    0x08002dbc   0x08002dbc   0x0000002c   Code   RO         4343    i.MPU6050_IIC_IO_Init  mpu6050_i2c.o
    0x08002de8   0x08002de8   0x00000050   Code   RO         4344    i.MPU6050_IIC_Read_Ack  mpu6050_i2c.o
    0x08002e38   0x08002e38   0x00000060   Code   RO         4345    i.MPU6050_IIC_Read_Byte  mpu6050_i2c.o
    0x08002e98   0x08002e98   0x00000018   Code   RO         4346    i.MPU6050_IIC_SDA_IO_IN  mpu6050_i2c.o
    0x08002eb0   0x08002eb0   0x00000018   Code   RO         4347    i.MPU6050_IIC_SDA_IO_OUT  mpu6050_i2c.o
    0x08002ec8   0x08002ec8   0x00000038   Code   RO         4348    i.MPU6050_IIC_Send_Ack  mpu6050_i2c.o
    0x08002f00   0x08002f00   0x00000064   Code   RO         4349    i.MPU6050_IIC_Send_Byte  mpu6050_i2c.o
    0x08002f64   0x08002f64   0x00000038   Code   RO         4350    i.MPU6050_IIC_Start  mpu6050_i2c.o
    0x08002f9c   0x08002f9c   0x0000003c   Code   RO         4351    i.MPU6050_IIC_Stop  mpu6050_i2c.o
    0x08002fd8   0x08002fd8   0x00000016   Code   RO         4535    i.Max30102_reset    max30102.o
    0x08002fee   0x08002fee   0x00000004   Code   RO         3642    i.MemManage_Handler  stm32f10x_it.o
    0x08002ff2   0x08002ff2   0x00000002   PAD
    0x08002ff4   0x08002ff4   0x000000b0   Code   RO         3509    i.My_GPIO_Init      sys.o
    0x080030a4   0x080030a4   0x00000002   Code   RO         3643    i.NMI_Handler       stm32f10x_it.o
    0x080030a6   0x080030a6   0x00000002   PAD
    0x080030a8   0x080030a8   0x00000070   Code   RO          137    i.NVIC_Init         misc.o
    0x08003118   0x08003118   0x00000014   Code   RO          138    i.NVIC_PriorityGroupConfig  misc.o
    0x0800312c   0x0800312c   0x00000050   Code   RO         3394    i.OLED_I2C_SendByte  oled.o
    0x0800317c   0x0800317c   0x00000030   Code   RO         3395    i.OLED_I2C_Start    oled.o
    0x080031ac   0x080031ac   0x00000028   Code   RO         3396    i.OLED_I2C_Stop     oled.o
    0x080031d4   0x080031d4   0x00000014   Code   RO         3398    i.OLED_Pow          oled.o
    0x080031e8   0x080031e8   0x00000022   Code   RO         3399    i.OLED_SetCursor    oled.o
    0x0800320a   0x0800320a   0x00000002   PAD
    0x0800320c   0x0800320c   0x00000074   Code   RO         3402    i.OLED_ShowChar     oled.o
    0x08003280   0x08003280   0x00000044   Code   RO         3404    i.OLED_ShowNum      oled.o
    0x080032c4   0x080032c4   0x00000020   Code   RO         3407    i.OLED_WriteCommand  oled.o
    0x080032e4   0x080032e4   0x00000020   Code   RO         3408    i.OLED_WriteData    oled.o
    0x08003304   0x08003304   0x00000002   Code   RO         3644    i.PendSV_Handler    stm32f10x_it.o
    0x08003306   0x08003306   0x00000002   PAD
    0x08003308   0x08003308   0x00000020   Code   RO         1775    i.RCC_APB1PeriphClockCmd  stm32f10x_rcc.o
    0x08003328   0x08003328   0x00000020   Code   RO         1777    i.RCC_APB2PeriphClockCmd  stm32f10x_rcc.o
    0x08003348   0x08003348   0x000000d4   Code   RO         1785    i.RCC_GetClocksFreq  stm32f10x_rcc.o
    0x0800341c   0x0800341c   0x00000002   Code   RO         3645    i.SVC_Handler       stm32f10x_it.o
    0x0800341e   0x0800341e   0x00000008   Code   RO           24    i.SetSysClock       system_stm32f10x.o
    0x08003426   0x08003426   0x00000002   PAD
    0x08003428   0x08003428   0x000000e0   Code   RO           25    i.SetSysClockTo72   system_stm32f10x.o
    0x08003508   0x08003508   0x00000002   Code   RO         3646    i.SysTick_Handler   stm32f10x_it.o
    0x0800350a   0x0800350a   0x00000002   PAD
    0x0800350c   0x0800350c   0x00000060   Code   RO           27    i.SystemInit        system_stm32f10x.o
    0x0800356c   0x0800356c   0x000000f8   Code   RO         3578    i.TIM2_IRQHandler   main.o
    0x08003664   0x08003664   0x00000094   Code   RO         3579    i.TIM3_IRQHandler   main.o
    0x080036f8   0x080036f8   0x00000006   Code   RO         2415    i.TIM_ClearFlag     stm32f10x_tim.o
    0x080036fe   0x080036fe   0x00000006   Code   RO         2416    i.TIM_ClearITPendingBit  stm32f10x_tim.o
    0x08003704   0x08003704   0x00000018   Code   RO         2421    i.TIM_Cmd           stm32f10x_tim.o
    0x0800371c   0x0800371c   0x00000022   Code   RO         2442    i.TIM_GetITStatus   stm32f10x_tim.o
    0x0800373e   0x0800373e   0x00000012   Code   RO         2446    i.TIM_ITConfig      stm32f10x_tim.o
    0x08003750   0x08003750   0x0000000c   Code   RO         2448    i.TIM_InternalClockConfig  stm32f10x_tim.o
    0x0800375c   0x0800375c   0x000000a4   Code   RO         2492    i.TIM_TimeBaseInit  stm32f10x_tim.o
    0x08003800   0x08003800   0x0000007a   Code   RO         3220    i.Timer2_Init       timer.o
    0x0800387a   0x0800387a   0x00000002   PAD
    0x0800387c   0x0800387c   0x0000007c   Code   RO         3221    i.Timer3_Init       timer.o
    0x080038f8   0x080038f8   0x0000001c   Code   RO         3238    i.USART1_IRQHandler  usart.o
    0x08003914   0x08003914   0x0000004c   Code   RO         4756    i.USART2_IRQHandler  780eg.o
    0x08003960   0x08003960   0x00000012   Code   RO         2956    i.USART_ClearFlag   stm32f10x_usart.o
    0x08003972   0x08003972   0x00000018   Code   RO         2960    i.USART_Cmd         stm32f10x_usart.o
    0x0800398a   0x0800398a   0x0000001a   Code   RO         2963    i.USART_GetFlagStatus  stm32f10x_usart.o
    0x080039a4   0x080039a4   0x00000054   Code   RO         2964    i.USART_GetITStatus  stm32f10x_usart.o
    0x080039f8   0x080039f8   0x0000004a   Code   RO         2966    i.USART_ITConfig    stm32f10x_usart.o
    0x08003a42   0x08003a42   0x00000002   PAD
    0x08003a44   0x08003a44   0x000000d8   Code   RO         2967    i.USART_Init        stm32f10x_usart.o
    0x08003b1c   0x08003b1c   0x00000008   Code   RO         2977    i.USART_SendData    stm32f10x_usart.o
    0x08003b24   0x08003b24   0x00000004   Code   RO         3647    i.UsageFault_Handler  stm32f10x_it.o
    0x08003b28   0x08003b28   0x000000b0   Code   RO         3239    i.Usart1_Init       usart.o
    0x08003bd8   0x08003bd8   0x000000ac   Code   RO         3240    i.Usart2_Init       usart.o
    0x08003c84   0x08003c84   0x00000048   Code   RO         3241    i.UsartPrintf       usart.o
    0x08003ccc   0x08003ccc   0x00000032   Code   RO         3242    i.Usart_SendString  usart.o
    0x08003cfe   0x08003cfe   0x00000002   PAD
    0x08003d00   0x08003d00   0x00000028   Code   RO         4420    i.XCos              algorithm.o
    0x08003d28   0x08003d28   0x00000210   Code   RO         4421    i.XSin              algorithm.o
    0x08003f38   0x08003f38   0x00000028   Code   RO         5280    i.__ARM_fpclassify  m_ws.l(fpclassify.o)
    0x08003f60   0x08003f60   0x000000aa   Code   RO         5282    i.__kernel_poly     m_ws.l(poly.o)
    0x0800400a   0x0800400a   0x00000006   Code   RO         5267    i.__mathlib_dbl_infnan  m_ws.l(dunder.o)
    0x08004010   0x08004010   0x00000004   Code   RO         5268    i.__mathlib_dbl_infnan2  m_ws.l(dunder.o)
    0x08004014   0x08004014   0x0000000c   Code   RO         5269    i.__mathlib_dbl_invalid  m_ws.l(dunder.o)
    0x08004020   0x08004020   0x00000010   Code   RO         5272    i.__mathlib_dbl_underflow  m_ws.l(dunder.o)
    0x08004030   0x08004030   0x0000000e   Code   RO         4924    i._is_digit         c_w.l(__printf_wp.o)
    0x0800403e   0x0800403e   0x00000002   PAD
    0x08004040   0x08004040   0x000000a8   Code   RO         3776    i.accel_self_test   inv_mpu.o
    0x080040e8   0x080040e8   0x00000270   Code   RO         5034    i.asin              m_ws.l(asin.o)
    0x08004358   0x08004358   0x00000220   Code   RO         5257    i.atan              m_ws.l(atan.o)
    0x08004578   0x08004578   0x00000180   Code   RO         5044    i.atan2             m_ws.l(atan2.o)
    0x080046f8   0x080046f8   0x00000108   Code   RO         4489    i.blood_Loop        blood.o
    0x08004800   0x08004800   0x00000460   Code   RO         4490    i.blood_data_translate  blood.o
    0x08004c60   0x08004c60   0x00000094   Code   RO         4491    i.blood_data_update  blood.o
    0x08004cf4   0x08004cf4   0x00000064   Code   RO         4131    i.decode_gesture    inv_mpu_dmp_motion_driver.o
    0x08004d58   0x08004d58   0x0000003c   Code   RO         4132    i.dmp_enable_6x_lp_quat  inv_mpu_dmp_motion_driver.o
    0x08004d94   0x08004d94   0x0000021c   Code   RO         4133    i.dmp_enable_feature  inv_mpu_dmp_motion_driver.o
    0x08004fb0   0x08004fb0   0x00000058   Code   RO         4134    i.dmp_enable_gyro_cal  inv_mpu_dmp_motion_driver.o
    0x08005008   0x08005008   0x0000003c   Code   RO         4135    i.dmp_enable_lp_quat  inv_mpu_dmp_motion_driver.o
    0x08005044   0x08005044   0x00000018   Code   RO         4140    i.dmp_load_motion_driver_firmware  inv_mpu_dmp_motion_driver.o
    0x0800505c   0x0800505c   0x000001c8   Code   RO         4141    i.dmp_read_fifo     inv_mpu_dmp_motion_driver.o
    0x08005224   0x08005224   0x00000130   Code   RO         4144    i.dmp_set_accel_bias  inv_mpu_dmp_motion_driver.o
    0x08005354   0x08005354   0x00000070   Code   RO         4145    i.dmp_set_fifo_rate  inv_mpu_dmp_motion_driver.o
    0x080053c4   0x080053c4   0x00000130   Code   RO         4146    i.dmp_set_gyro_bias  inv_mpu_dmp_motion_driver.o
    0x080054f4   0x080054f4   0x00000138   Code   RO         4148    i.dmp_set_orientation  inv_mpu_dmp_motion_driver.o
    0x0800562c   0x0800562c   0x00000038   Code   RO         4151    i.dmp_set_shake_reject_thresh  inv_mpu_dmp_motion_driver.o
    0x08005664   0x08005664   0x00000026   Code   RO         4152    i.dmp_set_shake_reject_time  inv_mpu_dmp_motion_driver.o
    0x0800568a   0x0800568a   0x00000026   Code   RO         4153    i.dmp_set_shake_reject_timeout  inv_mpu_dmp_motion_driver.o
    0x080056b0   0x080056b0   0x00000046   Code   RO         4154    i.dmp_set_tap_axes  inv_mpu_dmp_motion_driver.o
    0x080056f6   0x080056f6   0x00000026   Code   RO         4155    i.dmp_set_tap_count  inv_mpu_dmp_motion_driver.o
    0x0800571c   0x0800571c   0x000001a0   Code   RO         4156    i.dmp_set_tap_thresh  inv_mpu_dmp_motion_driver.o
    0x080058bc   0x080058bc   0x00000026   Code   RO         4157    i.dmp_set_tap_time  inv_mpu_dmp_motion_driver.o
    0x080058e2   0x080058e2   0x00000026   Code   RO         4158    i.dmp_set_tap_time_multi  inv_mpu_dmp_motion_driver.o
    0x08005908   0x08005908   0x00000032   Code   RO         4424    i.find_max_num_index  algorithm.o
    0x0800593a   0x0800593a   0x00000002   PAD
    0x0800593c   0x0800593c   0x000000b4   Code   RO         3777    i.get_accel_prod_shift  inv_mpu.o
    0x080059f0   0x080059f0   0x00000470   Code   RO         3779    i.get_st_biases     inv_mpu.o
    0x08005e60   0x08005e60   0x00000110   Code   RO         3780    i.gyro_self_test    inv_mpu.o
    0x08005f70   0x08005f70   0x00000028   Code   RO         3781    i.inv_orientation_matrix_to_scalar  inv_mpu.o
    0x08005f98   0x08005f98   0x0000004e   Code   RO         3782    i.inv_row_2_scale   inv_mpu.o
    0x08005fe6   0x08005fe6   0x00000002   PAD
    0x08005fe8   0x08005fe8   0x000000ac   Code   RO         3580    i.main              main.o
    0x08006094   0x08006094   0x000000cc   Code   RO         4536    i.max30102_read_fifo  max30102.o
    0x08006160   0x08006160   0x0000005c   Code   RO         4308    i.mpu6050_read      mpu6050.o
    0x080061bc   0x080061bc   0x00000044   Code   RO         4310    i.mpu6050_write     mpu6050.o
    0x08006200   0x08006200   0x00000070   Code   RO         3783    i.mpu_configure_fifo  inv_mpu.o
    0x08006270   0x08006270   0x0000004c   Code   RO         3784    i.mpu_get_accel_fsr  inv_mpu.o
    0x080062bc   0x080062bc   0x00000054   Code   RO         3786    i.mpu_get_accel_sens  inv_mpu.o
    0x08006310   0x08006310   0x00000010   Code   RO         3791    i.mpu_get_fifo_config  inv_mpu.o
    0x08006320   0x08006320   0x00000044   Code   RO         3792    i.mpu_get_gyro_fsr  inv_mpu.o
    0x08006364   0x08006364   0x00000050   Code   RO         3794    i.mpu_get_gyro_sens  inv_mpu.o
    0x080063b4   0x080063b4   0x00000050   Code   RO         3796    i.mpu_get_lpf       inv_mpu.o
    0x08006404   0x08006404   0x00000020   Code   RO         3798    i.mpu_get_sample_rate  inv_mpu.o
    0x08006424   0x08006424   0x00000190   Code   RO         3800    i.mpu_init          inv_mpu.o
    0x080065b4   0x080065b4   0x000000b8   Code   RO         3801    i.mpu_load_firmware  inv_mpu.o
    0x0800666c   0x0800666c   0x000000e0   Code   RO         3802    i.mpu_lp_accel_mode  inv_mpu.o
    0x0800674c   0x0800674c   0x000000c0   Code   RO         3805    i.mpu_read_fifo_stream  inv_mpu.o
    0x0800680c   0x0800680c   0x00000080   Code   RO         3806    i.mpu_read_mem      inv_mpu.o
    0x0800688c   0x0800688c   0x000001c8   Code   RO         3809    i.mpu_reset_fifo    inv_mpu.o
    0x08006a54   0x08006a54   0x0000011c   Code   RO         3810    i.mpu_run_self_test  inv_mpu.o
    0x08006b70   0x08006b70   0x00000084   Code   RO         3812    i.mpu_set_accel_fsr  inv_mpu.o
    0x08006bf4   0x08006bf4   0x0000014c   Code   RO         3813    i.mpu_set_bypass    inv_mpu.o
    0x08006d40   0x08006d40   0x00000090   Code   RO         3815    i.mpu_set_dmp_state  inv_mpu.o
    0x08006dd0   0x08006dd0   0x00000088   Code   RO         3816    i.mpu_set_gyro_fsr  inv_mpu.o
    0x08006e58   0x08006e58   0x0000006c   Code   RO         3817    i.mpu_set_int_latched  inv_mpu.o
    0x08006ec4   0x08006ec4   0x00000084   Code   RO         3819    i.mpu_set_lpf       inv_mpu.o
    0x08006f48   0x08006f48   0x0000009c   Code   RO         3820    i.mpu_set_sample_rate  inv_mpu.o
    0x08006fe4   0x08006fe4   0x000000d0   Code   RO         3821    i.mpu_set_sensors   inv_mpu.o
    0x080070b4   0x080070b4   0x00000080   Code   RO         3822    i.mpu_write_mem     inv_mpu.o
    0x08007134   0x08007134   0x0000004c   Code   RO         4425    i.my_floor          algorithm.o
    0x08007180   0x08007180   0x00000098   Code   RO         4426    i.my_fmod           algorithm.o
    0x08007218   0x08007218   0x00000014   Code   RO         3512    i.power             sys.o
    0x0800722c   0x0800722c   0x00000094   Code   RO         3823    i.run_self_test     inv_mpu.o
    0x080072c0   0x080072c0   0x0000007c   Code   RO         4757    i.save_jsonData     780eg.o
    0x0800733c   0x0800733c   0x00000094   Code   RO         4758    i.save_therejsonData  780eg.o
    0x080073d0   0x080073d0   0x00000090   Code   RO         3824    i.set_int_enable    inv_mpu.o
    0x08007460   0x08007460   0x0000004c   Code   RO         5056    i.sqrt              m_ws.l(sqrt.o)
    0x080074ac   0x080074ac   0x0000002c   Code   RO         5064    i.sqrtf             m_ws.l(sqrtf.o)
    0x080074d8   0x080074d8   0x0000002c   Code   RO         5369    locale$$code        c_w.l(lc_numeric_c.o)
    0x08007504   0x08007504   0x0000002c   Code   RO         5408    locale$$code        c_w.l(lc_ctype_c.o)
    0x08007530   0x08007530   0x00000062   Code   RO         4967    x$fpl$d2f           fz_ws.l(d2f.o)
    0x08007592   0x08007592   0x00000002   PAD
    0x08007594   0x08007594   0x00000150   Code   RO         4969    x$fpl$dadd          fz_ws.l(daddsub_clz.o)
    0x080076e4   0x080076e4   0x00000010   Code   RO         5384    x$fpl$dcheck1       fz_ws.l(dcheck1.o)
    0x080076f4   0x080076f4   0x00000018   Code   RO         5231    x$fpl$dcmpinf       fz_ws.l(dcmpi.o)
    0x0800770c   0x0800770c   0x000002b0   Code   RO         4976    x$fpl$ddiv          fz_ws.l(ddiv.o)
    0x080079bc   0x080079bc   0x00000078   Code   RO         4979    x$fpl$deqf          fz_ws.l(deqf.o)
    0x08007a34   0x08007a34   0x0000005e   Code   RO         4981    x$fpl$dfix          fz_ws.l(dfix.o)
    0x08007a92   0x08007a92   0x0000002e   Code   RO         4986    x$fpl$dflt          fz_ws.l(dflt_clz.o)
    0x08007ac0   0x08007ac0   0x00000026   Code   RO         4985    x$fpl$dfltu         fz_ws.l(dflt_clz.o)
    0x08007ae6   0x08007ae6   0x00000002   PAD
    0x08007ae8   0x08007ae8   0x00000078   Code   RO         4991    x$fpl$dleqf         fz_ws.l(dleqf.o)
    0x08007b60   0x08007b60   0x00000154   Code   RO         4993    x$fpl$dmul          fz_ws.l(dmul.o)
    0x08007cb4   0x08007cb4   0x0000009c   Code   RO         5233    x$fpl$dnaninf       fz_ws.l(dnaninf.o)
    0x08007d50   0x08007d50   0x0000000c   Code   RO         5235    x$fpl$dretinf       fz_ws.l(dretinf.o)
    0x08007d5c   0x08007d5c   0x0000006c   Code   RO         4995    x$fpl$drleqf        fz_ws.l(drleqf.o)
    0x08007dc8   0x08007dc8   0x00000016   Code   RO         4970    x$fpl$drsb          fz_ws.l(daddsub_clz.o)
    0x08007dde   0x08007dde   0x00000002   PAD
    0x08007de0   0x08007de0   0x000001cc   Code   RO         5237    x$fpl$dsqrt         fz_ws.l(dsqrt_noumaal.o)
    0x08007fac   0x08007fac   0x000001d4   Code   RO         4971    x$fpl$dsub          fz_ws.l(daddsub_clz.o)
    0x08008180   0x08008180   0x00000056   Code   RO         4997    x$fpl$f2d           fz_ws.l(f2d.o)
    0x080081d6   0x080081d6   0x00000002   PAD
    0x080081d8   0x080081d8   0x000000c4   Code   RO         4999    x$fpl$fadd          fz_ws.l(faddsub_clz.o)
    0x0800829c   0x0800829c   0x00000018   Code   RO         5239    x$fpl$fcmpinf       fz_ws.l(fcmpi.o)
    0x080082b4   0x080082b4   0x00000184   Code   RO         5006    x$fpl$fdiv          fz_ws.l(fdiv.o)
    0x08008438   0x08008438   0x00000068   Code   RO         5009    x$fpl$feqf          fz_ws.l(feqf.o)
    0x080084a0   0x080084a0   0x00000036   Code   RO         5011    x$fpl$ffix          fz_ws.l(ffix.o)
    0x080084d6   0x080084d6   0x00000002   PAD
    0x080084d8   0x080084d8   0x0000003e   Code   RO         5015    x$fpl$ffixu         fz_ws.l(ffixu.o)
    0x08008516   0x08008516   0x00000002   PAD
    0x08008518   0x08008518   0x00000030   Code   RO         5020    x$fpl$fflt          fz_ws.l(fflt_clz.o)
    0x08008548   0x08008548   0x00000026   Code   RO         5019    x$fpl$ffltu         fz_ws.l(fflt_clz.o)
    0x0800856e   0x0800856e   0x00000002   PAD
    0x08008570   0x08008570   0x00000068   Code   RO         5025    x$fpl$fleqf         fz_ws.l(fleqf.o)
    0x080085d8   0x080085d8   0x00000102   Code   RO         5027    x$fpl$fmul          fz_ws.l(fmul.o)
    0x080086da   0x080086da   0x0000008c   Code   RO         5241    x$fpl$fnaninf       fz_ws.l(fnaninf.o)
    0x08008766   0x08008766   0x0000000a   Code   RO         5243    x$fpl$fretinf       fz_ws.l(fretinf.o)
    0x08008770   0x08008770   0x00000062   Code   RO         5029    x$fpl$frleqf        fz_ws.l(frleqf.o)
    0x080087d2   0x080087d2   0x00000002   PAD
    0x080087d4   0x080087d4   0x00000110   Code   RO         5245    x$fpl$fsqrt         fz_ws.l(fsqrt.o)
    0x080088e4   0x080088e4   0x000000ea   Code   RO         5001    x$fpl$fsub          fz_ws.l(faddsub_clz.o)
    0x080089ce   0x080089ce   0x00000004   Code   RO         5031    x$fpl$printf1       fz_ws.l(printf1.o)
    0x080089d2   0x080089d2   0x00000004   Code   RO         5247    x$fpl$printf2       fz_ws.l(printf2.o)
    0x080089d6   0x080089d6   0x00000064   Code   RO         5428    x$fpl$retnan        fz_ws.l(retnan.o)
    0x08008a3a   0x08008a3a   0x0000005c   Code   RO         5253    x$fpl$scalbn        fz_ws.l(scalbn.o)
    0x08008a96   0x08008a96   0x00000030   Code   RO         5472    x$fpl$trapveneer    fz_ws.l(trapv.o)
    0x08008ac6   0x08008ac6   0x00000000   Code   RO         5255    x$fpl$usenofp       fz_ws.l(usenofp.o)
    0x08008ac6   0x08008ac6   0x00000ab0   Data   RO         3409    .constdata          oled.o
    0x08009576   0x08009576   0x00000002   PAD
    0x08009578   0x08009578   0x00000050   Data   RO         3825    .constdata          inv_mpu.o
    0x080095c8   0x080095c8   0x00000bf6   Data   RO         4160    .constdata          inv_mpu_dmp_motion_driver.o
    0x0800a1be   0x0800a1be   0x00000002   PAD
    0x0800a1c0   0x0800a1c0   0x00000328   Data   RO         4428    .constdata          algorithm.o
    0x0800a4e8   0x0800a4e8   0x00000011   Data   RO         4932    .constdata          c_w.l(__printf_flags_ss_wp.o)
    0x0800a4f9   0x0800a4f9   0x00000007   PAD
    0x0800a500   0x0800a500   0x00000050   Data   RO         5035    .constdata          m_ws.l(asin.o)
    0x0800a550   0x0800a550   0x00000008   Data   RO         5125    .constdata          c_w.l(_printf_wctomb.o)
    0x0800a558   0x0800a558   0x00000028   Data   RO         5154    .constdata          c_w.l(_printf_hex_int_ll_ptr.o)
    0x0800a580   0x0800a580   0x00000098   Data   RO         5258    .constdata          m_ws.l(atan.o)
    0x0800a618   0x0800a618   0x00000008   Data   RO         5284    .constdata          m_ws.l(qnan.o)
    0x0800a620   0x0800a620   0x00000026   Data   RO         5329    .constdata          c_w.l(_printf_fp_hex.o)
    0x0800a646   0x0800a646   0x00000002   PAD
    0x0800a648   0x0800a648   0x00000094   Data   RO         5342    .constdata          c_w.l(bigflt0.o)
    0x0800a6dc   0x0800a6dc   0x00000020   Data   RO         5532    Region$$Table       anon$$obj.o
    0x0800a6fc   0x0800a6fc   0x0000001c   Data   RO         5368    locale$$data        c_w.l(lc_numeric_c.o)
    0x0800a718   0x0800a718   0x00000110   Data   RO         5407    locale$$data        c_w.l(lc_ctype_c.o)


    Execution Region RW_IRAM1 (Exec base: 0x20000000, Load base: 0x0800a828, Size: 0x00002908, Max: 0x00005000, ABSOLUTE)

    Exec Addr    Load Addr    Size         Type   Attr      Idx    E Section Name        Object

    0x20000000   0x0800a828   0x00000014   Data   RW         1805    .data               stm32f10x_rcc.o
    0x20000014   0x0800a83c   0x00000002   Data   RW         3293    .data               mq-2.o
    0x20000016   0x0800a83e   0x00000002   PAD
    0x20000018   0x0800a840   0x00000020   Data   RW         3581    .data               main.o
    0x20000038   0x0800a860   0x00000035   Data   RW         3826    .data               inv_mpu.o
    0x2000006d   0x0800a895   0x00000003   PAD
    0x20000070   0x0800a898   0x0000001c   Data   RW         4493    .data               blood.o
    0x2000008c   0x0800a8b4   0x00000004   Data   RW         4537    .data               max30102.o
    0x20000090   0x0800a8b8   0x00000001   Data   RW         4585    .data               xiic.o
    0x20000091   0x0800a8b9   0x00000001   PAD
    0x20000092   0x0800a8ba   0x00000004   Data   RW         4760    .data               780eg.o
    0x20000096   0x0800a8be   0x00000002   PAD
    0x20000098        -       0x00000010   Zero   RW         4159    .bss                inv_mpu_dmp_motion_driver.o
    0x200000a8        -       0x00002100   Zero   RW         4492    .bss                blood.o
    0x200021a8        -       0x00000100   Zero   RW         4759    .bss                780eg.o
    0x200022a8        -       0x00000060   Zero   RW         5288    .bss                c_w.l(libspace.o)
    0x20002308        -       0x00000200   Zero   RW            2    HEAP                startup_stm32f10x_md.o
    0x20002508        -       0x00000400   Zero   RW            1    STACK               startup_stm32f10x_md.o


==============================================================================

Image component sizes


      Code (inc. data)   RO Data    RW Data    ZI Data      Debug   Object Name

      1364        494          0          4        256       7525   780eg.o
      1318         60        808          0          0       6091   algorithm.o
      1532        164          0         28       8448       8096   blood.o
         0          0          0          0          0       4500   core_cm3.o
        70          0          0          0          0        962   delay.o
      6686        214         80         53          0      29878   inv_mpu.o
      3092        124       3062          0         16      20150   inv_mpu_dmp_motion_driver.o
       568        140          0         32          0       2025   main.o
       510         20          0          4          0       3116   max30102.o
       132         22          0          0          0     204851   misc.o
       160          0          0          0          0       1795   mpu6050.o
       540         74          0          0          0       4892   mpu6050_i2c.o
        56         10          0          2          0        718   mq-2.o
       470         22       2736          0          0       5618   oled.o
        64         26        236          0       1536        828   startup_stm32f10x_md.o
         0          0          0          0          0       1676   stm32f10x_adc.o
        52         12          0          0          0       1100   stm32f10x_exti.o
       314          0          0          0          0      12472   stm32f10x_gpio.o
        26          0          0          0          0       3918   stm32f10x_it.o
       276         32          0         20          0      13094   stm32f10x_rcc.o
       264         42          0          0          0      24804   stm32f10x_tim.o
       450          6          0          0          0      12059   stm32f10x_usart.o
       196          4          0          0          0       3639   sys.o
       328         28          0          0          0      45373   system_stm32f10x.o
       246          4          0          0          0       1148   timer.o
       498         24          0          0          0       4253   usart.o
       832         48          0          1          0       6392   xiic.o

    ----------------------------------------------------------------------
     20068       1570       6958        152      10256     430973   Object Totals
         0          0         32          0          0          0   (incl. Generated)
        24          0          4          8          0          0   (incl. Padding)

    ----------------------------------------------------------------------

      Code (inc. data)   RO Data    RW Data    ZI Data      Debug   Library Member Name

        44          6          0          0          0         84   __2sprintf.o
         8          0          0          0          0         68   __main.o
       392          4         17          0          0         92   __printf_flags_ss_wp.o
        14          0          0          0          0         68   __printf_wp.o
         0          0          0          0          0          0   __rtentry.o
        12          0          0          0          0          0   __rtentry2.o
         6          0          0          0          0          0   __rtentry4.o
        52          8          0          0          0          0   __scatter.o
        26          0          0          0          0          0   __scatter_copy.o
        28          0          0          0          0          0   __scatter_zi.o
         6          0          0          0          0          0   _printf_a.o
         6          0          0          0          0          0   _printf_c.o
        44          0          0          0          0        108   _printf_char.o
        48          6          0          0          0         96   _printf_char_common.o
        40          0          0          0          0         68   _printf_charcount.o
         6          0          0          0          0          0   _printf_d.o
       120         16          0          0          0         92   _printf_dec.o
         6          0          0          0          0          0   _printf_e.o
         6          0          0          0          0          0   _printf_f.o
      1054          0          0          0          0        216   _printf_fp_dec.o
       764          8         38          0          0        100   _printf_fp_hex.o
       128         16          0          0          0         84   _printf_fp_infnan.o
         6          0          0          0          0          0   _printf_g.o
       148          4         40          0          0        160   _printf_hex_int_ll_ptr.o
         6          0          0          0          0          0   _printf_i.o
       178          0          0          0          0         88   _printf_intcommon.o
        10          0          0          0          0          0   _printf_l.o
         6          0          0          0          0          0   _printf_lc.o
        10          0          0          0          0          0   _printf_ll.o
         6          0          0          0          0          0   _printf_lld.o
         6          0          0          0          0          0   _printf_lli.o
         6          0          0          0          0          0   _printf_llo.o
         6          0          0          0          0          0   _printf_llu.o
         6          0          0          0          0          0   _printf_llx.o
       124         16          0          0          0         92   _printf_longlong_dec.o
         6          0          0          0          0          0   _printf_ls.o
         6          0          0          0          0          0   _printf_n.o
         6          0          0          0          0          0   _printf_o.o
       112         10          0          0          0        124   _printf_oct_int_ll.o
         6          0          0          0          0          0   _printf_p.o
        78          0          0          0          0        108   _printf_pad.o
         0          0          0          0          0          0   _printf_percent.o
         4          0          0          0          0          0   _printf_percent_end.o
         6          0          0          0          0          0   _printf_s.o
        82          0          0          0          0         80   _printf_str.o
        36          0          0          0          0         84   _printf_truncate.o
         6          0          0          0          0          0   _printf_u.o
        44          0          0          0          0        108   _printf_wchar.o
       188          6          8          0          0         92   _printf_wctomb.o
         6          0          0          0          0          0   _printf_x.o
        22          0          0          0          0        100   _rserrno.o
        16          0          0          0          0         68   _snputc.o
        10          0          0          0          0         68   _sputc.o
        64          0          0          0          0         92   _wcrtomb.o
        16          0          0          0          0         68   aeabi_memset.o
       228          4        148          0          0         96   bigflt0.o
      1936        128          0          0          0        672   btod.o
        18          0          0          0          0         80   exit.o
         6          0          0          0          0        152   heapauxi.o
         0          0          0          0          0          0   indicate_semi.o
        44         10        272          0          0         76   lc_ctype_c.o
        44         10         28          0          0         76   lc_numeric_c.o
         2          0          0          0          0          0   libinit.o
        30          0          0          0          0          0   libinit2.o
         2          0          0          0          0          0   libshutdown.o
         2          0          0          0          0          0   libshutdown2.o
         8          4          0          0         96         68   libspace.o
        72          0          0          0          0         76   llsdiv.o
       138          0          0          0          0         80   lludiv10.o
       238          0          0          0          0        100   lludivv7m.o
        88          0          0          0          0         76   memcmp.o
        16          4          0          0          0         76   rt_ctype_table.o
         8          4          0          0          0         68   rt_errno_addr_intlibspace.o
         8          4          0          0          0         68   rt_locale_intlibspace.o
        68          0          0          0          0         68   rt_memclr.o
        78          0          0          0          0         80   rt_memclr_w.o
       138          0          0          0          0         68   rt_memcpy_v6.o
       100          0          0          0          0         80   rt_memcpy_w.o
         2          0          0          0          0          0   rtexit.o
        10          0          0          0          0          0   rtexit2.o
       128          0          0          0          0         68   strcmpv7m.o
        72          0          0          0          0         80   strcpy.o
        62          0          0          0          0         76   strlen.o
        36          0          0          0          0         80   strstr.o
        12          4          0          0          0         68   sys_exit.o
        74          0          0          0          0         80   sys_stackheap_outer.o
         2          0          0          0          0         68   use_no_semi.o
        52          4          0          0          0         80   vsnprintf.o
        98          4          0          0          0         92   d2f.o
       826         16          0          0          0        348   daddsub_clz.o
        16          4          0          0          0         68   dcheck1.o
        24          0          0          0          0         68   dcmpi.o
       688        140          0          0          0        208   ddiv.o
       120          4          0          0          0         92   deqf.o
        94          4          0          0          0         92   dfix.o
        84          0          0          0          0        136   dflt_clz.o
       120          4          0          0          0         92   dleqf.o
       340         12          0          0          0        104   dmul.o
       156          4          0          0          0         92   dnaninf.o
        12          0          0          0          0         68   dretinf.o
       108          0          0          0          0         80   drleqf.o
       460         56          0          0          0        120   dsqrt_noumaal.o
        86          4          0          0          0         84   f2d.o
       430          8          0          0          0        168   faddsub_clz.o
        24          0          0          0          0         68   fcmpi.o
       388         76          0          0          0         96   fdiv.o
       104          4          0          0          0         84   feqf.o
        54          4          0          0          0         84   ffix.o
        62          4          0          0          0         84   ffixu.o
        86          0          0          0          0        136   fflt_clz.o
       104          4          0          0          0         84   fleqf.o
       258          4          0          0          0         84   fmul.o
       140          4          0          0          0         84   fnaninf.o
        10          0          0          0          0         68   fretinf.o
        98          0          0          0          0         68   frleqf.o
       272        100          0          0          0         88   fsqrt.o
         4          0          0          0          0         68   printf1.o
         4          0          0          0          0         68   printf2.o
       100          0          0          0          0         68   retnan.o
        92          0          0          0          0         68   scalbn.o
        48          0          0          0          0         68   trapv.o
         0          0          0          0          0          0   usenofp.o
       624         52         80          0          0        168   asin.o
       544         70        152          0          0        124   atan.o
       384         38          0          0          0        144   atan2.o
        38          6          0          0          0        272   dunder.o
        40          0          0          0          0         68   fpclassify.o
       170          0          0          0          0         96   poly.o
         0          0          8          0          0          0   qnan.o
        76          0          0          0          0         84   sqrt.o
        44          0          0          0          0         80   sqrtf.o

    ----------------------------------------------------------------------
     15222        902        800          0         96       9384   Library Totals
        28          0          9          0          0          0   (incl. Padding)

    ----------------------------------------------------------------------

      Code (inc. data)   RO Data    RW Data    ZI Data      Debug   Library Name

      7764        276        551          0         96       5068   c_w.l
      5510        460          0          0          0       3280   fz_ws.l
      1920        166        240          0          0       1036   m_ws.l

    ----------------------------------------------------------------------
     15222        902        800          0         96       9384   Library Totals

    ----------------------------------------------------------------------

==============================================================================


      Code (inc. data)   RO Data    RW Data    ZI Data      Debug   

     35290       2472       7758        152      10352     426833   Grand Totals
     35290       2472       7758        152      10352     426833   ELF Image Totals
     35290       2472       7758        152          0          0   ROM Totals

==============================================================================

    Total RO  Size (Code + RO Data)                43048 (  42.04kB)
    Total RW  Size (RW Data + ZI Data)             10504 (  10.26kB)
    Total ROM Size (Code + RO Data + RW Data)      43200 (  42.19kB)

==============================================================================

