Component: ARM Compiler 5.06 update 5 (build 528) Tool: armlink [4d35e2]

==============================================================================

Section Cross References

    startup_stm32f10x_md.o(STACK) refers (Special) to heapauxi.o(.text) for __use_two_region_memory
    startup_stm32f10x_md.o(HEAP) refers (Special) to heapauxi.o(.text) for __use_two_region_memory
    startup_stm32f10x_md.o(RESET) refers (Special) to heapauxi.o(.text) for __use_two_region_memory
    startup_stm32f10x_md.o(RESET) refers to startup_stm32f10x_md.o(STACK) for __initial_sp
    startup_stm32f10x_md.o(RESET) refers to startup_stm32f10x_md.o(.text) for Reset_Handler
    startup_stm32f10x_md.o(RESET) refers to stm32f10x_it.o(i.NMI_Handler) for NMI_Handler
    startup_stm32f10x_md.o(RESET) refers to stm32f10x_it.o(i.HardFault_Handler) for HardFault_Handler
    startup_stm32f10x_md.o(RESET) refers to stm32f10x_it.o(i.MemManage_Handler) for MemManage_Handler
    startup_stm32f10x_md.o(RESET) refers to stm32f10x_it.o(i.BusFault_Handler) for BusFault_Handler
    startup_stm32f10x_md.o(RESET) refers to stm32f10x_it.o(i.UsageFault_Handler) for UsageFault_Handler
    startup_stm32f10x_md.o(RESET) refers to stm32f10x_it.o(i.SVC_Handler) for SVC_Handler
    startup_stm32f10x_md.o(RESET) refers to stm32f10x_it.o(i.DebugMon_Handler) for DebugMon_Handler
    startup_stm32f10x_md.o(RESET) refers to stm32f10x_it.o(i.PendSV_Handler) for PendSV_Handler
    startup_stm32f10x_md.o(RESET) refers to stm32f10x_it.o(i.SysTick_Handler) for SysTick_Handler
    startup_stm32f10x_md.o(RESET) refers to main.o(i.TIM2_IRQHandler) for TIM2_IRQHandler
    startup_stm32f10x_md.o(RESET) refers to main.o(i.TIM3_IRQHandler) for TIM3_IRQHandler
    startup_stm32f10x_md.o(RESET) refers to usart.o(i.USART1_IRQHandler) for USART1_IRQHandler
    startup_stm32f10x_md.o(RESET) refers to 780eg.o(i.USART2_IRQHandler) for USART2_IRQHandler
    startup_stm32f10x_md.o(RESET) refers to mq-2.o(i.EXTI15_10_IRQHandler) for EXTI15_10_IRQHandler
    startup_stm32f10x_md.o(.text) refers (Special) to heapauxi.o(.text) for __use_two_region_memory
    startup_stm32f10x_md.o(.text) refers to system_stm32f10x.o(i.SystemInit) for SystemInit
    startup_stm32f10x_md.o(.text) refers to __main.o(!!!main) for __main
    startup_stm32f10x_md.o(.text) refers to startup_stm32f10x_md.o(HEAP) for Heap_Mem
    startup_stm32f10x_md.o(.text) refers to startup_stm32f10x_md.o(STACK) for Stack_Mem
    system_stm32f10x.o(i.SetSysClock) refers to system_stm32f10x.o(i.SetSysClockTo72) for SetSysClockTo72
    system_stm32f10x.o(i.SystemCoreClockUpdate) refers to system_stm32f10x.o(.data) for SystemCoreClock
    system_stm32f10x.o(i.SystemInit) refers to system_stm32f10x.o(i.SetSysClock) for SetSysClock
    stm32f10x_adc.o(i.ADC_DeInit) refers to stm32f10x_rcc.o(i.RCC_APB2PeriphResetCmd) for RCC_APB2PeriphResetCmd
    stm32f10x_bkp.o(i.BKP_DeInit) refers to stm32f10x_rcc.o(i.RCC_BackupResetCmd) for RCC_BackupResetCmd
    stm32f10x_can.o(i.CAN_DeInit) refers to stm32f10x_rcc.o(i.RCC_APB1PeriphResetCmd) for RCC_APB1PeriphResetCmd
    stm32f10x_can.o(i.CAN_GetITStatus) refers to stm32f10x_can.o(i.CheckITStatus) for CheckITStatus
    stm32f10x_cec.o(i.CEC_DeInit) refers to stm32f10x_rcc.o(i.RCC_APB1PeriphResetCmd) for RCC_APB1PeriphResetCmd
    stm32f10x_dac.o(i.DAC_DeInit) refers to stm32f10x_rcc.o(i.RCC_APB1PeriphResetCmd) for RCC_APB1PeriphResetCmd
    stm32f10x_flash.o(i.FLASH_EnableWriteProtection) refers to stm32f10x_flash.o(i.FLASH_WaitForLastOperation) for FLASH_WaitForLastOperation
    stm32f10x_flash.o(i.FLASH_EraseAllBank1Pages) refers to stm32f10x_flash.o(i.FLASH_WaitForLastBank1Operation) for FLASH_WaitForLastBank1Operation
    stm32f10x_flash.o(i.FLASH_EraseAllPages) refers to stm32f10x_flash.o(i.FLASH_WaitForLastOperation) for FLASH_WaitForLastOperation
    stm32f10x_flash.o(i.FLASH_EraseOptionBytes) refers to stm32f10x_flash.o(i.FLASH_GetReadOutProtectionStatus) for FLASH_GetReadOutProtectionStatus
    stm32f10x_flash.o(i.FLASH_EraseOptionBytes) refers to stm32f10x_flash.o(i.FLASH_WaitForLastOperation) for FLASH_WaitForLastOperation
    stm32f10x_flash.o(i.FLASH_ErasePage) refers to stm32f10x_flash.o(i.FLASH_WaitForLastOperation) for FLASH_WaitForLastOperation
    stm32f10x_flash.o(i.FLASH_ProgramHalfWord) refers to stm32f10x_flash.o(i.FLASH_WaitForLastOperation) for FLASH_WaitForLastOperation
    stm32f10x_flash.o(i.FLASH_ProgramOptionByteData) refers to stm32f10x_flash.o(i.FLASH_WaitForLastOperation) for FLASH_WaitForLastOperation
    stm32f10x_flash.o(i.FLASH_ProgramWord) refers to stm32f10x_flash.o(i.FLASH_WaitForLastOperation) for FLASH_WaitForLastOperation
    stm32f10x_flash.o(i.FLASH_ReadOutProtection) refers to stm32f10x_flash.o(i.FLASH_WaitForLastOperation) for FLASH_WaitForLastOperation
    stm32f10x_flash.o(i.FLASH_UserOptionByteConfig) refers to stm32f10x_flash.o(i.FLASH_WaitForLastOperation) for FLASH_WaitForLastOperation
[...]
    _sbackspace                              0x08001697   Thumb Code    34  _sgetc.o(.text)
    _btod_etento                             0x080016b9   Thumb Code   224  bigflt0.o(.text)
    _wcrtomb                                 0x0800179d   Thumb Code    64  _wcrtomb.o(.text)
    strcspn                                  0x080017dd   Thumb Code    32  strcspn.o(.text)
    strspn                                   0x080017fd   Thumb Code    28  strspn.o(.text)
    __I$use$semihosting                      0x08001819   Thumb Code     0  use_no_semi.o(.text)
    __use_no_semihosting_swi                 0x08001819   Thumb Code     2  use_no_semi.o(.text)
    __semihosting_library_function           0x0800181b   Thumb Code     0  indicate_semi.o(.text)
    __user_setup_stackheap                   0x0800181b   Thumb Code    74  sys_stackheap_outer.o(.text)
    __rt_ctype_table                         0x08001865   Thumb Code    16  rt_ctype_table.o(.text)
    _scanf_really_real                       0x08001ac1   Thumb Code   684  scanf_fp.o(.text)
    exit                                     0x08001d6d   Thumb Code    18  exit.o(.text)
    strcmp                                   0x08001d81   Thumb Code   128  strcmpv7m.o(.text)
    _sys_exit                                0x08001e01   Thumb Code     8  sys_exit.o(.text)
    _scanf_really_hex_real                   0x08001e0d   Thumb Code   786  scanf_hexfp.o(.text)
    _scanf_really_infnan                     0x0800212d   Thumb Code   292  scanf_infnan.o(.text)
    __aeabi_llsl                             0x08002261   Thumb Code     0  llshl.o(.text)
    _ll_shift_l                              0x08002261   Thumb Code    38  llshl.o(.text)
    _chval                                   0x08002287   Thumb Code    28  _chval.o(.text)
    _btod_d2e                                0x080022a3   Thumb Code    62  btod.o(CL$$btod_d2e)
    _d2e_denorm_low                          0x080022e1   Thumb Code    70  btod.o(CL$$btod_d2e_denorm_low)
    _d2e_norm_op1                            0x08002327   Thumb Code    96  btod.o(CL$$btod_d2e_norm_op1)
    __btod_div_common                        0x08002387   Thumb Code   696  btod.o(CL$$btod_div_common)
    _e2d                                     0x080026c1   Thumb Code   122  btod.o(CL$$btod_e2d)
    _e2e                                     0x08002745   Thumb Code   220  btod.o(CL$$btod_e2e)
    _btod_ediv                               0x08002821   Thumb Code    42  btod.o(CL$$btod_ediv)
    _btod_edivd                              0x0800284b   Thumb Code    42  btod.o(CL$$btod_edivd)
    _btod_emul                               0x08002875   Thumb Code    42  btod.o(CL$$btod_emul)
    _btod_emuld                              0x0800289f   Thumb Code    42  btod.o(CL$$btod_emuld)
    __btod_mult_common                       0x080028c9   Thumb Code   580  btod.o(CL$$btod_mult_common)
    Air780EG_Clear                           0x08002b0d   Thumb Code    20  780eg.o(i.Air780EG_Clear)
    Air780EG_GNSSInit                        0x08002b29   Thumb Code    60  780eg.o(i.Air780EG_GNSSInit)
    Air780EG_Init                            0x08002ba5   Thumb Code   254  780eg.o(i.Air780EG_Init)
    Air780EG_Sendcmd                         0x08002d95   Thumb Code    96  780eg.o(i.Air780EG_Sendcmd)
    Air780EG_Sendmqttdata                    0x08002dfd   Thumb Code   112  780eg.o(i.Air780EG_Sendmqttdata)
    Air780EG_Sendtheremqttdata               0x08002ea5   Thumb Code   140  780eg.o(i.Air780EG_Sendtheremqttdata)
    Air780EG_WaitRecive                      0x08002fa1   Thumb Code    42  780eg.o(i.Air780EG_WaitRecive)
    Air780EG_sendGNSSdata                    0x08002fd5   Thumb Code   156  780eg.o(i.Air780EG_sendGNSSdata)
    BusFault_Handler                         0x080030dd   Thumb Code     4  stm32f10x_it.o(i.BusFault_Handler)
    DebugMon_Handler                         0x080030e1   Thumb Code     2  stm32f10x_it.o(i.DebugMon_Handler)
    Delay_ms                                 0x080030e3   Thumb Code    24  delay.o(i.Delay_ms)
    Delay_us                                 0x080030fb   Thumb Code    46  delay.o(i.Delay_us)
    EE                                       0x08003129   Thumb Code    76  algorithm.o(i.EE)
    EXTI15_10_IRQHandler                     0x08003175   Thumb Code    46  mq-2.o(i.EXTI15_10_IRQHandler)
    EXTI_ClearITPendingBit                   0x080031ad   Thumb Code     6  stm32f10x_exti.o(i.EXTI_ClearITPendingBit)
    EXTI_GetITStatus                         0x080031b9   Thumb Code    34  stm32f10x_exti.o(i.EXTI_GetITStatus)
    FFT                                      0x080031e1   Thumb Code   386  algorithm.o(i.FFT)
    GPIO_Init                                0x0800336d   Thumb Code   278  stm32f10x_gpio.o(i.GPIO_Init)
    GPIO_ReadInputDataBit                    0x08003483   Thumb Code    18  stm32f10x_gpio.o(i.GPIO_ReadInputDataBit)
    GPIO_ResetBits                           0x08003495   Thumb Code     4  stm32f10x_gpio.o(i.GPIO_ResetBits)
    GPIO_SetBits                             0x08003499   Thumb Code     4  stm32f10x_gpio.o(i.GPIO_SetBits)
    GPIO_WriteBit                            0x0800349d   Thumb Code    10  stm32f10x_gpio.o(i.GPIO_WriteBit)
    HardFault_Handler                        0x080034a7   Thumb Code     4  stm32f10x_it.o(i.HardFault_Handler)
    I2C_Ack                                  0x080034ad   Thumb Code   104  xiic.o(i.I2C_Ack)
    IIC_Delay                                0x08003519   Thumb Code    16  xiic.o(i.IIC_Delay)
    IIC_GPIO_INIT                            0x08003529   Thumb Code    56  xiic.o(i.IIC_GPIO_INIT)
    IIC_Read_Array                           0x08003565   Thumb Code   128  xiic.o(i.IIC_Read_Array)
    IIC_Read_Byte                            0x080035e9   Thumb Code    90  xiic.o(i.IIC_Read_Byte)
    IIC_Receive_Byte                         0x08003649   Thumb Code    68  xiic.o(i.IIC_Receive_Byte)
    IIC_Send_Byte                            0x08003691   Thumb Code   150  xiic.o(i.IIC_Send_Byte)
    IIC_Start                                0x08003731   Thumb Code    56  xiic.o(i.IIC_Start)
    IIC_Stop                                 0x0800376d   Thumb Code    42  xiic.o(i.IIC_Stop)
    IIC_Write_Byte                           0x0800379d   Thumb Code    74  xiic.o(i.IIC_Write_Byte)
    MAX30102_Config                          0x080037ed   Thumb Code   124  max30102.o(i.MAX30102_Config)
    MAX30102_GPIO                            0x08003869   Thumb Code    32  max30102.o(i.MAX30102_GPIO)
    MAX30102_read_temp                       0x0800388d   Thumb Code   116  max30102.o(i.MAX30102_read_temp)
    MPU6050_DMP_Get_Data                     0x08003909   Thumb Code   544  inv_mpu.o(i.MPU6050_DMP_Get_Data)
    MPU6050_DMP_Init                         0x08003b2d   Thumb Code    74  inv_mpu.o(i.MPU6050_DMP_Init)
    MPU6050_IIC_IO_Init                      0x08003b7d   Thumb Code    32  mpu6050_i2c.o(i.MPU6050_IIC_IO_Init)
    MPU6050_IIC_Read_Ack                     0x08003ba9   Thumb Code    72  mpu6050_i2c.o(i.MPU6050_IIC_Read_Ack)
    MPU6050_IIC_Read_Byte                    0x08003bf9   Thumb Code    86  mpu6050_i2c.o(i.MPU6050_IIC_Read_Byte)
    MPU6050_IIC_SDA_IO_IN                    0x08003c59   Thumb Code    20  mpu6050_i2c.o(i.MPU6050_IIC_SDA_IO_IN)
    MPU6050_IIC_SDA_IO_OUT                   0x08003c71   Thumb Code    20  mpu6050_i2c.o(i.MPU6050_IIC_SDA_IO_OUT)
    MPU6050_IIC_Send_Ack                     0x08003c89   Thumb Code    48  mpu6050_i2c.o(i.MPU6050_IIC_Send_Ack)
    MPU6050_IIC_Send_Byte                    0x08003cc1   Thumb Code    90  mpu6050_i2c.o(i.MPU6050_IIC_Send_Byte)
    MPU6050_IIC_Start                        0x08003d25   Thumb Code    46  mpu6050_i2c.o(i.MPU6050_IIC_Start)
    MPU6050_IIC_Stop                         0x08003d5d   Thumb Code    52  mpu6050_i2c.o(i.MPU6050_IIC_Stop)
    Max30102_reset                           0x08003d99   Thumb Code    22  max30102.o(i.Max30102_reset)
    MemManage_Handler                        0x08003daf   Thumb Code     4  stm32f10x_it.o(i.MemManage_Handler)
    My_GPIO_Init                             0x08003db5   Thumb Code   172  sys.o(i.My_GPIO_Init)
    NMI_Handler                              0x08003e65   Thumb Code     2  stm32f10x_it.o(i.NMI_Handler)
    NVIC_Init                                0x08003e69   Thumb Code   100  misc.o(i.NVIC_Init)
    NVIC_PriorityGroupConfig                 0x08003ed9   Thumb Code    10  misc.o(i.NVIC_PriorityGroupConfig)
    OLED_I2C_SendByte                        0x08003eed   Thumb Code    74  oled.o(i.OLED_I2C_SendByte)
    OLED_I2C_Start                           0x08003f3d   Thumb Code    44  oled.o(i.OLED_I2C_Start)
    OLED_I2C_Stop                            0x08003f6d   Thumb Code    34  oled.o(i.OLED_I2C_Stop)
    OLED_Pow                                 0x08003f95   Thumb Code    20  oled.o(i.OLED_Pow)
    OLED_SetCursor                           0x08003fa9   Thumb Code    34  oled.o(i.OLED_SetCursor)
    OLED_ShowChar                            0x08003fcd   Thumb Code   110  oled.o(i.OLED_ShowChar)
    OLED_ShowNum                             0x08004041   Thumb Code    68  oled.o(i.OLED_ShowNum)
    OLED_WriteCommand                        0x08004085   Thumb Code    32  oled.o(i.OLED_WriteCommand)
    OLED_WriteData                           0x080040a5   Thumb Code    32  oled.o(i.OLED_WriteData)
    PendSV_Handler                           0x080040c5   Thumb Code     2  stm32f10x_it.o(i.PendSV_Handler)
    RCC_APB1PeriphClockCmd                   0x080040c9   Thumb Code    26  stm32f10x_rcc.o(i.RCC_APB1PeriphClockCmd)
    RCC_APB2PeriphClockCmd                   0x080040e9   Thumb Code    26  stm32f10x_rcc.o(i.RCC_APB2PeriphClockCmd)
    RCC_GetClocksFreq                        0x08004109   Thumb Code   192  stm32f10x_rcc.o(i.RCC_GetClocksFreq)
    SVC_Handler                              0x080041dd   Thumb Code     2  stm32f10x_it.o(i.SVC_Handler)
    SysTick_Handler                          0x080042c9   Thumb Code     2  stm32f10x_it.o(i.SysTick_Handler)
    SystemInit                               0x080042cd   Thumb Code    78  system_stm32f10x.o(i.SystemInit)
    TIM2_IRQHandler                          0x0800432d   Thumb Code   186  main.o(i.TIM2_IRQHandler)
    TIM3_IRQHandler                          0x08004429   Thumb Code   118  main.o(i.TIM3_IRQHandler)
    TIM_ClearFlag                            0x080044d9   Thumb Code     6  stm32f10x_tim.o(i.TIM_ClearFlag)
    TIM_ClearITPendingBit                    0x080044df   Thumb Code     6  stm32f10x_tim.o(i.TIM_ClearITPendingBit)
    TIM_Cmd                                  0x080044e5   Thumb Code    24  stm32f10x_tim.o(i.TIM_Cmd)
    TIM_GetITStatus                          0x080044fd   Thumb Code    34  stm32f10x_tim.o(i.TIM_GetITStatus)
    TIM_ITConfig                             0x0800451f   Thumb Code    18  stm32f10x_tim.o(i.TIM_ITConfig)
    TIM_InternalClockConfig                  0x08004531   Thumb Code    12  stm32f10x_tim.o(i.TIM_InternalClockConfig)
    TIM_TimeBaseInit                         0x0800453d   Thumb Code   122  stm32f10x_tim.o(i.TIM_TimeBaseInit)
    Timer2_Init                              0x080045e1   Thumb Code   122  timer.o(i.Timer2_Init)
    Timer3_Init                              0x0800465d   Thumb Code   120  timer.o(i.Timer3_Init)
    USART1_IRQHandler                        0x080046d9   Thumb Code    24  usart.o(i.USART1_IRQHandler)
    USART2_IRQHandler                        0x080046f5   Thumb Code    62  780eg.o(i.USART2_IRQHandler)
    USART_ClearFlag                          0x08004741   Thumb Code    18  stm32f10x_usart.o(i.USART_ClearFlag)
    USART_Cmd                                0x08004753   Thumb Code    24  stm32f10x_usart.o(i.USART_Cmd)
    USART_GetFlagStatus                      0x0800476b   Thumb Code    26  stm32f10x_usart.o(i.USART_GetFlagStatus)
    USART_GetITStatus                        0x08004785   Thumb Code    84  stm32f10x_usart.o(i.USART_GetITStatus)
    USART_ITConfig                           0x080047d9   Thumb Code    74  stm32f10x_usart.o(i.USART_ITConfig)
    USART_Init                               0x08004825   Thumb Code   210  stm32f10x_usart.o(i.USART_Init)
    USART_SendData                           0x080048fd   Thumb Code     8  stm32f10x_usart.o(i.USART_SendData)
    UsageFault_Handler                       0x08004905   Thumb Code     4  stm32f10x_it.o(i.UsageFault_Handler)
    Usart1_Init                              0x08004909   Thumb Code   166  usart.o(i.Usart1_Init)
    Usart2_Init                              0x080049b9   Thumb Code   162  usart.o(i.Usart2_Init)
    UsartPrintf                              0x08004a65   Thumb Code    72  usart.o(i.UsartPrintf)
    Usart_SendString                         0x08004aad   Thumb Code    50  usart.o(i.Usart_SendString)
    XCos                                     0x08004ae1   Thumb Code    30  algorithm.o(i.XCos)
    XSin                                     0x08004b09   Thumb Code   488  algorithm.o(i.XSin)
    __ARM_fpclassify                         0x08004d19   Thumb Code    40  fpclassify.o(i.__ARM_fpclassify)
    __kernel_poly                            0x08004d41   Thumb Code   170  poly.o(i.__kernel_poly)
    __mathlib_dbl_infnan                     0x08004deb   Thumb Code     6  dunder.o(i.__mathlib_dbl_infnan)
    __mathlib_dbl_infnan2                    0x08004df1   Thumb Code     4  dunder.o(i.__mathlib_dbl_infnan2)
    __mathlib_dbl_invalid                    0x08004df5   Thumb Code    12  dunder.o(i.__mathlib_dbl_invalid)
    __mathlib_dbl_overflow                   0x08004e01   Thumb Code    14  dunder.o(i.__mathlib_dbl_overflow)
    __mathlib_dbl_underflow                  0x08004e11   Thumb Code    10  dunder.o(i.__mathlib_dbl_underflow)
    __mathlib_narrow                         0x08004e21   Thumb Code    16  narrow.o(i.__mathlib_narrow)
    __mathlib_tofloat                        0x08004e31   Thumb Code   184  narrow.o(i.__mathlib_tofloat)
    __support_ldexp                          0x08004eed   Thumb Code    22  ldexp.o(i.__support_ldexp)
    _is_digit                                0x08004f03   Thumb Code    14  __printf_wp.o(i._is_digit)
    asin                                     0x08004fb9   Thumb Code   572  asin.o(i.asin)
    atan                                     0x08005229   Thumb Code   474  atan.o(i.atan)
    atan2                                    0x08005449   Thumb Code   346  atan2.o(i.atan2)
    atof                                     0x080055c9   Thumb Code    42  atof.o(i.atof)
    blood_Loop                               0x080055f5   Thumb Code   194  blood.o(i.blood_Loop)
    blood_data_translate                     0x080056fd   Thumb Code  1116  blood.o(i.blood_data_translate)
    blood_data_update                        0x08005b5d   Thumb Code   122  blood.o(i.blood_data_update)
    dmp_enable_6x_lp_quat                    0x08005c55   Thumb Code    60  inv_mpu_dmp_motion_driver.o(i.dmp_enable_6x_lp_quat)
    dmp_enable_feature                       0x08005c91   Thumb Code   530  inv_mpu_dmp_motion_driver.o(i.dmp_enable_feature)
    dmp_enable_gyro_cal                      0x08005ead   Thumb Code    62  inv_mpu_dmp_motion_driver.o(i.dmp_enable_gyro_cal)
    dmp_enable_lp_quat                       0x08005f05   Thumb Code    60  inv_mpu_dmp_motion_driver.o(i.dmp_enable_lp_quat)
    dmp_load_motion_driver_firmware          0x08005f41   Thumb Code    20  inv_mpu_dmp_motion_driver.o(i.dmp_load_motion_driver_firmware)
    dmp_read_fifo                            0x08005f59   Thumb Code   450  inv_mpu_dmp_motion_driver.o(i.dmp_read_fifo)
    dmp_set_accel_bias                       0x08006121   Thumb Code   300  inv_mpu_dmp_motion_driver.o(i.dmp_set_accel_bias)
    dmp_set_fifo_rate                        0x08006251   Thumb Code    96  inv_mpu_dmp_motion_driver.o(i.dmp_set_fifo_rate)
    dmp_set_gyro_bias                        0x080062c1   Thumb Code   294  inv_mpu_dmp_motion_driver.o(i.dmp_set_gyro_bias)
    dmp_set_orientation                      0x080063f1   Thumb Code   290  inv_mpu_dmp_motion_driver.o(i.dmp_set_orientation)
    dmp_set_shake_reject_thresh              0x08006529   Thumb Code    56  inv_mpu_dmp_motion_driver.o(i.dmp_set_shake_reject_thresh)
    dmp_set_shake_reject_time                0x08006561   Thumb Code    38  inv_mpu_dmp_motion_driver.o(i.dmp_set_shake_reject_time)
    dmp_set_shake_reject_timeout             0x08006587   Thumb Code    38  inv_mpu_dmp_motion_driver.o(i.dmp_set_shake_reject_timeout)
    dmp_set_tap_axes                         0x080065ad   Thumb Code    70  inv_mpu_dmp_motion_driver.o(i.dmp_set_tap_axes)
    dmp_set_tap_count                        0x080065f3   Thumb Code    38  inv_mpu_dmp_motion_driver.o(i.dmp_set_tap_count)
    dmp_set_tap_thresh                       0x08006619   Thumb Code   396  inv_mpu_dmp_motion_driver.o(i.dmp_set_tap_thresh)
    dmp_set_tap_time                         0x080067b9   Thumb Code    38  inv_mpu_dmp_motion_driver.o(i.dmp_set_tap_time)
    dmp_set_tap_time_multi                   0x080067df   Thumb Code    38  inv_mpu_dmp_motion_driver.o(i.dmp_set_tap_time_multi)
    find_max_num_index                       0x08006805   Thumb Code    50  algorithm.o(i.find_max_num_index)
    frexp                                    0x08006839   Thumb Code    80  frexp.o(i.frexp)
    inv_orientation_matrix_to_scalar         0x08006ec5   Thumb Code    40  inv_mpu.o(i.inv_orientation_matrix_to_scalar)
    inv_row_2_scale                          0x08006eed   Thumb Code    78  inv_mpu.o(i.inv_row_2_scale)
    ldexp                                    0x08006f3b   Thumb Code   116  ldexp.o(i.ldexp)
    main                                     0x08006fb1   Thumb Code   164  main.o(i.main)
    max30102_read_fifo                       0x08007081   Thumb Code   196  max30102.o(i.max30102_read_fifo)
    mpu6050_read                             0x0800714d   Thumb Code    92  mpu6050.o(i.mpu6050_read)
    mpu6050_write                            0x080071a9   Thumb Code    68  mpu6050.o(i.mpu6050_write)
    mpu_configure_fifo                       0x080071ed   Thumb Code   106  inv_mpu.o(i.mpu_configure_fifo)
    mpu_get_accel_fsr                        0x0800725d   Thumb Code    72  inv_mpu.o(i.mpu_get_accel_fsr)
    mpu_get_accel_sens                       0x080072a9   Thumb Code    78  inv_mpu.o(i.mpu_get_accel_sens)
    mpu_get_fifo_config                      0x080072fd   Thumb Code    12  inv_mpu.o(i.mpu_get_fifo_config)
    mpu_get_gyro_fsr                         0x0800730d   Thumb Code    64  inv_mpu.o(i.mpu_get_gyro_fsr)
    mpu_get_gyro_sens                        0x08007351   Thumb Code    58  inv_mpu.o(i.mpu_get_gyro_sens)
    mpu_get_lpf                              0x080073a1   Thumb Code    74  inv_mpu.o(i.mpu_get_lpf)
    mpu_get_sample_rate                      0x080073f1   Thumb Code    26  inv_mpu.o(i.mpu_get_sample_rate)
    mpu_init                                 0x08007411   Thumb Code   396  inv_mpu.o(i.mpu_init)
    mpu_load_firmware                        0x080075a1   Thumb Code   180  inv_mpu.o(i.mpu_load_firmware)
    mpu_lp_accel_mode                        0x08007659   Thumb Code   218  inv_mpu.o(i.mpu_lp_accel_mode)
    mpu_read_fifo_stream                     0x08007739   Thumb Code   186  inv_mpu.o(i.mpu_read_fifo_stream)
    mpu_read_mem                             0x080077f9   Thumb Code   122  inv_mpu.o(i.mpu_read_mem)
    mpu_reset_fifo                           0x08007879   Thumb Code   450  inv_mpu.o(i.mpu_reset_fifo)
    mpu_run_self_test                        0x08007a41   Thumb Code   278  inv_mpu.o(i.mpu_run_self_test)
    mpu_set_accel_fsr                        0x08007b5d   Thumb Code   126  inv_mpu.o(i.mpu_set_accel_fsr)
    mpu_set_bypass                           0x08007be1   Thumb Code   328  inv_mpu.o(i.mpu_set_bypass)
    mpu_set_dmp_state                        0x08007d2d   Thumb Code   138  inv_mpu.o(i.mpu_set_dmp_state)
    mpu_set_gyro_fsr                         0x08007dbd   Thumb Code   132  inv_mpu.o(i.mpu_set_gyro_fsr)
    mpu_set_int_latched                      0x08007e45   Thumb Code   102  inv_mpu.o(i.mpu_set_int_latched)
    mpu_set_lpf                              0x08007eb1   Thumb Code   126  inv_mpu.o(i.mpu_set_lpf)
    mpu_set_sample_rate                      0x08007f35   Thumb Code   152  inv_mpu.o(i.mpu_set_sample_rate)
    mpu_set_sensors                          0x08007fd1   Thumb Code   202  inv_mpu.o(i.mpu_set_sensors)
    mpu_write_mem                            0x080080a1   Thumb Code   122  inv_mpu.o(i.mpu_write_mem)
    my_floor                                 0x08008121   Thumb Code    76  algorithm.o(i.my_floor)
    my_fmod                                  0x0800816d   Thumb Code   152  algorithm.o(i.my_fmod)
    power                                    0x08008205   Thumb Code    20  sys.o(i.power)
    run_self_test                            0x08008219   Thumb Code   148  inv_mpu.o(i.run_self_test)
    save_jsonData                            0x080082ad   Thumb Code    92  780eg.o(i.save_jsonData)
    save_therejsonData                       0x08008329   Thumb Code    84  780eg.o(i.save_therejsonData)
    sqrt                                     0x0800844d   Thumb Code    76  sqrt.o(i.sqrt)
    sqrtf                                    0x08008499   Thumb Code    44  sqrtf.o(i.sqrtf)
    _get_lc_numeric                          0x080084c5   Thumb Code    44  lc_numeric_c.o(locale$$code)
    _get_lc_ctype                            0x080084f1   Thumb Code    44  lc_ctype_c.o(locale$$code)
    __aeabi_d2f                              0x0800851d   Thumb Code     0  d2f.o(x$fpl$d2f)
    _d2f                                     0x0800851d   Thumb Code    98  d2f.o(x$fpl$d2f)
    __aeabi_dadd                             0x08008581   Thumb Code     0  daddsub_clz.o(x$fpl$dadd)
    _dadd                                    0x08008581   Thumb Code   332  daddsub_clz.o(x$fpl$dadd)
    __fpl_dcheck_NaN1                        0x080086d1   Thumb Code    10  dcheck1.o(x$fpl$dcheck1)
    __fpl_dcmp_Inf                           0x080086e1   Thumb Code    24  dcmpi.o(x$fpl$dcmpinf)
    __aeabi_ddiv                             0x080086f9   Thumb Code     0  ddiv.o(x$fpl$ddiv)
    _ddiv                                    0x080086f9   Thumb Code   552  ddiv.o(x$fpl$ddiv)
    __aeabi_cdcmpeq                          0x080089a9   Thumb Code     0  deqf.o(x$fpl$deqf)
    _dcmpeq                                  0x080089a9   Thumb Code   120  deqf.o(x$fpl$deqf)
    __aeabi_d2iz                             0x08008a21   Thumb Code     0  dfix.o(x$fpl$dfix)
    _dfix                                    0x08008a21   Thumb Code    94  dfix.o(x$fpl$dfix)
    __aeabi_i2d                              0x08008a7f   Thumb Code     0  dflt_clz.o(x$fpl$dflt)
    _dflt                                    0x08008a7f   Thumb Code    46  dflt_clz.o(x$fpl$dflt)
    __aeabi_ui2d                             0x08008aad   Thumb Code     0  dflt_clz.o(x$fpl$dfltu)
    _dfltu                                   0x08008aad   Thumb Code    38  dflt_clz.o(x$fpl$dfltu)
    __aeabi_cdcmple                          0x08008ad5   Thumb Code     0  dleqf.o(x$fpl$dleqf)
    _dcmple                                  0x08008ad5   Thumb Code   120  dleqf.o(x$fpl$dleqf)
    __fpl_dcmple_InfNaN                      0x08008b37   Thumb Code     0  dleqf.o(x$fpl$dleqf)
    __aeabi_dmul                             0x08008b4d   Thumb Code     0  dmul.o(x$fpl$dmul)
    _dmul                                    0x08008b4d   Thumb Code   332  dmul.o(x$fpl$dmul)
    __fpl_dnaninf                            0x08008ca1   Thumb Code   156  dnaninf.o(x$fpl$dnaninf)
    __fpl_dretinf                            0x08008d3d   Thumb Code    12  dretinf.o(x$fpl$dretinf)
    __aeabi_cdrcmple                         0x08008d49   Thumb Code     0  drleqf.o(x$fpl$drleqf)
    _drcmple                                 0x08008d49   Thumb Code   108  drleqf.o(x$fpl$drleqf)
    __aeabi_drsub                            0x08008db5   Thumb Code     0  daddsub_clz.o(x$fpl$drsb)
    _drsb                                    0x08008db5   Thumb Code    22  daddsub_clz.o(x$fpl$drsb)
    _dsqrt                                   0x08008dcd   Thumb Code   456  dsqrt_noumaal.o(x$fpl$dsqrt)
    __aeabi_dsub                             0x08008f99   Thumb Code     0  daddsub_clz.o(x$fpl$dsub)
    _dsub                                    0x08008f99   Thumb Code   464  daddsub_clz.o(x$fpl$dsub)
    __aeabi_f2d                              0x0800916d   Thumb Code     0  f2d.o(x$fpl$f2d)
    _f2d                                     0x0800916d   Thumb Code    86  f2d.o(x$fpl$f2d)
    __aeabi_fadd                             0x080091c5   Thumb Code     0  faddsub_clz.o(x$fpl$fadd)
    _fadd                                    0x080091c5   Thumb Code   196  faddsub_clz.o(x$fpl$fadd)
    __fpl_fcmp_Inf                           0x08009289   Thumb Code    24  fcmpi.o(x$fpl$fcmpinf)
    __aeabi_fdiv                             0x080092a1   Thumb Code     0  fdiv.o(x$fpl$fdiv)
    _fdiv                                    0x080092a1   Thumb Code   384  fdiv.o(x$fpl$fdiv)
    __aeabi_cfcmpeq                          0x08009425   Thumb Code     0  feqf.o(x$fpl$feqf)
    _fcmpeq                                  0x08009425   Thumb Code   104  feqf.o(x$fpl$feqf)
    __aeabi_f2iz                             0x0800948d   Thumb Code     0  ffix.o(x$fpl$ffix)
    _ffix                                    0x0800948d   Thumb Code    54  ffix.o(x$fpl$ffix)
    __aeabi_f2uiz                            0x080094c5   Thumb Code     0  ffixu.o(x$fpl$ffixu)
    _ffixu                                   0x080094c5   Thumb Code    62  ffixu.o(x$fpl$ffixu)
    __aeabi_i2f                              0x08009505   Thumb Code     0  fflt_clz.o(x$fpl$fflt)
    _fflt                                    0x08009505   Thumb Code    48  fflt_clz.o(x$fpl$fflt)
    __aeabi_ui2f                             0x08009535   Thumb Code     0  fflt_clz.o(x$fpl$ffltu)
    _ffltu                                   0x08009535   Thumb Code    38  fflt_clz.o(x$fpl$ffltu)
    __aeabi_cfcmple                          0x0800955d   Thumb Code     0  fleqf.o(x$fpl$fleqf)
    _fcmple                                  0x0800955d   Thumb Code   104  fleqf.o(x$fpl$fleqf)
    __fpl_fcmple_InfNaN                      0x080095af   Thumb Code     0  fleqf.o(x$fpl$fleqf)
    __aeabi_fmul                             0x080095c5   Thumb Code     0  fmul.o(x$fpl$fmul)
    _fmul                                    0x080095c5   Thumb Code   258  fmul.o(x$fpl$fmul)
    __fpl_fnaninf                            0x080096c7   Thumb Code   140  fnaninf.o(x$fpl$fnaninf)
    __fpl_fretinf                            0x08009753   Thumb Code    10  fretinf.o(x$fpl$fretinf)
    __aeabi_cfrcmple                         0x0800975d   Thumb Code     0  frleqf.o(x$fpl$frleqf)
    _frcmple                                 0x0800975d   Thumb Code    98  frleqf.o(x$fpl$frleqf)
    _fsqrt                                   0x080097c1   Thumb Code   272  fsqrt.o(x$fpl$fsqrt)
    __aeabi_fsub                             0x080098d1   Thumb Code     0  faddsub_clz.o(x$fpl$fsub)
    _fsub                                    0x080098d1   Thumb Code   234  faddsub_clz.o(x$fpl$fsub)
    __ieee_status                            0x080099bb   Thumb Code     6  istatus.o(x$fpl$ieeestatus)
    _printf_fp_dec                           0x080099c1   Thumb Code     4  printf1.o(x$fpl$printf1)
    _printf_fp_hex                           0x080099c5   Thumb Code     4  printf2.o(x$fpl$printf2)
    __fpl_return_NaN                         0x080099c9   Thumb Code   100  retnan.o(x$fpl$retnan)
    __ARM_scalbn                             0x08009a2d   Thumb Code    92  scalbn.o(x$fpl$scalbn)
    _scanf_real                              0x08009a89   Thumb Code     4  scanf1.o(x$fpl$scanf1)
    _scanf_hex_real                          0x08009a8d   Thumb Code     4  scanf2.o(x$fpl$scanf2)
    _scanf_infnan                            0x08009a91   Thumb Code     4  scanf2.o(x$fpl$scanf2)
    __fpl_cmpreturn                          0x08009a95   Thumb Code    48  trapv.o(x$fpl$trapveneer)
    OLED_F8x16                               0x08009ac4   Data        1520  oled.o(.constdata)
    __I$use$fp                               0x08009ac4   Number         0  usenofp.o(x$fpl$usenofp)
    Hzk                                      0x0800a0b4   Data        1216  oled.o(.constdata)
    hw                                       0x0800a574   Data          12  inv_mpu.o(.constdata)
    reg                                      0x0800a580   Data          27  inv_mpu.o(.constdata)
    test                                     0x0800a59c   Data          40  inv_mpu.o(.constdata)
    __mathlib_zero                           0x0800b620   Data           8  qnan.o(.constdata)
    Region$$Table$$Base                      0x0800b6e4   Number         0  anon$$obj.o(Region$$Table)
    Region$$Table$$Limit                     0x0800b704   Number         0  anon$$obj.o(Region$$Table)
    __aeabi_HUGE_VAL                         0x0800b704   Data           0  fpconst.o(c$$dinf)
    __aeabi_HUGE_VALL                        0x0800b704   Data           0  fpconst.o(c$$dinf)
    __aeabi_INFINITY                         0x0800b704   Data           0  fpconst.o(c$$dinf)
    __dInf                                   0x0800b704   Data           0  fpconst.o(c$$dinf)
    __huge_val                               0x0800b704   Data           0  fpconst.o(c$$dinf)
    __dbl_max                                0x0800b70c   Data           0  fpconst.o(c$$dmax)
    __ctype                                  0x0800b73d   Data           0  lc_ctype_c.o(locale$$data)
    MQ2_Flag                                 0x20000014   Data           2  mq-2.o(.data)
    Pitch                                    0x20000018   Data           4  main.o(.data)
    Roll                                     0x2000001c   Data           4  main.o(.data)
    Yaw                                      0x20000020   Data           4  main.o(.data)
    i                                        0x20000024   Data           1  main.o(.data)
    flag                                     0x20000026   Data           2  main.o(.data)
    SPO2                                     0x20000028   Data           4  main.o(.data)
    temperature                              0x2000002c   Data           4  main.o(.data)
    fall_value                               0x20000030   Data           4  main.o(.data)
    test1                                    0x20000034   Data           4  main.o(.data)
    g_fft_index                              0x20000070   Data           2  blood.o(.data)
    Data_heart                               0x20000074   Data           4  blood.o(.data)
    Data_spo2                                0x20000078   Data           4  blood.o(.data)
    g_BloodWave                              0x2000007c   Data           8  blood.o(.data)
    g_blooddata                              0x20000084   Data           8  blood.o(.data)
    fifo_red                                 0x2000008c   Data           2  max30102.o(.data)
    fifo_ir                                  0x2000008e   Data           2  max30102.o(.data)
    ack                                      0x20000090   Data           1  xiic.o(.data)
    Air780EG_cnt                             0x20000092   Data           2  780eg.o(.data)
    Air780EG_lastcnt                         0x20000094   Data           2  780eg.o(.data)
    s1                                       0x200000ac   Data        4224  blood.o(.bss)
    s2                                       0x2000112c   Data        4224  blood.o(.bss)
    Air780EG_buf                             0x200021ac   Data         256  780eg.o(.bss)
    __libspace_start                         0x200022ac   Data          96  libspace.o(.bss)
    __temporary_stack_top$libspace           0x2000230c   Data           0  libspace.o(.bss)



==============================================================================

Memory Map of the image

  Image Entry point : 0x080000ed

  Load Region LR_IROM1 (Base: 0x08000000, Size: 0x0000b8dc, Max: 0x00010000, ABSOLUTE)

    Execution Region ER_IROM1 (Exec base: 0x08000000, Load base: 0x08000000, Size: 0x0000b840, Max: 0x00010000, ABSOLUTE)

    Exec Addr    Load Addr    Size         Type   Attr      Idx    E Section Name        Object

    0x08000000   0x08000000   0x000000ec   Data   RO            3    RESET               startup_stm32f10x_md.o
    0x080000ec   0x080000ec   0x00000008   Code   RO         4964  * !!!main             c_w.l(__main.o)
    0x080000f4   0x080000f4   0x00000034   Code   RO         5529    !!!scatter          c_w.l(__scatter.o)
    0x08000128   0x08000128   0x0000001a   Code   RO         5531    !!handler_copy      c_w.l(__scatter_copy.o)
    0x08000142   0x08000142   0x00000002   PAD
    0x08000144   0x08000144   0x0000001c   Code   RO         5533    !!handler_zi        c_w.l(__scatter_zi.o)
    0x08000160   0x08000160   0x00000000   Code   RO         4938    .ARM.Collect$$_printf_percent$$00000000  c_w.l(_printf_percent.o)
    0x08000160   0x08000160   0x00000006   Code   RO         5151    .ARM.Collect$$_printf_percent$$00000001  c_w.l(_printf_n.o)
    0x08000166   0x08000166   0x00000006   Code   RO         5153    .ARM.Collect$$_printf_percent$$00000002  c_w.l(_printf_p.o)
    0x0800016c   0x0800016c   0x00000006   Code   RO         4937    .ARM.Collect$$_printf_percent$$00000003  c_w.l(_printf_f.o)
    0x08000172   0x08000172   0x00000006   Code   RO         5157    .ARM.Collect$$_printf_percent$$00000004  c_w.l(_printf_e.o)
    0x08000178   0x08000178   0x00000006   Code   RO         5158    .ARM.Collect$$_printf_percent$$00000005  c_w.l(_printf_g.o)
    0x0800017e   0x0800017e   0x00000006   Code   RO         5159    .ARM.Collect$$_printf_percent$$00000006  c_w.l(_printf_a.o)
    0x08000184   0x08000184   0x0000000a   Code   RO         5164    .ARM.Collect$$_printf_percent$$00000007  c_w.l(_printf_ll.o)
    0x0800018e   0x0800018e   0x00000006   Code   RO         5155    .ARM.Collect$$_printf_percent$$00000008  c_w.l(_printf_i.o)
    0x08000194   0x08000194   0x00000006   Code   RO         4936    .ARM.Collect$$_printf_percent$$00000009  c_w.l(_printf_d.o)
    0x0800019a   0x0800019a   0x00000006   Code   RO         5156    .ARM.Collect$$_printf_percent$$0000000A  c_w.l(_printf_u.o)
    0x080001a0   0x080001a0   0x00000006   Code   RO         5154    .ARM.Collect$$_printf_percent$$0000000B  c_w.l(_printf_o.o)
    0x080001a6   0x080001a6   0x00000006   Code   RO         5152    .ARM.Collect$$_printf_percent$$0000000C  c_w.l(_printf_x.o)
    0x080001ac   0x080001ac   0x00000006   Code   RO         5161    .ARM.Collect$$_printf_percent$$0000000D  c_w.l(_printf_lli.o)
    0x080001b2   0x080001b2   0x00000006   Code   RO         5162    .ARM.Collect$$_printf_percent$$0000000E  c_w.l(_printf_lld.o)
    0x080001b8   0x080001b8   0x00000006   Code   RO         5163    .ARM.Collect$$_printf_percent$$0000000F  c_w.l(_printf_llu.o)
    0x080001be   0x080001be   0x00000006   Code   RO         5168    .ARM.Collect$$_printf_percent$$00000010  c_w.l(_printf_llo.o)
    0x080001c4   0x080001c4   0x00000006   Code   RO         5169    .ARM.Collect$$_printf_percent$$00000011  c_w.l(_printf_llx.o)
    0x080001ca   0x080001ca   0x0000000a   Code   RO         5165    .ARM.Collect$$_printf_percent$$00000012  c_w.l(_printf_l.o)
    0x080001d4   0x080001d4   0x00000006   Code   RO         5150    .ARM.Collect$$_printf_percent$$00000013  c_w.l(_printf_c.o)
    0x080001da   0x080001da   0x00000006   Code   RO         4935    .ARM.Collect$$_printf_percent$$00000014  c_w.l(_printf_s.o)
    0x080001e0   0x080001e0   0x00000006   Code   RO         5166    .ARM.Collect$$_printf_percent$$00000015  c_w.l(_printf_lc.o)
    0x080001e6   0x080001e6   0x00000006   Code   RO         5167    .ARM.Collect$$_printf_percent$$00000016  c_w.l(_printf_ls.o)
    0x080001ec   0x080001ec   0x00000004   Code   RO         5160    .ARM.Collect$$_printf_percent$$00000017  c_w.l(_printf_percent_end.o)
    0x080001f0   0x080001f0   0x00000002   Code   RO         5417    .ARM.Collect$$libinit$$00000000  c_w.l(libinit.o)
    0x080001f2   0x080001f2   0x00000000   Code   RO         5179    .ARM.Collect$$libinit$$00000002  c_w.l(libinit2.o)
    0x080001f2   0x080001f2   0x00000000   Code   RO         5181    .ARM.Collect$$libinit$$00000004  c_w.l(libinit2.o)
    0x080001f2   0x080001f2   0x00000000   Code   RO         5184    .ARM.Collect$$libinit$$0000000A  c_w.l(libinit2.o)
    0x080001f2   0x080001f2   0x00000000   Code   RO         5186    .ARM.Collect$$libinit$$0000000C  c_w.l(libinit2.o)
    0x080001f2   0x080001f2   0x00000000   Code   RO         5188    .ARM.Collect$$libinit$$0000000E  c_w.l(libinit2.o)
    0x080001f2   0x080001f2   0x00000006   Code   RO         5189    .ARM.Collect$$libinit$$0000000F  c_w.l(libinit2.o)
    0x080001f8   0x080001f8   0x00000000   Code   RO         5191    .ARM.Collect$$libinit$$00000011  c_w.l(libinit2.o)
    0x080001f8   0x080001f8   0x0000000c   Code   RO         5192    .ARM.Collect$$libinit$$00000012  c_w.l(libinit2.o)
    0x08000204   0x08000204   0x00000000   Code   RO         5193    .ARM.Collect$$libinit$$00000013  c_w.l(libinit2.o)
    0x08000204   0x08000204   0x00000000   Code   RO         5195    .ARM.Collect$$libinit$$00000015  c_w.l(libinit2.o)
    0x08000204   0x08000204   0x0000000a   Code   RO         5196    .ARM.Collect$$libinit$$00000016  c_w.l(libinit2.o)
    0x0800020e   0x0800020e   0x00000000   Code   RO         5197    .ARM.Collect$$libinit$$00000017  c_w.l(libinit2.o)
    0x0800020e   0x0800020e   0x00000000   Code   RO         5199    .ARM.Collect$$libinit$$00000019  c_w.l(libinit2.o)
    0x0800020e   0x0800020e   0x00000000   Code   RO         5201    .ARM.Collect$$libinit$$0000001B  c_w.l(libinit2.o)
    0x0800020e   0x0800020e   0x00000000   Code   RO         5203    .ARM.Collect$$libinit$$0000001D  c_w.l(libinit2.o)
    0x0800020e   0x0800020e   0x00000000   Code   RO         5205    .ARM.Collect$$libinit$$0000001F  c_w.l(libinit2.o)
    0x0800020e   0x0800020e   0x00000000   Code   RO         5207    .ARM.Collect$$libinit$$00000021  c_w.l(libinit2.o)
    0x0800020e   0x0800020e   0x00000000   Code   RO         5209    .ARM.Collect$$libinit$$00000023  c_w.l(libinit2.o)
    0x0800020e   0x0800020e   0x00000000   Code   RO         5211    .ARM.Collect$$libinit$$00000025  c_w.l(libinit2.o)
    0x0800020e   0x0800020e   0x00000000   Code   RO         5215    .ARM.Collect$$libinit$$0000002C  c_w.l(libinit2.o)
    0x0800020e   0x0800020e   0x00000000   Code   RO         5217    .ARM.Collect$$libinit$$0000002E  c_w.l(libinit2.o)
    0x0800020e   0x0800020e   0x00000000   Code   RO         5219    .ARM.Collect$$libinit$$00000030  c_w.l(libinit2.o)
    0x0800020e   0x0800020e   0x00000000   Code   RO         5221    .ARM.Collect$$libinit$$00000032  c_w.l(libinit2.o)
    0x0800020e   0x0800020e   0x00000002   Code   RO         5222    .ARM.Collect$$libinit$$00000033  c_w.l(libinit2.o)
    0x08000210   0x08000210   0x00000002   Code   RO         5514    .ARM.Collect$$libshutdown$$00000000  c_w.l(libshutdown.o)
    0x08000212   0x08000212   0x00000000   Code   RO         5440    .ARM.Collect$$libshutdown$$00000002  c_w.l(libshutdown2.o)
    0x08000212   0x08000212   0x00000000   Code   RO         5442    .ARM.Collect$$libshutdown$$00000004  c_w.l(libshutdown2.o)
    0x08000212   0x08000212   0x00000000   Code   RO         5445    .ARM.Collect$$libshutdown$$00000007  c_w.l(libshutdown2.o)
    0x08000212   0x08000212   0x00000000   Code   RO         5448    .ARM.Collect$$libshutdown$$0000000A  c_w.l(libshutdown2.o)
    0x08000212   0x08000212   0x00000000   Code   RO         5450    .ARM.Collect$$libshutdown$$0000000C  c_w.l(libshutdown2.o)
    0x08000212   0x08000212   0x00000000   Code   RO         5453    .ARM.Collect$$libshutdown$$0000000F  c_w.l(libshutdown2.o)
    0x08000212   0x08000212   0x00000002   Code   RO         5454    .ARM.Collect$$libshutdown$$00000010  c_w.l(libshutdown2.o)
    0x08000214   0x08000214   0x00000000   Code   RO         5072    .ARM.Collect$$rtentry$$00000000  c_w.l(__rtentry.o)
    0x08000214   0x08000214   0x00000000   Code   RO         5283    .ARM.Collect$$rtentry$$00000002  c_w.l(__rtentry2.o)
    0x08000214   0x08000214   0x00000006   Code   RO         5295    .ARM.Collect$$rtentry$$00000004  c_w.l(__rtentry4.o)
    0x0800021a   0x0800021a   0x00000000   Code   RO         5285    .ARM.Collect$$rtentry$$00000009  c_w.l(__rtentry2.o)
    0x0800021a   0x0800021a   0x00000004   Code   RO         5286    .ARM.Collect$$rtentry$$0000000A  c_w.l(__rtentry2.o)
    0x0800021e   0x0800021e   0x00000000   Code   RO         5288    .ARM.Collect$$rtentry$$0000000C  c_w.l(__rtentry2.o)
    0x0800021e   0x0800021e   0x00000008   Code   RO         5289    .ARM.Collect$$rtentry$$0000000D  c_w.l(__rtentry2.o)
    0x08000226   0x08000226   0x00000002   Code   RO         5422    .ARM.Collect$$rtexit$$00000000  c_w.l(rtexit.o)
    0x08000228   0x08000228   0x00000000   Code   RO         5476    .ARM.Collect$$rtexit$$00000002  c_w.l(rtexit2.o)
    0x08000228   0x08000228   0x00000004   Code   RO         5477    .ARM.Collect$$rtexit$$00000003  c_w.l(rtexit2.o)
    0x0800022c   0x0800022c   0x00000006   Code   RO         5478    .ARM.Collect$$rtexit$$00000004  c_w.l(rtexit2.o)
    0x08000232   0x08000232   0x00000002   PAD
    0x08000234   0x08000234   0x00000040   Code   RO            4    .text               startup_stm32f10x_md.o
    0x08000274   0x08000274   0x00000048   Code   RO         4899    .text               c_w.l(llsdiv.o)
    0x080002bc   0x080002bc   0x00000034   Code   RO         4901    .text               c_w.l(vsnprintf.o)
    0x080002f0   0x080002f0   0x0000002c   Code   RO         4903    .text               c_w.l(__2sprintf.o)
    0x0800031c   0x0800031c   0x0000004e   Code   RO         4909    .text               c_w.l(_printf_pad.o)
    0x0800036a   0x0800036a   0x00000052   Code   RO         4911    .text               c_w.l(_printf_str.o)
    0x080003bc   0x080003bc   0x00000078   Code   RO         4913    .text               c_w.l(_printf_dec.o)
    0x08000434   0x08000434   0x00000188   Code   RO         4932    .text               c_w.l(__printf_flags_ss_wp.o)
    0x080005bc   0x080005bc   0x0000000c   Code   RO         4939    .text               c_w.l(strtok.o)
    0x080005c8   0x080005c8   0x00000024   Code   RO         4946    .text               c_w.l(strstr.o)
    0x080005ec   0x080005ec   0x00000058   Code   RO         4948    .text               c_w.l(memcmp.o)
    0x08000644   0x08000644   0x00000048   Code   RO         4950    .text               c_w.l(strcpy.o)
    0x0800068c   0x0800068c   0x0000003e   Code   RO         4952    .text               c_w.l(strlen.o)
    0x080006ca   0x080006ca   0x0000008a   Code   RO         4954    .text               c_w.l(rt_memcpy_v6.o)
    0x08000754   0x08000754   0x00000010   Code   RO         4956    .text               c_w.l(aeabi_memset.o)
    0x08000764   0x08000764   0x00000044   Code   RO         4958    .text               c_w.l(rt_memclr.o)
    0x080007a8   0x080007a8   0x0000004e   Code   RO         4960    .text               c_w.l(rt_memclr_w.o)
    0x080007f6   0x080007f6   0x00000006   Code   RO         4962    .text               c_w.l(heapauxi.o)
    0x080007fc   0x080007fc   0x000000ee   Code   RO         5098    .text               c_w.l(lludivv7m.o)
    0x080008ea   0x080008ea   0x00000016   Code   RO         5100    .text               c_w.l(_rserrno.o)
    0x08000900   0x08000900   0x00000024   Code   RO         5102    .text               c_w.l(_printf_truncate.o)
    0x08000924   0x08000924   0x000000b2   Code   RO         5104    .text               c_w.l(_printf_intcommon.o)
    0x080009d6   0x080009d6   0x00000028   Code   RO         5106    .text               c_w.l(_printf_charcount.o)
    0x080009fe   0x080009fe   0x0000041e   Code   RO         5108    .text               c_w.l(_printf_fp_dec.o)
    0x08000e1c   0x08000e1c   0x00000030   Code   RO         5110    .text               c_w.l(_printf_char_common.o)
    0x08000e4c   0x08000e4c   0x0000000a   Code   RO         5112    .text               c_w.l(_sputc.o)
    0x08000e56   0x08000e56   0x00000010   Code   RO         5114    .text               c_w.l(_snputc.o)
    0x08000e66   0x08000e66   0x0000002c   Code   RO         5116    .text               c_w.l(_printf_char.o)
    0x08000e92   0x08000e92   0x00000002   PAD
    0x08000e94   0x08000e94   0x000000bc   Code   RO         5118    .text               c_w.l(_printf_wctomb.o)
    0x08000f50   0x08000f50   0x0000007c   Code   RO         5121    .text               c_w.l(_printf_longlong_dec.o)
    0x08000fcc   0x08000fcc   0x00000070   Code   RO         5127    .text               c_w.l(_printf_oct_int_ll.o)
    0x0800103c   0x0800103c   0x00000094   Code   RO         5147    .text               c_w.l(_printf_hex_int_ll_ptr.o)
    0x080010d0   0x080010d0   0x000000a4   Code   RO         5170    .text               c_w.l(strtod.o)
    0x08001174   0x08001174   0x00000044   Code   RO         5172    .text               c_w.l(strtok_int.o)
    0x080011b8   0x080011b8   0x00000064   Code   RO         5174    .text               c_w.l(rt_memcpy_w.o)
    0x0800121c   0x0800121c   0x00000008   Code   RO         5279    .text               c_w.l(libspace.o)
    0x08001224   0x08001224   0x00000008   Code   RO         5304    .text               c_w.l(rt_locale_intlibspace.o)
    0x0800122c   0x0800122c   0x00000008   Code   RO         5309    .text               c_w.l(rt_errno_addr_intlibspace.o)
    0x08001234   0x08001234   0x0000008a   Code   RO         5319    .text               c_w.l(lludiv10.o)
    0x080012be   0x080012be   0x00000012   Code   RO         5321    .text               c_w.l(isspace.o)
    0x080012d0   0x080012d0   0x000002fc   Code   RO         5323    .text               c_w.l(_printf_fp_hex.o)
    0x080015cc   0x080015cc   0x00000080   Code   RO         5326    .text               c_w.l(_printf_fp_infnan.o)
    0x0800164c   0x0800164c   0x0000002c   Code   RO         5330    .text               c_w.l(_printf_wchar.o)
    0x08001678   0x08001678   0x00000040   Code   RO         5332    .text               c_w.l(_sgetc.o)
    0x080016b8   0x080016b8   0x000000e4   Code   RO         5334    .text               c_w.l(bigflt0.o)
    0x0800179c   0x0800179c   0x00000040   Code   RO         5359    .text               c_w.l(_wcrtomb.o)
    0x080017dc   0x080017dc   0x00000020   Code   RO         5368    .text               c_w.l(strcspn.o)
    0x080017fc   0x080017fc   0x0000001c   Code   RO         5370    .text               c_w.l(strspn.o)
    0x08001818   0x08001818   0x00000002   Code   RO         5385    .text               c_w.l(use_no_semi.o)
    0x0800181a   0x0800181a   0x00000000   Code   RO         5387    .text               c_w.l(indicate_semi.o)
    0x0800181a   0x0800181a   0x0000004a   Code   RO         5388    .text               c_w.l(sys_stackheap_outer.o)
    0x08001864   0x08001864   0x00000010   Code   RO         5390    .text               c_w.l(rt_ctype_table.o)
    0x08001874   0x08001874   0x000004f8   Code   RO         5398    .text               c_w.l(scanf_fp.o)
    0x08001d6c   0x08001d6c   0x00000012   Code   RO         5400    .text               c_w.l(exit.o)
    0x08001d7e   0x08001d7e   0x00000002   PAD
    0x08001d80   0x08001d80   0x00000080   Code   RO         5406    .text               c_w.l(strcmpv7m.o)
    0x08001e00   0x08001e00   0x0000000c   Code   RO         5420    .text               c_w.l(sys_exit.o)
    0x08001e0c   0x08001e0c   0x00000320   Code   RO         5482    .text               c_w.l(scanf_hexfp.o)
    0x0800212c   0x0800212c   0x00000134   Code   RO         5484    .text               c_w.l(scanf_infnan.o)
    0x08002260   0x08002260   0x00000026   Code   RO         5494    .text               c_w.l(llshl.o)
    0x08002286   0x08002286   0x0000001c   Code   RO         5496    .text               c_w.l(_chval.o)
    0x080022a2   0x080022a2   0x0000003e   Code   RO         5337    CL$$btod_d2e        c_w.l(btod.o)
    0x080022e0   0x080022e0   0x00000046   Code   RO         5339    CL$$btod_d2e_denorm_low  c_w.l(btod.o)
    0x08002326   0x08002326   0x00000060   Code   RO         5338    CL$$btod_d2e_norm_op1  c_w.l(btod.o)
    0x08002386   0x08002386   0x00000338   Code   RO         5347    CL$$btod_div_common  c_w.l(btod.o)
    0x080026be   0x080026be   0x00000002   PAD
    0x080026c0   0x080026c0   0x00000084   Code   RO         5345    CL$$btod_e2d        c_w.l(btod.o)
    0x08002744   0x08002744   0x000000dc   Code   RO         5344    CL$$btod_e2e        c_w.l(btod.o)
    0x08002820   0x08002820   0x0000002a   Code   RO         5341    CL$$btod_ediv       c_w.l(btod.o)
    0x0800284a   0x0800284a   0x0000002a   Code   RO         5343    CL$$btod_edivd      c_w.l(btod.o)
    0x08002874   0x08002874   0x0000002a   Code   RO         5340    CL$$btod_emul       c_w.l(btod.o)
    0x0800289e   0x0800289e   0x0000002a   Code   RO         5342    CL$$btod_emuld      c_w.l(btod.o)
    0x080028c8   0x080028c8   0x00000244   Code   RO         5346    CL$$btod_mult_common  c_w.l(btod.o)
    0x08002b0c   0x08002b0c   0x0000001c   Code   RO         4748    i.Air780EG_Clear    780eg.o
    0x08002b28   0x08002b28   0x0000007c   Code   RO         4749    i.Air780EG_GNSSInit  780eg.o
    0x08002ba4   0x08002ba4   0x000001f0   Code   RO         4750    i.Air780EG_Init     780eg.o
    0x08002d94   0x08002d94   0x00000068   Code   RO         4751    i.Air780EG_Sendcmd  780eg.o
    0x08002dfc   0x08002dfc   0x000000a8   Code   RO         4752    i.Air780EG_Sendmqttdata  780eg.o
    0x08002ea4   0x08002ea4   0x000000fc   Code   RO         4753    i.Air780EG_Sendtheremqttdata  780eg.o
    0x08002fa0   0x08002fa0   0x00000034   Code   RO         4754    i.Air780EG_WaitRecive  780eg.o
    0x08002fd4   0x08002fd4   0x00000108   Code   RO         4755    i.Air780EG_sendGNSSdata  780eg.o
    0x080030dc   0x080030dc   0x00000004   Code   RO         3639    i.BusFault_Handler  stm32f10x_it.o
    0x080030e0   0x080030e0   0x00000002   Code   RO         3640    i.DebugMon_Handler  stm32f10x_it.o
    0x080030e2   0x080030e2   0x00000018   Code   RO         3196    i.Delay_ms          delay.o
    0x080030fa   0x080030fa   0x0000002e   Code   RO         3198    i.Delay_us          delay.o
    0x08003128   0x08003128   0x0000004c   Code   RO         4418    i.EE                algorithm.o
    0x08003174   0x08003174   0x00000038   Code   RO         3290    i.EXTI15_10_IRQHandler  mq-2.o
    0x080031ac   0x080031ac   0x0000000c   Code   RO          985    i.EXTI_ClearITPendingBit  stm32f10x_exti.o
    0x080031b8   0x080031b8   0x00000028   Code   RO          989    i.EXTI_GetITStatus  stm32f10x_exti.o
    0x080031e0   0x080031e0   0x0000018c   Code   RO         4419    i.FFT               algorithm.o
    0x0800336c   0x0800336c   0x00000116   Code   RO         1347    i.GPIO_Init         stm32f10x_gpio.o
    0x08003482   0x08003482   0x00000012   Code   RO         1351    i.GPIO_ReadInputDataBit  stm32f10x_gpio.o
    0x08003494   0x08003494   0x00000004   Code   RO         1354    i.GPIO_ResetBits    stm32f10x_gpio.o
    0x08003498   0x08003498   0x00000004   Code   RO         1355    i.GPIO_SetBits      stm32f10x_gpio.o
    0x0800349c   0x0800349c   0x0000000a   Code   RO         1358    i.GPIO_WriteBit     stm32f10x_gpio.o
    0x080034a6   0x080034a6   0x00000004   Code   RO         3641    i.HardFault_Handler  stm32f10x_it.o
    0x080034aa   0x080034aa   0x00000002   PAD
    0x080034ac   0x080034ac   0x0000006c   Code   RO         4574    i.I2C_Ack           xiic.o
    0x08003518   0x08003518   0x00000010   Code   RO         4575    i.IIC_Delay         xiic.o
    0x08003528   0x08003528   0x0000003c   Code   RO         4576    i.IIC_GPIO_INIT     xiic.o
    0x08003564   0x08003564   0x00000084   Code   RO         4577    i.IIC_Read_Array    xiic.o
    0x080035e8   0x080035e8   0x00000060   Code   RO         4578    i.IIC_Read_Byte     xiic.o
    0x08003648   0x08003648   0x00000048   Code   RO         4579    i.IIC_Receive_Byte  xiic.o
    0x08003690   0x08003690   0x000000a0   Code   RO         4580    i.IIC_Send_Byte     xiic.o
    0x08003730   0x08003730   0x0000003c   Code   RO         4581    i.IIC_Start         xiic.o
    0x0800376c   0x0800376c   0x00000030   Code   RO         4582    i.IIC_Stop          xiic.o
    0x0800379c   0x0800379c   0x00000050   Code   RO         4584    i.IIC_Write_Byte    xiic.o
    0x080037ec   0x080037ec   0x0000007c   Code   RO         4532    i.MAX30102_Config   max30102.o
    0x08003868   0x08003868   0x00000024   Code   RO         4533    i.MAX30102_GPIO     max30102.o
    0x0800388c   0x0800388c   0x0000007c   Code   RO         4534    i.MAX30102_read_temp  max30102.o
    0x08003908   0x08003908   0x00000224   Code   RO         3771    i.MPU6050_DMP_Get_Data  inv_mpu.o
    0x08003b2c   0x08003b2c   0x00000050   Code   RO         3772    i.MPU6050_DMP_Init  inv_mpu.o
    0x08003b7c   0x08003b7c   0x0000002c   Code   RO         4343    i.MPU6050_IIC_IO_Init  mpu6050_i2c.o
    0x08003ba8   0x08003ba8   0x00000050   Code   RO         4344    i.MPU6050_IIC_Read_Ack  mpu6050_i2c.o
    0x08003bf8   0x08003bf8   0x00000060   Code   RO         4345    i.MPU6050_IIC_Read_Byte  mpu6050_i2c.o
    0x08003c58   0x08003c58   0x00000018   Code   RO         4346    i.MPU6050_IIC_SDA_IO_IN  mpu6050_i2c.o
    0x08003c70   0x08003c70   0x00000018   Code   RO         4347    i.MPU6050_IIC_SDA_IO_OUT  mpu6050_i2c.o
    0x08003c88   0x08003c88   0x00000038   Code   RO         4348    i.MPU6050_IIC_Send_Ack  mpu6050_i2c.o
    0x08003cc0   0x08003cc0   0x00000064   Code   RO         4349    i.MPU6050_IIC_Send_Byte  mpu6050_i2c.o
    0x08003d24   0x08003d24   0x00000038   Code   RO         4350    i.MPU6050_IIC_Start  mpu6050_i2c.o
    0x08003d5c   0x08003d5c   0x0000003c   Code   RO         4351    i.MPU6050_IIC_Stop  mpu6050_i2c.o
    0x08003d98   0x08003d98   0x00000016   Code   RO         4535    i.Max30102_reset    max30102.o
    0x08003dae   0x08003dae   0x00000004   Code   RO         3642    i.MemManage_Handler  stm32f10x_it.o
    0x08003db2   0x08003db2   0x00000002   PAD
    0x08003db4   0x08003db4   0x000000b0   Code   RO         3509    i.My_GPIO_Init      sys.o
    0x08003e64   0x08003e64   0x00000002   Code   RO         3643    i.NMI_Handler       stm32f10x_it.o
    0x08003e66   0x08003e66   0x00000002   PAD
    0x08003e68   0x08003e68   0x00000070   Code   RO          137    i.NVIC_Init         misc.o
    0x08003ed8   0x08003ed8   0x00000014   Code   RO          138    i.NVIC_PriorityGroupConfig  misc.o
    0x08003eec   0x08003eec   0x00000050   Code   RO         3394    i.OLED_I2C_SendByte  oled.o
    0x08003f3c   0x08003f3c   0x00000030   Code   RO         3395    i.OLED_I2C_Start    oled.o
    0x08003f6c   0x08003f6c   0x00000028   Code   RO         3396    i.OLED_I2C_Stop     oled.o
    0x08003f94   0x08003f94   0x00000014   Code   RO         3398    i.OLED_Pow          oled.o
    0x08003fa8   0x08003fa8   0x00000022   Code   RO         3399    i.OLED_SetCursor    oled.o
    0x08003fca   0x08003fca   0x00000002   PAD
    0x08003fcc   0x08003fcc   0x00000074   Code   RO         3402    i.OLED_ShowChar     oled.o
    0x08004040   0x08004040   0x00000044   Code   RO         3404    i.OLED_ShowNum      oled.o
    0x08004084   0x08004084   0x00000020   Code   RO         3407    i.OLED_WriteCommand  oled.o
    0x080040a4   0x080040a4   0x00000020   Code   RO         3408    i.OLED_WriteData    oled.o
    0x080040c4   0x080040c4   0x00000002   Code   RO         3644    i.PendSV_Handler    stm32f10x_it.o
    0x080040c6   0x080040c6   0x00000002   PAD
    0x080040c8   0x080040c8   0x00000020   Code   RO         1775    i.RCC_APB1PeriphClockCmd  stm32f10x_rcc.o
    0x080040e8   0x080040e8   0x00000020   Code   RO         1777    i.RCC_APB2PeriphClockCmd  stm32f10x_rcc.o
    0x08004108   0x08004108   0x000000d4   Code   RO         1785    i.RCC_GetClocksFreq  stm32f10x_rcc.o
    0x080041dc   0x080041dc   0x00000002   Code   RO         3645    i.SVC_Handler       stm32f10x_it.o
    0x080041de   0x080041de   0x00000008   Code   RO           24    i.SetSysClock       system_stm32f10x.o
    0x080041e6   0x080041e6   0x00000002   PAD
    0x080041e8   0x080041e8   0x000000e0   Code   RO           25    i.SetSysClockTo72   system_stm32f10x.o
    0x080042c8   0x080042c8   0x00000002   Code   RO         3646    i.SysTick_Handler   stm32f10x_it.o
    0x080042ca   0x080042ca   0x00000002   PAD
    0x080042cc   0x080042cc   0x00000060   Code   RO           27    i.SystemInit        system_stm32f10x.o
    0x0800432c   0x0800432c   0x000000fc   Code   RO         3578    i.TIM2_IRQHandler   main.o
    0x08004428   0x08004428   0x000000b0   Code   RO         3579    i.TIM3_IRQHandler   main.o
    0x080044d8   0x080044d8   0x00000006   Code   RO         2415    i.TIM_ClearFlag     stm32f10x_tim.o
    0x080044de   0x080044de   0x00000006   Code   RO         2416    i.TIM_ClearITPendingBit  stm32f10x_tim.o
    0x080044e4   0x080044e4   0x00000018   Code   RO         2421    i.TIM_Cmd           stm32f10x_tim.o
    0x080044fc   0x080044fc   0x00000022   Code   RO         2442    i.TIM_GetITStatus   stm32f10x_tim.o
    0x0800451e   0x0800451e   0x00000012   Code   RO         2446    i.TIM_ITConfig      stm32f10x_tim.o
    0x08004530   0x08004530   0x0000000c   Code   RO         2448    i.TIM_InternalClockConfig  stm32f10x_tim.o
    0x0800453c   0x0800453c   0x000000a4   Code   RO         2492    i.TIM_TimeBaseInit  stm32f10x_tim.o
    0x080045e0   0x080045e0   0x0000007a   Code   RO         3220    i.Timer2_Init       timer.o
    0x0800465a   0x0800465a   0x00000002   PAD
    0x0800465c   0x0800465c   0x0000007c   Code   RO         3221    i.Timer3_Init       timer.o
    0x080046d8   0x080046d8   0x0000001c   Code   RO         3238    i.USART1_IRQHandler  usart.o
    0x080046f4   0x080046f4   0x0000004c   Code   RO         4756    i.USART2_IRQHandler  780eg.o
    0x08004740   0x08004740   0x00000012   Code   RO         2956    i.USART_ClearFlag   stm32f10x_usart.o
    0x08004752   0x08004752   0x00000018   Code   RO         2960    i.USART_Cmd         stm32f10x_usart.o
    0x0800476a   0x0800476a   0x0000001a   Code   RO         2963    i.USART_GetFlagStatus  stm32f10x_usart.o
    0x08004784   0x08004784   0x00000054   Code   RO         2964    i.USART_GetITStatus  stm32f10x_usart.o
    0x080047d8   0x080047d8   0x0000004a   Code   RO         2966    i.USART_ITConfig    stm32f10x_usart.o
    0x08004822   0x08004822   0x00000002   PAD
    0x08004824   0x08004824   0x000000d8   Code   RO         2967    i.USART_Init        stm32f10x_usart.o
    0x080048fc   0x080048fc   0x00000008   Code   RO         2977    i.USART_SendData    stm32f10x_usart.o
    0x08004904   0x08004904   0x00000004   Code   RO         3647    i.UsageFault_Handler  stm32f10x_it.o
    0x08004908   0x08004908   0x000000b0   Code   RO         3239    i.Usart1_Init       usart.o
    0x080049b8   0x080049b8   0x000000ac   Code   RO         3240    i.Usart2_Init       usart.o
    0x08004a64   0x08004a64   0x00000048   Code   RO         3241    i.UsartPrintf       usart.o
    0x08004aac   0x08004aac   0x00000032   Code   RO         3242    i.Usart_SendString  usart.o
    0x08004ade   0x08004ade   0x00000002   PAD
    0x08004ae0   0x08004ae0   0x00000028   Code   RO         4420    i.XCos              algorithm.o
    0x08004b08   0x08004b08   0x00000210   Code   RO         4421    i.XSin              algorithm.o
    0x08004d18   0x08004d18   0x00000028   Code   RO         5272    i.__ARM_fpclassify  m_ws.l(fpclassify.o)
    0x08004d40   0x08004d40   0x000000aa   Code   RO         5274    i.__kernel_poly     m_ws.l(poly.o)
    0x08004dea   0x08004dea   0x00000006   Code   RO         5259    i.__mathlib_dbl_infnan  m_ws.l(dunder.o)
    0x08004df0   0x08004df0   0x00000004   Code   RO         5260    i.__mathlib_dbl_infnan2  m_ws.l(dunder.o)
    0x08004df4   0x08004df4   0x0000000c   Code   RO         5261    i.__mathlib_dbl_invalid  m_ws.l(dunder.o)
    0x08004e00   0x08004e00   0x0000000e   Code   RO         5262    i.__mathlib_dbl_overflow  m_ws.l(dunder.o)
    0x08004e0e   0x08004e0e   0x00000002   PAD
    0x08004e10   0x08004e10   0x00000010   Code   RO         5264    i.__mathlib_dbl_underflow  m_ws.l(dunder.o)
    0x08004e20   0x08004e20   0x00000010   Code   RO         5467    i.__mathlib_narrow  m_ws.l(narrow.o)
    0x08004e30   0x08004e30   0x000000bc   Code   RO         5468    i.__mathlib_tofloat  m_ws.l(narrow.o)
    0x08004eec   0x08004eec   0x00000016   Code   RO         5516    i.__support_ldexp   m_ws.l(ldexp.o)
    0x08004f02   0x08004f02   0x0000000e   Code   RO         4925    i._is_digit         c_w.l(__printf_wp.o)
    0x08004f10   0x08004f10   0x000000a8   Code   RO         3776    i.accel_self_test   inv_mpu.o
    0x08004fb8   0x08004fb8   0x00000270   Code   RO         5033    i.asin              m_ws.l(asin.o)
    0x08005228   0x08005228   0x00000220   Code   RO         5249    i.atan              m_ws.l(atan.o)
    0x08005448   0x08005448   0x00000180   Code   RO         5043    i.atan2             m_ws.l(atan2.o)
    0x080055c8   0x080055c8   0x0000002a   Code   RO         5051    i.atof              m_ws.l(atof.o)
    0x080055f2   0x080055f2   0x00000002   PAD
    0x080055f4   0x080055f4   0x00000108   Code   RO         4489    i.blood_Loop        blood.o
    0x080056fc   0x080056fc   0x00000460   Code   RO         4490    i.blood_data_translate  blood.o
    0x08005b5c   0x08005b5c   0x00000094   Code   RO         4491    i.blood_data_update  blood.o
    0x08005bf0   0x08005bf0   0x00000064   Code   RO         4131    i.decode_gesture    inv_mpu_dmp_motion_driver.o
    0x08005c54   0x08005c54   0x0000003c   Code   RO         4132    i.dmp_enable_6x_lp_quat  inv_mpu_dmp_motion_driver.o
    0x08005c90   0x08005c90   0x0000021c   Code   RO         4133    i.dmp_enable_feature  inv_mpu_dmp_motion_driver.o
    0x08005eac   0x08005eac   0x00000058   Code   RO         4134    i.dmp_enable_gyro_cal  inv_mpu_dmp_motion_driver.o
    0x08005f04   0x08005f04   0x0000003c   Code   RO         4135    i.dmp_enable_lp_quat  inv_mpu_dmp_motion_driver.o
    0x08005f40   0x08005f40   0x00000018   Code   RO         4140    i.dmp_load_motion_driver_firmware  inv_mpu_dmp_motion_driver.o
    0x08005f58   0x08005f58   0x000001c8   Code   RO         4141    i.dmp_read_fifo     inv_mpu_dmp_motion_driver.o
    0x08006120   0x08006120   0x00000130   Code   RO         4144    i.dmp_set_accel_bias  inv_mpu_dmp_motion_driver.o
    0x08006250   0x08006250   0x00000070   Code   RO         4145    i.dmp_set_fifo_rate  inv_mpu_dmp_motion_driver.o
    0x080062c0   0x080062c0   0x00000130   Code   RO         4146    i.dmp_set_gyro_bias  inv_mpu_dmp_motion_driver.o
    0x080063f0   0x080063f0   0x00000138   Code   RO         4148    i.dmp_set_orientation  inv_mpu_dmp_motion_driver.o
    0x08006528   0x08006528   0x00000038   Code   RO         4151    i.dmp_set_shake_reject_thresh  inv_mpu_dmp_motion_driver.o
    0x08006560   0x08006560   0x00000026   Code   RO         4152    i.dmp_set_shake_reject_time  inv_mpu_dmp_motion_driver.o
    0x08006586   0x08006586   0x00000026   Code   RO         4153    i.dmp_set_shake_reject_timeout  inv_mpu_dmp_motion_driver.o
    0x080065ac   0x080065ac   0x00000046   Code   RO         4154    i.dmp_set_tap_axes  inv_mpu_dmp_motion_driver.o
    0x080065f2   0x080065f2   0x00000026   Code   RO         4155    i.dmp_set_tap_count  inv_mpu_dmp_motion_driver.o
    0x08006618   0x08006618   0x000001a0   Code   RO         4156    i.dmp_set_tap_thresh  inv_mpu_dmp_motion_driver.o
    0x080067b8   0x080067b8   0x00000026   Code   RO         4157    i.dmp_set_tap_time  inv_mpu_dmp_motion_driver.o
    0x080067de   0x080067de   0x00000026   Code   RO         4158    i.dmp_set_tap_time_multi  inv_mpu_dmp_motion_driver.o
    0x08006804   0x08006804   0x00000032   Code   RO         4424    i.find_max_num_index  algorithm.o
    0x08006836   0x08006836   0x00000002   PAD
    0x08006838   0x08006838   0x00000058   Code   RO         5491    i.frexp             m_ws.l(frexp.o)
    0x08006890   0x08006890   0x000000b4   Code   RO         3777    i.get_accel_prod_shift  inv_mpu.o
    0x08006944   0x08006944   0x00000470   Code   RO         3779    i.get_st_biases     inv_mpu.o
    0x08006db4   0x08006db4   0x00000110   Code   RO         3780    i.gyro_self_test    inv_mpu.o
    0x08006ec4   0x08006ec4   0x00000028   Code   RO         3781    i.inv_orientation_matrix_to_scalar  inv_mpu.o
    0x08006eec   0x08006eec   0x0000004e   Code   RO         3782    i.inv_row_2_scale   inv_mpu.o
    0x08006f3a   0x08006f3a   0x00000074   Code   RO         5517    i.ldexp             m_ws.l(ldexp.o)
    0x08006fae   0x08006fae   0x00000002   PAD
    0x08006fb0   0x08006fb0   0x000000d0   Code   RO         3580    i.main              main.o
    0x08007080   0x08007080   0x000000cc   Code   RO         4536    i.max30102_read_fifo  max30102.o
    0x0800714c   0x0800714c   0x0000005c   Code   RO         4308    i.mpu6050_read      mpu6050.o
    0x080071a8   0x080071a8   0x00000044   Code   RO         4310    i.mpu6050_write     mpu6050.o
    0x080071ec   0x080071ec   0x00000070   Code   RO         3783    i.mpu_configure_fifo  inv_mpu.o
    0x0800725c   0x0800725c   0x0000004c   Code   RO         3784    i.mpu_get_accel_fsr  inv_mpu.o
    0x080072a8   0x080072a8   0x00000054   Code   RO         3786    i.mpu_get_accel_sens  inv_mpu.o
    0x080072fc   0x080072fc   0x00000010   Code   RO         3791    i.mpu_get_fifo_config  inv_mpu.o
    0x0800730c   0x0800730c   0x00000044   Code   RO         3792    i.mpu_get_gyro_fsr  inv_mpu.o
    0x08007350   0x08007350   0x00000050   Code   RO         3794    i.mpu_get_gyro_sens  inv_mpu.o
    0x080073a0   0x080073a0   0x00000050   Code   RO         3796    i.mpu_get_lpf       inv_mpu.o
    0x080073f0   0x080073f0   0x00000020   Code   RO         3798    i.mpu_get_sample_rate  inv_mpu.o
    0x08007410   0x08007410   0x00000190   Code   RO         3800    i.mpu_init          inv_mpu.o
    0x080075a0   0x080075a0   0x000000b8   Code   RO         3801    i.mpu_load_firmware  inv_mpu.o
    0x08007658   0x08007658   0x000000e0   Code   RO         3802    i.mpu_lp_accel_mode  inv_mpu.o
    0x08007738   0x08007738   0x000000c0   Code   RO         3805    i.mpu_read_fifo_stream  inv_mpu.o
    0x080077f8   0x080077f8   0x00000080   Code   RO         3806    i.mpu_read_mem      inv_mpu.o
    0x08007878   0x08007878   0x000001c8   Code   RO         3809    i.mpu_reset_fifo    inv_mpu.o
    0x08007a40   0x08007a40   0x0000011c   Code   RO         3810    i.mpu_run_self_test  inv_mpu.o
    0x08007b5c   0x08007b5c   0x00000084   Code   RO         3812    i.mpu_set_accel_fsr  inv_mpu.o
    0x08007be0   0x08007be0   0x0000014c   Code   RO         3813    i.mpu_set_bypass    inv_mpu.o
    0x08007d2c   0x08007d2c   0x00000090   Code   RO         3815    i.mpu_set_dmp_state  inv_mpu.o
    0x08007dbc   0x08007dbc   0x00000088   Code   RO         3816    i.mpu_set_gyro_fsr  inv_mpu.o
    0x08007e44   0x08007e44   0x0000006c   Code   RO         3817    i.mpu_set_int_latched  inv_mpu.o
    0x08007eb0   0x08007eb0   0x00000084   Code   RO         3819    i.mpu_set_lpf       inv_mpu.o
    0x08007f34   0x08007f34   0x0000009c   Code   RO         3820    i.mpu_set_sample_rate  inv_mpu.o
    0x08007fd0   0x08007fd0   0x000000d0   Code   RO         3821    i.mpu_set_sensors   inv_mpu.o
    0x080080a0   0x080080a0   0x00000080   Code   RO         3822    i.mpu_write_mem     inv_mpu.o
    0x08008120   0x08008120   0x0000004c   Code   RO         4425    i.my_floor          algorithm.o
    0x0800816c   0x0800816c   0x00000098   Code   RO         4426    i.my_fmod           algorithm.o
    0x08008204   0x08008204   0x00000014   Code   RO         3512    i.power             sys.o
    0x08008218   0x08008218   0x00000094   Code   RO         3823    i.run_self_test     inv_mpu.o
    0x080082ac   0x080082ac   0x0000007c   Code   RO         4757    i.save_jsonData     780eg.o
    0x08008328   0x08008328   0x00000094   Code   RO         4758    i.save_therejsonData  780eg.o
    0x080083bc   0x080083bc   0x00000090   Code   RO         3824    i.set_int_enable    inv_mpu.o
    0x0800844c   0x0800844c   0x0000004c   Code   RO         5055    i.sqrt              m_ws.l(sqrt.o)
    0x08008498   0x08008498   0x0000002c   Code   RO         5063    i.sqrtf             m_ws.l(sqrtf.o)
    0x080084c4   0x080084c4   0x0000002c   Code   RO         5362    locale$$code        c_w.l(lc_numeric_c.o)
    0x080084f0   0x080084f0   0x0000002c   Code   RO         5429    locale$$code        c_w.l(lc_ctype_c.o)
    0x0800851c   0x0800851c   0x00000062   Code   RO         4966    x$fpl$d2f           fz_ws.l(d2f.o)
    0x0800857e   0x0800857e   0x00000002   PAD
    0x08008580   0x08008580   0x00000150   Code   RO         4968    x$fpl$dadd          fz_ws.l(daddsub_clz.o)
    0x080086d0   0x080086d0   0x00000010   Code   RO         5377    x$fpl$dcheck1       fz_ws.l(dcheck1.o)
    0x080086e0   0x080086e0   0x00000018   Code   RO         5223    x$fpl$dcmpinf       fz_ws.l(dcmpi.o)
    0x080086f8   0x080086f8   0x000002b0   Code   RO         4975    x$fpl$ddiv          fz_ws.l(ddiv.o)
    0x080089a8   0x080089a8   0x00000078   Code   RO         4978    x$fpl$deqf          fz_ws.l(deqf.o)
    0x08008a20   0x08008a20   0x0000005e   Code   RO         4980    x$fpl$dfix          fz_ws.l(dfix.o)
    0x08008a7e   0x08008a7e   0x0000002e   Code   RO         4985    x$fpl$dflt          fz_ws.l(dflt_clz.o)
    0x08008aac   0x08008aac   0x00000026   Code   RO         4984    x$fpl$dfltu         fz_ws.l(dflt_clz.o)
    0x08008ad2   0x08008ad2   0x00000002   PAD
    0x08008ad4   0x08008ad4   0x00000078   Code   RO         4990    x$fpl$dleqf         fz_ws.l(dleqf.o)
    0x08008b4c   0x08008b4c   0x00000154   Code   RO         4992    x$fpl$dmul          fz_ws.l(dmul.o)
    0x08008ca0   0x08008ca0   0x0000009c   Code   RO         5225    x$fpl$dnaninf       fz_ws.l(dnaninf.o)
    0x08008d3c   0x08008d3c   0x0000000c   Code   RO         5227    x$fpl$dretinf       fz_ws.l(dretinf.o)
    0x08008d48   0x08008d48   0x0000006c   Code   RO         4994    x$fpl$drleqf        fz_ws.l(drleqf.o)
    0x08008db4   0x08008db4   0x00000016   Code   RO         4969    x$fpl$drsb          fz_ws.l(daddsub_clz.o)
    0x08008dca   0x08008dca   0x00000002   PAD
    0x08008dcc   0x08008dcc   0x000001cc   Code   RO         5229    x$fpl$dsqrt         fz_ws.l(dsqrt_noumaal.o)
    0x08008f98   0x08008f98   0x000001d4   Code   RO         4970    x$fpl$dsub          fz_ws.l(daddsub_clz.o)
    0x0800916c   0x0800916c   0x00000056   Code   RO         4996    x$fpl$f2d           fz_ws.l(f2d.o)
    0x080091c2   0x080091c2   0x00000002   PAD
    0x080091c4   0x080091c4   0x000000c4   Code   RO         4998    x$fpl$fadd          fz_ws.l(faddsub_clz.o)
    0x08009288   0x08009288   0x00000018   Code   RO         5231    x$fpl$fcmpinf       fz_ws.l(fcmpi.o)
    0x080092a0   0x080092a0   0x00000184   Code   RO         5005    x$fpl$fdiv          fz_ws.l(fdiv.o)
    0x08009424   0x08009424   0x00000068   Code   RO         5008    x$fpl$feqf          fz_ws.l(feqf.o)
    0x0800948c   0x0800948c   0x00000036   Code   RO         5010    x$fpl$ffix          fz_ws.l(ffix.o)
    0x080094c2   0x080094c2   0x00000002   PAD
    0x080094c4   0x080094c4   0x0000003e   Code   RO         5014    x$fpl$ffixu         fz_ws.l(ffixu.o)
    0x08009502   0x08009502   0x00000002   PAD
    0x08009504   0x08009504   0x00000030   Code   RO         5019    x$fpl$fflt          fz_ws.l(fflt_clz.o)
    0x08009534   0x08009534   0x00000026   Code   RO         5018    x$fpl$ffltu         fz_ws.l(fflt_clz.o)
    0x0800955a   0x0800955a   0x00000002   PAD
    0x0800955c   0x0800955c   0x00000068   Code   RO         5024    x$fpl$fleqf         fz_ws.l(fleqf.o)
    0x080095c4   0x080095c4   0x00000102   Code   RO         5026    x$fpl$fmul          fz_ws.l(fmul.o)
    0x080096c6   0x080096c6   0x0000008c   Code   RO         5233    x$fpl$fnaninf       fz_ws.l(fnaninf.o)
    0x08009752   0x08009752   0x0000000a   Code   RO         5235    x$fpl$fretinf       fz_ws.l(fretinf.o)
    0x0800975c   0x0800975c   0x00000062   Code   RO         5028    x$fpl$frleqf        fz_ws.l(frleqf.o)
    0x080097be   0x080097be   0x00000002   PAD
    0x080097c0   0x080097c0   0x00000110   Code   RO         5237    x$fpl$fsqrt         fz_ws.l(fsqrt.o)
    0x080098d0   0x080098d0   0x000000ea   Code   RO         5000    x$fpl$fsub          fz_ws.l(faddsub_clz.o)
    0x080099ba   0x080099ba   0x00000006   Code   RO         5381    x$fpl$ieeestatus    fz_ws.l(istatus.o)
    0x080099c0   0x080099c0   0x00000004   Code   RO         5030    x$fpl$printf1       fz_ws.l(printf1.o)
    0x080099c4   0x080099c4   0x00000004   Code   RO         5239    x$fpl$printf2       fz_ws.l(printf2.o)
    0x080099c8   0x080099c8   0x00000064   Code   RO         5418    x$fpl$retnan        fz_ws.l(retnan.o)
    0x08009a2c   0x08009a2c   0x0000005c   Code   RO         5245    x$fpl$scalbn        fz_ws.l(scalbn.o)
    0x08009a88   0x08009a88   0x00000004   Code   RO         5383    x$fpl$scanf1        fz_ws.l(scanf1.o)
    0x08009a8c   0x08009a8c   0x00000008   Code   RO         5459    x$fpl$scanf2        fz_ws.l(scanf2.o)
    0x08009a94   0x08009a94   0x00000030   Code   RO         5465    x$fpl$trapveneer    fz_ws.l(trapv.o)
    0x08009ac4   0x08009ac4   0x00000000   Code   RO         5247    x$fpl$usenofp       fz_ws.l(usenofp.o)
    0x08009ac4   0x08009ac4   0x00000ab0   Data   RO         3409    .constdata          oled.o
    0x0800a574   0x0800a574   0x00000050   Data   RO         3825    .constdata          inv_mpu.o
    0x0800a5c4   0x0800a5c4   0x00000bf6   Data   RO         4160    .constdata          inv_mpu_dmp_motion_driver.o
    0x0800b1ba   0x0800b1ba   0x00000006   PAD
    0x0800b1c0   0x0800b1c0   0x00000328   Data   RO         4428    .constdata          algorithm.o
    0x0800b4e8   0x0800b4e8   0x00000008   Data   RO         4760    .constdata          780eg.o
    0x0800b4f0   0x0800b4f0   0x00000011   Data   RO         4933    .constdata          c_w.l(__printf_flags_ss_wp.o)
    0x0800b501   0x0800b501   0x00000007   PAD
    0x0800b508   0x0800b508   0x00000050   Data   RO         5034    .constdata          m_ws.l(asin.o)
    0x0800b558   0x0800b558   0x00000008   Data   RO         5119    .constdata          c_w.l(_printf_wctomb.o)
    0x0800b560   0x0800b560   0x00000028   Data   RO         5148    .constdata          c_w.l(_printf_hex_int_ll_ptr.o)
    0x0800b588   0x0800b588   0x00000098   Data   RO         5250    .constdata          m_ws.l(atan.o)
    0x0800b620   0x0800b620   0x00000008   Data   RO         5276    .constdata          m_ws.l(qnan.o)
    0x0800b628   0x0800b628   0x00000026   Data   RO         5324    .constdata          c_w.l(_printf_fp_hex.o)
    0x0800b64e   0x0800b64e   0x00000002   PAD
    0x0800b650   0x0800b650   0x00000094   Data   RO         5335    .constdata          c_w.l(bigflt0.o)
    0x0800b6e4   0x0800b6e4   0x00000020   Data   RO         5527    Region$$Table       anon$$obj.o
    0x0800b704   0x0800b704   0x00000008   Data   RO         5455    c$$dinf             fz_ws.l(fpconst.o)
    0x0800b70c   0x0800b70c   0x00000008   Data   RO         5458    c$$dmax             fz_ws.l(fpconst.o)
    0x0800b714   0x0800b714   0x0000001c   Data   RO         5361    locale$$data        c_w.l(lc_numeric_c.o)
    0x0800b730   0x0800b730   0x00000110   Data   RO         5428    locale$$data        c_w.l(lc_ctype_c.o)


    Execution Region RW_IRAM1 (Exec base: 0x20000000, Load base: 0x0800b840, Size: 0x00002910, Max: 0x00005000, ABSOLUTE)

    Exec Addr    Load Addr    Size         Type   Attr      Idx    E Section Name        Object

    0x20000000   0x0800b840   0x00000014   Data   RW         1805    .data               stm32f10x_rcc.o
    0x20000014   0x0800b854   0x00000002   Data   RW         3293    .data               mq-2.o
    0x20000016   0x0800b856   0x00000002   PAD
    0x20000018   0x0800b858   0x00000020   Data   RW         3581    .data               main.o
    0x20000038   0x0800b878   0x00000035   Data   RW         3826    .data               inv_mpu.o
    0x2000006d   0x0800b8ad   0x00000003   PAD
    0x20000070   0x0800b8b0   0x0000001c   Data   RW         4493    .data               blood.o
    0x2000008c   0x0800b8cc   0x00000004   Data   RW         4537    .data               max30102.o
    0x20000090   0x0800b8d0   0x00000001   Data   RW         4585    .data               xiic.o
    0x20000091   0x0800b8d1   0x00000001   PAD
    0x20000092   0x0800b8d2   0x00000004   Data   RW         4761    .data               780eg.o
    0x20000096   0x0800b8d6   0x00000002   PAD
    0x20000098   0x0800b8d8   0x00000004   Data   RW         4940    .data               c_w.l(strtok.o)
    0x2000009c        -       0x00000010   Zero   RW         4159    .bss                inv_mpu_dmp_motion_driver.o
    0x200000ac        -       0x00002100   Zero   RW         4492    .bss                blood.o
    0x200021ac        -       0x00000100   Zero   RW         4759    .bss                780eg.o
    0x200022ac        -       0x00000060   Zero   RW         5280    .bss                c_w.l(libspace.o)
    0x2000230c   0x0800b8dc   0x00000004   PAD
    0x20002310        -       0x00000200   Zero   RW            2    HEAP                startup_stm32f10x_md.o
    0x20002510        -       0x00000400   Zero   RW            1    STACK               startup_stm32f10x_md.o


==============================================================================

Image component sizes


      Code (inc. data)   RO Data    RW Data    ZI Data      Debug   Object Name

      1836        718          8          4        256       8929   780eg.o
      1318         60        808          0          0       6091   algorithm.o
      1532        164          0         28       8448       8096   blood.o
         0          0          0          0          0       4500   core_cm3.o
        70          0          0          0          0        962   delay.o
      6686        214         80         53          0      29878   inv_mpu.o
      3092        124       3062          0         16      20150   inv_mpu_dmp_motion_driver.o
       636        168          0         32          0       2045   main.o
       510         20          0          4          0       3116   max30102.o
       132         22          0          0          0     204851   misc.o
       160          0          0          0          0       1795   mpu6050.o
       540         74          0          0          0       4892   mpu6050_i2c.o
        56         10          0          2          0        718   mq-2.o
       470         22       2736          0          0       5618   oled.o
        64         26        236          0       1536        828   startup_stm32f10x_md.o
         0          0          0          0          0       1676   stm32f10x_adc.o
        52         12          0          0          0       1100   stm32f10x_exti.o
       314          0          0          0          0      12472   stm32f10x_gpio.o
        26          0          0          0          0       3918   stm32f10x_it.o
       276         32          0         20          0      13094   stm32f10x_rcc.o
       264         42          0          0          0      24804   stm32f10x_tim.o
       450          6          0          0          0      12059   stm32f10x_usart.o
       196          4          0          0          0       3639   sys.o
       328         28          0          0          0      45373   system_stm32f10x.o
       246          4          0          0          0       1148   timer.o
       498         24          0          0          0       4249   usart.o
       832         48          0          1          0       6392   xiic.o

    ----------------------------------------------------------------------
     20606       1822       6968        152      10256     432393   Object Totals
         0          0         32          0          0          0   (incl. Generated)
        22          0          6          8          0          0   (incl. Padding)

    ----------------------------------------------------------------------

      Code (inc. data)   RO Data    RW Data    ZI Data      Debug   Library Member Name

        44          6          0          0          0         84   __2sprintf.o
         8          0          0          0          0         68   __main.o
       392          4         17          0          0         92   __printf_flags_ss_wp.o
        14          0          0          0          0         68   __printf_wp.o
         0          0          0          0          0          0   __rtentry.o
        12          0          0          0          0          0   __rtentry2.o
         6          0          0          0          0          0   __rtentry4.o
        52          8          0          0          0          0   __scatter.o
        26          0          0          0          0          0   __scatter_copy.o
        28          0          0          0          0          0   __scatter_zi.o
        28          0          0          0          0         68   _chval.o
         6          0          0          0          0          0   _printf_a.o
         6          0          0          0          0          0   _printf_c.o
        44          0          0          0          0        108   _printf_char.o
        48          6          0          0          0         96   _printf_char_common.o
        40          0          0          0          0         68   _printf_charcount.o
         6          0          0          0          0          0   _printf_d.o
       120         16          0          0          0         92   _printf_dec.o
         6          0          0          0          0          0   _printf_e.o
         6          0          0          0          0          0   _printf_f.o
      1054          0          0          0          0        216   _printf_fp_dec.o
       764          8         38          0          0        100   _printf_fp_hex.o
       128         16          0          0          0         84   _printf_fp_infnan.o
         6          0          0          0          0          0   _printf_g.o
       148          4         40          0          0        160   _printf_hex_int_ll_ptr.o
         6          0          0          0          0          0   _printf_i.o
       178          0          0          0          0         88   _printf_intcommon.o
        10          0          0          0          0          0   _printf_l.o
         6          0          0          0          0          0   _printf_lc.o
        10          0          0          0          0          0   _printf_ll.o
         6          0          0          0          0          0   _printf_lld.o
         6          0          0          0          0          0   _printf_lli.o
         6          0          0          0          0          0   _printf_llo.o
         6          0          0          0          0          0   _printf_llu.o
         6          0          0          0          0          0   _printf_llx.o
       124         16          0          0          0         92   _printf_longlong_dec.o
         6          0          0          0          0          0   _printf_ls.o
         6          0          0          0          0          0   _printf_n.o
         6          0          0          0          0          0   _printf_o.o
       112         10          0          0          0        124   _printf_oct_int_ll.o
         6          0          0          0          0          0   _printf_p.o
        78          0          0          0          0        108   _printf_pad.o
         0          0          0          0          0          0   _printf_percent.o
         4          0          0          0          0          0   _printf_percent_end.o
         6          0          0          0          0          0   _printf_s.o
        82          0          0          0          0         80   _printf_str.o
        36          0          0          0          0         84   _printf_truncate.o
         6          0          0          0          0          0   _printf_u.o
        44          0          0          0          0        108   _printf_wchar.o
       188          6          8          0          0         92   _printf_wctomb.o
         6          0          0          0          0          0   _printf_x.o
        22          0          0          0          0        100   _rserrno.o
        64          0          0          0          0         84   _sgetc.o
        16          0          0          0          0         68   _snputc.o
        10          0          0          0          0         68   _sputc.o
        64          0          0          0          0         92   _wcrtomb.o
        16          0          0          0          0         68   aeabi_memset.o
       228          4        148          0          0         96   bigflt0.o
      2152        136          0          0          0        960   btod.o
        18          0          0          0          0         80   exit.o
         6          0          0          0          0        152   heapauxi.o
         0          0          0          0          0          0   indicate_semi.o
        18          0          0          0          0         76   isspace.o
        44         10        272          0          0         76   lc_ctype_c.o
        44         10         28          0          0         76   lc_numeric_c.o
         2          0          0          0          0          0   libinit.o
        30          0          0          0          0          0   libinit2.o
         2          0          0          0          0          0   libshutdown.o
         2          0          0          0          0          0   libshutdown2.o
         8          4          0          0         96         68   libspace.o
        72          0          0          0          0         76   llsdiv.o
        38          0          0          0          0         68   llshl.o
       138          0          0          0          0         80   lludiv10.o
       238          0          0          0          0        100   lludivv7m.o
        88          0          0          0          0         76   memcmp.o
        16          4          0          0          0         76   rt_ctype_table.o
         8          4          0          0          0         68   rt_errno_addr_intlibspace.o
         8          4          0          0          0         68   rt_locale_intlibspace.o
        68          0          0          0          0         68   rt_memclr.o
        78          0          0          0          0         80   rt_memclr_w.o
       138          0          0          0          0         68   rt_memcpy_v6.o
       100          0          0          0          0         80   rt_memcpy_w.o
         2          0          0          0          0          0   rtexit.o
        10          0          0          0          0          0   rtexit2.o
      1272         16          0          0          0        168   scanf_fp.o
       800         14          0          0          0        100   scanf_hexfp.o
       308         16          0          0          0        100   scanf_infnan.o
       128          0          0          0          0         68   strcmpv7m.o
        72          0          0          0          0         80   strcpy.o
        32          0          0          0          0         80   strcspn.o
        62          0          0          0          0         76   strlen.o
        28          0          0          0          0         80   strspn.o
        36          0          0          0          0         80   strstr.o
       164         14          0          0          0        120   strtod.o
        12          6          0          4          0         68   strtok.o
        68          4          0          0          0         84   strtok_int.o
        12          4          0          0          0         68   sys_exit.o
        74          0          0          0          0         80   sys_stackheap_outer.o
         2          0          0          0          0         68   use_no_semi.o
        52          4          0          0          0         80   vsnprintf.o
        98          4          0          0          0         92   d2f.o
       826         16          0          0          0        348   daddsub_clz.o
        16          4          0          0          0         68   dcheck1.o
        24          0          0          0          0         68   dcmpi.o
       688        140          0          0          0        208   ddiv.o
       120          4          0          0          0         92   deqf.o
        94          4          0          0          0         92   dfix.o
        84          0          0          0          0        136   dflt_clz.o
       120          4          0          0          0         92   dleqf.o
       340         12          0          0          0        104   dmul.o
       156          4          0          0          0         92   dnaninf.o
        12          0          0          0          0         68   dretinf.o
       108          0          0          0          0         80   drleqf.o
       460         56          0          0          0        120   dsqrt_noumaal.o
        86          4          0          0          0         84   f2d.o
       430          8          0          0          0        168   faddsub_clz.o
        24          0          0          0          0         68   fcmpi.o
       388         76          0          0          0         96   fdiv.o
       104          4          0          0          0         84   feqf.o
        54          4          0          0          0         84   ffix.o
        62          4          0          0          0         84   ffixu.o
        86          0          0          0          0        136   fflt_clz.o
       104          4          0          0          0         84   fleqf.o
       258          4          0          0          0         84   fmul.o
       140          4          0          0          0         84   fnaninf.o
         0          0         16          0          0          0   fpconst.o
        10          0          0          0          0         68   fretinf.o
        98          0          0          0          0         68   frleqf.o
       272        100          0          0          0         88   fsqrt.o
         6          0          0          0          0         68   istatus.o
         4          0          0          0          0         68   printf1.o
         4          0          0          0          0         68   printf2.o
       100          0          0          0          0         68   retnan.o
        92          0          0          0          0         68   scalbn.o
         4          0          0          0          0         68   scanf1.o
         8          0          0          0          0         84   scanf2.o
        48          0          0          0          0         68   trapv.o
         0          0          0          0          0          0   usenofp.o
       624         52         80          0          0        168   asin.o
       544         70        152          0          0        124   atan.o
       384         38          0          0          0        144   atan2.o
        42          0          0          0          0         84   atof.o
        52          6          0          0          0        340   dunder.o
        40          0          0          0          0         68   fpclassify.o
        88          8          0          0          0         76   frexp.o
       138          0          0          0          0        160   ldexp.o
       204          4          0          0          0        168   narrow.o
       170          0          0          0          0         96   poly.o
         0          0          8          0          0          0   qnan.o
        76          0          0          0          0         84   sqrt.o
        44          0          0          0          0         80   sqrtf.o

    ----------------------------------------------------------------------
     18778        994        816          4        100      11544   Library Totals
        32          2          9          0          4          0   (incl. Padding)

    ----------------------------------------------------------------------

      Code (inc. data)   RO Data    RW Data    ZI Data      Debug   Library Name

     10812        354        551          4         96       6452   c_w.l
      5528        460         16          0          0       3500   fz_ws.l
      2406        178        240          0          0       1592   m_ws.l

    ----------------------------------------------------------------------
     18778        994        816          4        100      11544   Library Totals

    ----------------------------------------------------------------------

==============================================================================


      Code (inc. data)   RO Data    RW Data    ZI Data      Debug   

     39384       2816       7784        156      10356     429009   Grand Totals
     39384       2816       7784        156      10356     429009   ELF Image Totals
     39384       2816       7784        156          0          0   ROM Totals

==============================================================================

    Total RO  Size (Code + RO Data)                47168 (  46.06kB)
    Total RW  Size (RW Data + ZI Data)             10512 (  10.27kB)
    Total ROM Size (Code + RO Data + RW Data)      47324 (  46.21kB)

==============================================================================

